Archive member included to satisfy reference by file (symbol)

/Applications/VEXcode Pro V5.app/Contents/Resources/sdk/vexv5/libv5rt.a(v5_startup.c.obj)
                              (vexStartup)
/Applications/VEXcode Pro V5.app/Contents/Resources/sdk/vexv5/libv5rt.a(v5_util.c.obj)
                              /Applications/VEXcode Pro V5.app/Contents/Resources/sdk/vexv5/libv5rt.a(v5_startup.c.obj) (vexStdlibVersionLinked)
/Applications/VEXcode Pro V5.app/Contents/Resources/sdk/vexv5/libv5rt.a(v5_apijump.c.obj)
                              /Applications/VEXcode Pro V5.app/Contents/Resources/sdk/vexv5/libv5rt.a(v5_startup.c.obj) (vexPrivateApiEnable)
/Applications/VEXcode Pro V5.app/Contents/Resources/sdk/vexv5/libv5rt.a(v5_apiversions.c.obj)
                              /Applications/VEXcode Pro V5.app/Contents/Resources/sdk/vexv5/libv5rt.a(v5_apijump.c.obj) (vexSystemVersion)
/Applications/VEXcode Pro V5.app/Contents/Resources/sdk/vexv5/libv5rt.a(vex_global.cpp.obj)
                              build/src/dashboard.o (vex::mono12)
/Applications/VEXcode Pro V5.app/Contents/Resources/sdk/vexv5/libv5rt.a(vex_device.cpp.obj)
                              build/src/ai_robot_link.o (vex::device::value())
/Applications/VEXcode Pro V5.app/Contents/Resources/sdk/vexv5/libv5rt.a(vex_motor.cpp.obj)
                              build/src/robot-config.o (vex::motor::~motor())
/Applications/VEXcode Pro V5.app/Contents/Resources/sdk/vexv5/libv5rt.a(vex_controller.cpp.obj)
                              build/src/robot-config.o (vex::controller::~controller())
/Applications/VEXcode Pro V5.app/Contents/Resources/sdk/vexv5/libv5rt.a(vex_thread.cpp.obj)
                              build/src/main.o (vex::thread::thread(int (*)()))
/Applications/VEXcode Pro V5.app/Contents/Resources/sdk/vexv5/libv5rt.a(vex_event.cpp.obj)
                              /Applications/VEXcode Pro V5.app/Contents/Resources/sdk/vexv5/libv5rt.a(vex_controller.cpp.obj) (vex::event::init(unsigned long, unsigned long, void (*)()))
/Applications/VEXcode Pro V5.app/Contents/Resources/sdk/vexv5/libv5rt.a(vex_mevent.cpp.obj)
                              /Applications/VEXcode Pro V5.app/Contents/Resources/sdk/vexv5/libv5rt.a(vex_controller.cpp.obj) (vex::mevent::mevent(unsigned long, unsigned long))
/Applications/VEXcode Pro V5.app/Contents/Resources/sdk/vexv5/libv5rt.a(vex_brain.cpp.obj)
                              build/src/dashboard.o (vex::brain::lcd::setFont(vex::fontType))
/Applications/VEXcode Pro V5.app/Contents/Resources/sdk/vexv5/libv5rt.a(vex_competition.cpp.obj)
                              build/src/main.o (vex::competition::competition())
/Applications/VEXcode Pro V5.app/Contents/Resources/sdk/vexv5/libv5rt.a(vex_triport.cpp.obj)
                              /Applications/VEXcode Pro V5.app/Contents/Resources/sdk/vexv5/libv5rt.a(vex_brain.cpp.obj) (vex::triport::~triport())
/Applications/VEXcode Pro V5.app/Contents/Resources/sdk/vexv5/libv5rt.a(vex_color.cpp.obj)
                              build/src/dashboard.o (vex::color::~color())
/Applications/VEXcode Pro V5.app/Contents/Resources/sdk/vexv5/libv5rt.a(vex_timer.cpp.obj)
                              build/src/ai_jetson.o (vex::timer::~timer())
/Applications/VEXcode Pro V5.app/Contents/Resources/sdk/vexv5/libv5rt.a(vex_motorgroup.cpp.obj)
                              build/src/robot-config.o (vex::motor_group::motor_group())
/Applications/VEXcode Pro V5.app/Contents/Resources/sdk/vexv5/libv5rt.a(vex_drivetrain.cpp.obj)
                              build/src/robot-config.o (vex::drivetrain::~drivetrain())
/Applications/VEXcode Pro V5.app/Contents/Resources/sdk/vexv5/libv5rt.a(vex_vexlink.cpp.obj)
                              build/src/ai_robot_link.o (vex::serial_link::~serial_link())
/Applications/VEXcode Pro V5.app/Contents/Resources/sdk/vexv5/libv5rt.a(v5_apiuser.c.obj)
                              /Applications/VEXcode Pro V5.app/Contents/Resources/sdk/vexv5/libv5rt.a(vex_triport.cpp.obj) (vexAdiPortConfigSet)
/Applications/VEXcode Pro V5.app/Contents/Resources/sdk/vexv5/libv5rt.a(vex_task.cpp.obj)
                              /Applications/VEXcode Pro V5.app/Contents/Resources/sdk/vexv5/libv5rt.a(vex_competition.cpp.obj) (vex::task::task(int (*)()))
/Applications/VEXcode Pro V5.app/Contents/Resources/sdk/vexv5/gcc/libs/libc.a(lib_a-aeabi_memclr.o)
                              build/src/ai_jetson.o (__aeabi_memclr4)
/Applications/VEXcode Pro V5.app/Contents/Resources/sdk/vexv5/gcc/libs/libc.a(lib_a-aeabi_memcpy.o)
                              build/src/ai_jetson.o (__aeabi_memcpy)
/Applications/VEXcode Pro V5.app/Contents/Resources/sdk/vexv5/gcc/libs/libc.a(lib_a-aeabi_memmove-soft.o)
                              build/src/main.o (__aeabi_memmove4)
/Applications/VEXcode Pro V5.app/Contents/Resources/sdk/vexv5/gcc/libs/libc.a(lib_a-aeabi_memset-soft.o)
[...]
Memory Configuration

Name             Origin             Length             Attributes
ps7_ddr_0_S_AXI_BASEADDR 0x0000000003800000 0x0000000004800000
*default*        0x0000000000000000 0xffffffffffffffff

Linker script and memory map

                0x0000000000002000                _STACK_SIZE = DEFINED (_STACK_SIZE)?_STACK_SIZE:0x2000
                0x0000000000100000                _HEAP_SIZE = DEFINED (_HEAP_SIZE)?_HEAP_SIZE:0x100000
                0x0000000000000400                _ABORT_STACK_SIZE = DEFINED (_ABORT_STACK_SIZE)?_ABORT_STACK_SIZE:0x400
                0x0000000000000800                _SUPERVISOR_STACK_SIZE = DEFINED (_SUPERVISOR_STACK_SIZE)?_SUPERVISOR_STACK_SIZE:0x800
                0x0000000000000400                _IRQ_STACK_SIZE = DEFINED (_IRQ_STACK_SIZE)?_IRQ_STACK_SIZE:0x400
                0x0000000000000400                _FIQ_STACK_SIZE = DEFINED (_FIQ_STACK_SIZE)?_FIQ_STACK_SIZE:0x400
                0x0000000000000400                _UNDEF_STACK_SIZE = DEFINED (_UNDEF_STACK_SIZE)?_UNDEF_STACK_SIZE:0x400

.text           0x0000000003800000     0x5f20
 *(.vectors)
 *(.boot_data)
 .boot_data     0x0000000003800000       0x20 /Applications/VEXcode Pro V5.app/Contents/Resources/sdk/vexv5/libv5rt.a(v5_startup.c.obj)
                0x0000000003800000                vexCodeSig
                0x0000000000000020                . = 0x20
 *(.boot)
 .boot          0x0000000003800020       0xbc /Applications/VEXcode Pro V5.app/Contents/Resources/sdk/vexv5/libv5rt.a(v5_startup.c.obj)
                0x0000000003800020                vexStartup
                0x0000000003800100                . = ALIGN (0x40)
 *fill*         0x00000000038000dc       0x24 
 *(.freertos_vectors)
 *(.text)
 .text          0x0000000003800100       0x9a /Applications/VEXcode Pro V5.app/Contents/Resources/sdk/vexv5/gcc/libs/libc.a(lib_a-aeabi_memset-soft.o)
                0x0000000003800100                __aeabi_memset4
                0x0000000003800100                __aeabi_memset8
                0x0000000003800100                __aeabi_memset
 *(.text.*)
 *fill*         0x000000000380019a        0x2 
 .text._ZN2ai6jetsonC2Ev
                0x000000000380019c       0x60 build/src/ai_jetson.o
                0x000000000380019c                ai::jetson::jetson()
                0x000000000380019c                ai::jetson::jetson()
 .text._ZN2ai6jetson12receive_taskEPv
                0x00000000038001fc       0x8c build/src/ai_jetson.o
                0x00000000038001fc                ai::jetson::receive_task(void*)
 .text._ZN2ai6jetsonD2Ev
                0x0000000003800288       0x28 build/src/ai_jetson.o
                0x0000000003800288                ai::jetson::~jetson()
                0x0000000003800288                ai::jetson::~jetson()
 .text._ZN2ai6jetson11get_packetsEv
                0x00000000038002b0        0x8 build/src/ai_jetson.o
                0x00000000038002b0                ai::jetson::get_packets()
 .text._ZN2ai6jetson10get_errorsEv
                0x00000000038002b8        0x8 build/src/ai_jetson.o
                0x00000000038002b8                ai::jetson::get_errors()
 .text._ZN2ai6jetson12get_timeoutsEv
                0x00000000038002c0        0x8 build/src/ai_jetson.o
                0x00000000038002c0                ai::jetson::get_timeouts()
 .text._ZN2ai6jetson9get_totalEv
                0x00000000038002c8        0x8 build/src/ai_jetson.o
                0x00000000038002c8                ai::jetson::get_total()
 .text._ZN2ai6jetson8get_dataEP10MAP_RECORD
                0x00000000038002d0      0x1c0 build/src/ai_jetson.o
                0x00000000038002d0                ai::jetson::get_data(MAP_RECORD*)
 .text._ZN2ai6jetson5crc32EPhmm
                0x0000000003800490       0x84 build/src/ai_jetson.o
                0x0000000003800490                ai::jetson::crc32(unsigned char*, unsigned long, unsigned long)
 .text._ZN2ai6jetson5parseEh
                0x0000000003800514      0x33c build/src/ai_jetson.o
                0x0000000003800514                ai::jetson::parse(unsigned char)
 .text._ZN2ai6jetson11request_mapEv
                0x0000000003800850       0x88 build/src/ai_jetson.o
                0x0000000003800850                ai::jetson::request_map()
 .text._ZN2ai10robot_linkC2ElPKcN3vex8linkTypeE
                0x00000000038008d8       0x98 build/src/ai_robot_link.o
                0x00000000038008d8                ai::robot_link::robot_link(long, char const*, vex::linkType)
                0x00000000038008d8                ai::robot_link::robot_link(long, char const*, vex::linkType)
 .text._ZN2ai10robot_link7tx_taskEPv
                0x0000000003800970       0xe0 build/src/ai_robot_link.o
                0x0000000003800970                ai::robot_link::tx_task(void*)
 .text._ZN2ai10robot_link7rx_taskEPv
                0x0000000003800a50       0x8c build/src/ai_robot_link.o
                0x0000000003800a50                ai::robot_link::rx_task(void*)
 .text._ZN2ai10robot_linkD2Ev
                0x0000000003800adc       0x4c build/src/ai_robot_link.o
                0x0000000003800adc                ai::robot_link::~robot_link()
                0x0000000003800adc                ai::robot_link::~robot_link()
 .text._ZN2ai10robot_linkD0Ev
                0x0000000003800b28       0x14 build/src/ai_robot_link.o
                0x0000000003800b28                ai::robot_link::~robot_link()
 .text._ZN2ai10robot_link11get_packetsEv
                0x0000000003800b3c        0x8 build/src/ai_robot_link.o
                0x0000000003800b3c                ai::robot_link::get_packets()
 .text._ZN2ai10robot_link10get_errorsEv
                0x0000000003800b44        0x8 build/src/ai_robot_link.o
                0x0000000003800b44                ai::robot_link::get_errors()
 .text._ZN2ai10robot_link12get_timeoutsEv
                0x0000000003800b4c        0x8 build/src/ai_robot_link.o
                0x0000000003800b4c                ai::robot_link::get_timeouts()
 .text._ZN2ai10robot_link9get_totalEv
                0x0000000003800b54        0x8 build/src/ai_robot_link.o
                0x0000000003800b54                ai::robot_link::get_total()
 .text._ZN2ai10robot_link18get_local_locationERfS1_S1_
                0x0000000003800b5c       0x7c build/src/ai_robot_link.o
                0x0000000003800b5c                ai::robot_link::get_local_location(float&, float&, float&)
 .text._ZN2ai10robot_link19get_remote_locationERfS1_S1_
                0x0000000003800bd8       0x7c build/src/ai_robot_link.o
                0x0000000003800bd8                ai::robot_link::get_remote_location(float&, float&, float&)
 .text._ZN2ai10robot_link7processEh
                0x0000000003800c54      0x25c build/src/ai_robot_link.o
                0x0000000003800c54                ai::robot_link::process(unsigned char)
 .text._ZN11ballStorageC2Ev
                0x0000000003800eb0        0x4 build/src/ballStorage.o
                0x0000000003800eb0                ballStorage::ballStorage()
                0x0000000003800eb0                ballStorage::ballStorage()
 .text._ZN11ballStorage6intakeEd
                0x0000000003800eb4       0x50 build/src/ballStorage.o
                0x0000000003800eb4                ballStorage::intake(double)
 .text._ZN11ballStorage5shootEd
                0x0000000003800f04       0x50 build/src/ballStorage.o
                0x0000000003800f04                ballStorage::shoot(double)
 .text._GLOBAL__sub_I_ballStorage.cpp
                0x0000000003800f54       0x2c build/src/ballStorage.o
 .text._Z13dashboardTaskv
                0x0000000003800f80      0x8ac build/src/dashboard.o
                0x0000000003800f80                dashboardTask()
 *fill*         0x000000000380182c        0x4 
 .text._Z5scorev
                0x0000000003801830       0x58 build/src/main.o
                0x0000000003801830                score()
 .text._Z6intakev
                0x0000000003801888       0x70 build/src/main.o
                0x0000000003801888                intake()
 .text._Z14auto_Isolationv
                0x00000000038018f8      0x370 build/src/main.o
                0x00000000038018f8                auto_Isolation()
 .text._Z14autonomousMainv
                0x0000000003801c68       0x20 build/src/main.o
                0x0000000003801c68                autonomousMain()
 .text.main     0x0000000003801c88       0xf0 build/src/main.o
                0x0000000003801c88                main
 .text._GLOBAL__sub_I_main.cpp
                0x0000000003801d78       0xc8 build/src/main.o
 .text._Z11vexcodeInitv
                0x0000000003801e40        0x4 build/src/robot-config.o
                0x0000000003801e40                vexcodeInit()
 .text._GLOBAL__sub_I_robot_config.cpp
                0x0000000003801e44      0x334 build/src/robot-config.o
 .text._ZN9tankDriveC2Ev
                0x0000000003802178        0x4 build/src/tankdrive.o
                0x0000000003802178                tankDrive::tankDrive()
                0x0000000003802178                tankDrive::tankDrive()
 .text._ZN9tankDrive5driveEdd
                0x000000000380217c       0x60 build/src/tankdrive.o
                0x000000000380217c                tankDrive::drive(double, double)
 *fill*         0x00000000038021dc        0x4 
 .text._ZN9tankDrive5driveEd
                0x00000000038021e0       0xf8 build/src/tankdrive.o
                0x00000000038021e0                tankDrive::drive(double)
 .text._ZN9tankDrive6rotateEd
                0x00000000038022d8      0x148 build/src/tankdrive.o
                0x00000000038022d8                tankDrive::rotate(double)
 .text._ZN9tankDrive12angleBetweenEdddd
                0x0000000003802420      0x108 build/src/tankdrive.o
                0x0000000003802420                tankDrive::angleBetween(double, double, double, double)
 .text._GLOBAL__sub_I_tankdrive.cpp
                0x0000000003802528       0x2c build/src/tankdrive.o
 .text.vexMain  0x0000000003802554       0xb0 /Applications/VEXcode Pro V5.app/Contents/Resources/sdk/vexv5/libv5rt.a(v5_startup.c.obj)
                0x0000000003802554                vexMain
 .text.__vex_function_prolog
                0x0000000003802604       0x18 /Applications/VEXcode Pro V5.app/Contents/Resources/sdk/vexv5/libv5rt.a(v5_startup.c.obj)
                0x0000000003802604                __vex_function_prolog
 .text._init    0x000000000380261c        0x4 /Applications/VEXcode Pro V5.app/Contents/Resources/sdk/vexv5/libv5rt.a(v5_startup.c.obj)
                0x000000000380261c                _init
 .text._fini    0x0000000003802620        0x4 /Applications/VEXcode Pro V5.app/Contents/Resources/sdk/vexv5/libv5rt.a(v5_startup.c.obj)
                0x0000000003802620                _fini
 .text.vexStdlibVersionLinked
                0x0000000003802624        0xc /Applications/VEXcode Pro V5.app/Contents/Resources/sdk/vexv5/libv5rt.a(v5_util.c.obj)
                0x0000000003802624                vexStdlibVersionLinked
 .text.vexStdlibVersionVerify
                0x0000000003802630       0x30 /Applications/VEXcode Pro V5.app/Contents/Resources/sdk/vexv5/libv5rt.a(v5_util.c.obj)
                0x0000000003802630                vexStdlibVersionVerify
 .text.vexPrivateApiEnable
                0x0000000003802660       0x10 /Applications/VEXcode Pro V5.app/Contents/Resources/sdk/vexv5/libv5rt.a(v5_apijump.c.obj)
                0x0000000003802660                vexPrivateApiEnable
 .text.vexStdlibMismatchError
                0x0000000003802670       0x3c /Applications/VEXcode Pro V5.app/Contents/Resources/sdk/vexv5/libv5rt.a(v5_apijump.c.obj)
                0x0000000003802670                vexStdlibMismatchError
 .text.vexTaskAdd
                0x00000000038026ac       0x10 /Applications/VEXcode Pro V5.app/Contents/Resources/sdk/vexv5/libv5rt.a(v5_apijump.c.obj)
                0x00000000038026ac                vexTaskAdd
 .text.vexTasksRun
                0x00000000038026bc       0x10 /Applications/VEXcode Pro V5.app/Contents/Resources/sdk/vexv5/libv5rt.a(v5_apijump.c.obj)
                0x00000000038026bc                vexTasksRun
 .text.vexTaskYield
                0x00000000038026cc       0x10 /Applications/VEXcode Pro V5.app/Contents/Resources/sdk/vexv5/libv5rt.a(v5_apijump.c.obj)
                0x00000000038026cc                vexTaskYield
 .text.vexTaskCheckTimeslice
                0x00000000038026dc       0x10 /Applications/VEXcode Pro V5.app/Contents/Resources/sdk/vexv5/libv5rt.a(v5_apijump.c.obj)
                0x00000000038026dc                vexTaskCheckTimeslice
 .text.vexTaskSleep
                0x00000000038026ec       0x10 /Applications/VEXcode Pro V5.app/Contents/Resources/sdk/vexv5/libv5rt.a(v5_apijump.c.obj)
                0x00000000038026ec                vexTaskSleep
 .text.vexSemaphoreInit
                0x00000000038026fc       0x24 /Applications/VEXcode Pro V5.app/Contents/Resources/sdk/vexv5/libv5rt.a(v5_apijump.c.obj)
                0x00000000038026fc                vexSemaphoreInit
 .text.vexSemaphoreLock
                0x0000000003802720       0x2c /Applications/VEXcode Pro V5.app/Contents/Resources/sdk/vexv5/libv5rt.a(v5_apijump.c.obj)
                0x0000000003802720                vexSemaphoreLock
 .text.vexSemaphoreUnlock
                0x000000000380274c       0x24 /Applications/VEXcode Pro V5.app/Contents/Resources/sdk/vexv5/libv5rt.a(v5_apijump.c.obj)
                0x000000000380274c                vexSemaphoreUnlock
 .text.vexTasksDump
                0x0000000003802770       0x1c /Applications/VEXcode Pro V5.app/Contents/Resources/sdk/vexv5/libv5rt.a(v5_apijump.c.obj)
                0x0000000003802770                vexTasksDump
 .text.vexTaskGetTaskIndex
                0x000000000380278c       0x10 /Applications/VEXcode Pro V5.app/Contents/Resources/sdk/vexv5/libv5rt.a(v5_apijump.c.obj)
                0x000000000380278c                vexTaskGetTaskIndex
 .text.vexTaskStopAll
                0x000000000380279c       0x10 /Applications/VEXcode Pro V5.app/Contents/Resources/sdk/vexv5/libv5rt.a(v5_apijump.c.obj)
                0x000000000380279c                vexTaskStopAll
 .text.vexTaskRemoveAllUser
                0x00000000038027ac       0x34 /Applications/VEXcode Pro V5.app/Contents/Resources/sdk/vexv5/libv5rt.a(v5_apijump.c.obj)
                0x00000000038027ac                vexTaskRemoveAllUser
 .text.vexTaskCompletionIdSet
                0x00000000038027e0       0x10 /Applications/VEXcode Pro V5.app/Contents/Resources/sdk/vexv5/libv5rt.a(v5_apijump.c.obj)
                0x00000000038027e0                vexTaskCompletionIdSet
 .text.vexTaskAddWithArg
                0x00000000038027f0       0x10 /Applications/VEXcode Pro V5.app/Contents/Resources/sdk/vexv5/libv5rt.a(v5_apijump.c.obj)
                0x00000000038027f0                vexTaskAddWithArg
 .text.vexTaskStopWithId
                0x0000000003802800       0x10 /Applications/VEXcode Pro V5.app/Contents/Resources/sdk/vexv5/libv5rt.a(v5_apijump.c.obj)
                0x0000000003802800                vexTaskStopWithId
 .text.vexTaskPrioritySetWithId
                0x0000000003802810       0x10 /Applications/VEXcode Pro V5.app/Contents/Resources/sdk/vexv5/libv5rt.a(v5_apijump.c.obj)
                0x0000000003802810                vexTaskPrioritySetWithId
 .text.vexCriticalSection
                0x0000000003802820       0x2c /Applications/VEXcode Pro V5.app/Contents/Resources/sdk/vexv5/libv5rt.a(v5_apijump.c.obj)
                0x0000000003802820                vexCriticalSection
 .text.vexEventAdd
                0x000000000380284c       0x34 /Applications/VEXcode Pro V5.app/Contents/Resources/sdk/vexv5/libv5rt.a(v5_apijump.c.obj)
                0x000000000380284c                vexEventAdd
 .text.vexEventUserIndexGet
                0x0000000003802880       0x1c /Applications/VEXcode Pro V5.app/Contents/Resources/sdk/vexv5/libv5rt.a(v5_apijump.c.obj)
                0x0000000003802880                vexEventUserIndexGet
 .text.vexEventAddWithArg
                0x000000000380289c       0x3c /Applications/VEXcode Pro V5.app/Contents/Resources/sdk/vexv5/libv5rt.a(v5_apijump.c.obj)
                0x000000000380289c                vexEventAddWithArg
 .text.vexEventsCleanup
                0x00000000038028d8       0x2c /Applications/VEXcode Pro V5.app/Contents/Resources/sdk/vexv5/libv5rt.a(v5_apijump.c.obj)
                0x00000000038028d8                vexEventsCleanup
 .text.vexDebug
                0x0000000003802904       0x38 /Applications/VEXcode Pro V5.app/Contents/Resources/sdk/vexv5/libv5rt.a(v5_apijump.c.obj)
                0x0000000003802904                vexDebug
 .text.vex_sprintf
                0x000000000380293c       0x40 /Applications/VEXcode Pro V5.app/Contents/Resources/sdk/vexv5/libv5rt.a(v5_apijump.c.obj)
                0x000000000380293c                vex_sprintf
 .text.vexSystemTimeGet
                0x000000000380297c       0x1c /Applications/VEXcode Pro V5.app/Contents/Resources/sdk/vexv5/libv5rt.a(v5_apijump.c.obj)
                0x000000000380297c                vexSystemTimeGet
 .text.vexSystemExitRequest
                0x0000000003802998       0x1c /Applications/VEXcode Pro V5.app/Contents/Resources/sdk/vexv5/libv5rt.a(v5_apijump.c.obj)
                0x0000000003802998                vexSystemExitRequest
 .text.vexDeviceGetByIndex
                0x00000000038029b4       0x24 /Applications/VEXcode Pro V5.app/Contents/Resources/sdk/vexv5/libv5rt.a(v5_apijump.c.obj)
                0x00000000038029b4                vexDeviceGetByIndex
 .text.vexDeviceMotorVelocitySet
                0x00000000038029d8       0x2c /Applications/VEXcode Pro V5.app/Contents/Resources/sdk/vexv5/libv5rt.a(v5_apijump.c.obj)
                0x00000000038029d8                vexDeviceMotorVelocitySet
 .text.vexDeviceMotorActualVelocityGet
                0x0000000003802a04       0x24 /Applications/VEXcode Pro V5.app/Contents/Resources/sdk/vexv5/libv5rt.a(v5_apijump.c.obj)
                0x0000000003802a04                vexDeviceMotorActualVelocityGet
 .text.vexDeviceMotorZeroPositionFlagGet
                0x0000000003802a28       0x24 /Applications/VEXcode Pro V5.app/Contents/Resources/sdk/vexv5/libv5rt.a(v5_apijump.c.obj)
                0x0000000003802a28                vexDeviceMotorZeroPositionFlagGet
 .text.vexDeviceMotorReverseFlagSet
                0x0000000003802a4c       0x2c /Applications/VEXcode Pro V5.app/Contents/Resources/sdk/vexv5/libv5rt.a(v5_apijump.c.obj)
                0x0000000003802a4c                vexDeviceMotorReverseFlagSet
 .text.vexDeviceMotorEncoderUnitsSet
                0x0000000003802a78       0x2c /Applications/VEXcode Pro V5.app/Contents/Resources/sdk/vexv5/libv5rt.a(v5_apijump.c.obj)
                0x0000000003802a78                vexDeviceMotorEncoderUnitsSet
 .text.vexDeviceMotorBrakeModeSet
                0x0000000003802aa4       0x2c /Applications/VEXcode Pro V5.app/Contents/Resources/sdk/vexv5/libv5rt.a(v5_apijump.c.obj)
                0x0000000003802aa4                vexDeviceMotorBrakeModeSet
 .text.vexDeviceMotorPositionSet
                0x0000000003802ad0       0x34 /Applications/VEXcode Pro V5.app/Contents/Resources/sdk/vexv5/libv5rt.a(v5_apijump.c.obj)
                0x0000000003802ad0                vexDeviceMotorPositionSet
 .text.vexDeviceMotorRelativeTargetSet
                0x0000000003802b04       0x3c /Applications/VEXcode Pro V5.app/Contents/Resources/sdk/vexv5/libv5rt.a(v5_apijump.c.obj)
                0x0000000003802b04                vexDeviceMotorRelativeTargetSet
 .text.vexDeviceMotorGearingSet
                0x0000000003802b40       0x2c /Applications/VEXcode Pro V5.app/Contents/Resources/sdk/vexv5/libv5rt.a(v5_apijump.c.obj)
                0x0000000003802b40                vexDeviceMotorGearingSet
 .text.vexDeviceMotorGearingGet
                0x0000000003802b6c       0x24 /Applications/VEXcode Pro V5.app/Contents/Resources/sdk/vexv5/libv5rt.a(v5_apijump.c.obj)
                0x0000000003802b6c                vexDeviceMotorGearingGet
 .text.vexDisplayForegroundColor
                0x0000000003802b90       0x24 /Applications/VEXcode Pro V5.app/Contents/Resources/sdk/vexv5/libv5rt.a(v5_apijump.c.obj)
                0x0000000003802b90                vexDisplayForegroundColor
 .text.vexDisplayBackgroundColor
                0x0000000003802bb4       0x24 /Applications/VEXcode Pro V5.app/Contents/Resources/sdk/vexv5/libv5rt.a(v5_apijump.c.obj)
                0x0000000003802bb4                vexDisplayBackgroundColor
 .text.vexDisplayBackgroundColorGet
                0x0000000003802bd8       0x1c /Applications/VEXcode Pro V5.app/Contents/Resources/sdk/vexv5/libv5rt.a(v5_apijump.c.obj)
                0x0000000003802bd8                vexDisplayBackgroundColorGet
 .text.vexDisplayRectDraw
                0x0000000003802bf4       0x4c /Applications/VEXcode Pro V5.app/Contents/Resources/sdk/vexv5/libv5rt.a(v5_apijump.c.obj)
                0x0000000003802bf4                vexDisplayRectDraw
 .text.vexDisplayRectClear
                0x0000000003802c40       0x4c /Applications/VEXcode Pro V5.app/Contents/Resources/sdk/vexv5/libv5rt.a(v5_apijump.c.obj)
                0x0000000003802c40                vexDisplayRectClear
 .text.vexDisplayVPrintf
                0x0000000003802c8c       0x50 /Applications/VEXcode Pro V5.app/Contents/Resources/sdk/vexv5/libv5rt.a(v5_apijump.c.obj)
                0x0000000003802c8c                vexDisplayVPrintf
 .text.vexDisplayTextReference
                0x0000000003802cdc       0x24 /Applications/VEXcode Pro V5.app/Contents/Resources/sdk/vexv5/libv5rt.a(v5_apijump.c.obj)
                0x0000000003802cdc                vexDisplayTextReference
 .text.vexDisplayTextSize
                0x0000000003802d00       0x2c /Applications/VEXcode Pro V5.app/Contents/Resources/sdk/vexv5/libv5rt.a(v5_apijump.c.obj)
                0x0000000003802d00                vexDisplayTextSize
 .text.vexDisplayFontNamedSet
                0x0000000003802d2c       0x24 /Applications/VEXcode Pro V5.app/Contents/Resources/sdk/vexv5/libv5rt.a(v5_apijump.c.obj)
                0x0000000003802d2c                vexDisplayFontNamedSet
 .text.vexDisplayPenSizeGet
                0x0000000003802d50       0x1c /Applications/VEXcode Pro V5.app/Contents/Resources/sdk/vexv5/libv5rt.a(v5_apijump.c.obj)
                0x0000000003802d50                vexDisplayPenSizeGet
 .text.vexSystemStdlibImpureDataAddr
                0x0000000003802d6c       0x28 /Applications/VEXcode Pro V5.app/Contents/Resources/sdk/vexv5/libv5rt.a(v5_apijump.c.obj)
                0x0000000003802d6c                vexSystemStdlibImpureDataAddr
 .text.vexSystemStdlibImpureDataSize
                0x0000000003802d94       0x28 /Applications/VEXcode Pro V5.app/Contents/Resources/sdk/vexv5/libv5rt.a(v5_apijump.c.obj)
                0x0000000003802d94                vexSystemStdlibImpureDataSize
 .text.vexSystemSaveUserData
                0x0000000003802dbc       0x3c /Applications/VEXcode Pro V5.app/Contents/Resources/sdk/vexv5/libv5rt.a(v5_apijump.c.obj)
                0x0000000003802dbc                vexSystemSaveUserData
 .text.vexDisplayClipRegionSet
                0x0000000003802df8       0x4c /Applications/VEXcode Pro V5.app/Contents/Resources/sdk/vexv5/libv5rt.a(v5_apijump.c.obj)
                0x0000000003802df8                vexDisplayClipRegionSet
 .text.vexDisplayThemeIdGet
                0x0000000003802e44       0x38 /Applications/VEXcode Pro V5.app/Contents/Resources/sdk/vexv5/libv5rt.a(v5_apijump.c.obj)
                0x0000000003802e44                vexDisplayThemeIdGet
 .text.vexDisplayRender
                0x0000000003802e7c       0x2c /Applications/VEXcode Pro V5.app/Contents/Resources/sdk/vexv5/libv5rt.a(v5_apijump.c.obj)
                0x0000000003802e7c                vexDisplayRender
 .text.vexDeviceEventMaskSet
                0x0000000003802ea8       0x48 /Applications/VEXcode Pro V5.app/Contents/Resources/sdk/vexv5/libv5rt.a(v5_apijump.c.obj)
                0x0000000003802ea8                vexDeviceEventMaskSet
 .text.vexDeviceEventMaskGet
                0x0000000003802ef0       0x3c /Applications/VEXcode Pro V5.app/Contents/Resources/sdk/vexv5/libv5rt.a(v5_apijump.c.obj)
                0x0000000003802ef0                vexDeviceEventMaskGet
 .text.vexDeviceGenericSerialEnable
                0x0000000003802f2c       0x2c /Applications/VEXcode Pro V5.app/Contents/Resources/sdk/vexv5/libv5rt.a(v5_apijump.c.obj)
                0x0000000003802f2c                vexDeviceGenericSerialEnable
 .text.vexDeviceGenericSerialBaudrate
                0x0000000003802f58       0x2c /Applications/VEXcode Pro V5.app/Contents/Resources/sdk/vexv5/libv5rt.a(v5_apijump.c.obj)
                0x0000000003802f58                vexDeviceGenericSerialBaudrate
 .text.vexDeviceGenericSerialWriteChar
                0x0000000003802f84       0x2c /Applications/VEXcode Pro V5.app/Contents/Resources/sdk/vexv5/libv5rt.a(v5_apijump.c.obj)
                0x0000000003802f84                vexDeviceGenericSerialWriteChar
 .text.vexDeviceGenericSerialWriteFree
                0x0000000003802fb0       0x24 /Applications/VEXcode Pro V5.app/Contents/Resources/sdk/vexv5/libv5rt.a(v5_apijump.c.obj)
                0x0000000003802fb0                vexDeviceGenericSerialWriteFree
 .text.vexDeviceGenericSerialTransmit
                0x0000000003802fd4       0x34 /Applications/VEXcode Pro V5.app/Contents/Resources/sdk/vexv5/libv5rt.a(v5_apijump.c.obj)
                0x0000000003802fd4                vexDeviceGenericSerialTransmit
 .text.vexDeviceGenericSerialReadChar
                0x0000000003803008       0x24 /Applications/VEXcode Pro V5.app/Contents/Resources/sdk/vexv5/libv5rt.a(v5_apijump.c.obj)
                0x0000000003803008                vexDeviceGenericSerialReadChar
 .text.vexDeviceGenericSerialPeekChar
                0x000000000380302c       0x24 /Applications/VEXcode Pro V5.app/Contents/Resources/sdk/vexv5/libv5rt.a(v5_apijump.c.obj)
                0x000000000380302c                vexDeviceGenericSerialPeekChar
 .text.vexDeviceGenericSerialReceiveAvail
                0x0000000003803050       0x24 /Applications/VEXcode Pro V5.app/Contents/Resources/sdk/vexv5/libv5rt.a(v5_apijump.c.obj)
                0x0000000003803050                vexDeviceGenericSerialReceiveAvail
 .text.vexDeviceGenericSerialReceive
                0x0000000003803074       0x34 /Applications/VEXcode Pro V5.app/Contents/Resources/sdk/vexv5/libv5rt.a(v5_apijump.c.obj)
                0x0000000003803074                vexDeviceGenericSerialReceive
 .text.vexDeviceGenericRadioConnection
                0x00000000038030a8       0x3c /Applications/VEXcode Pro V5.app/Contents/Resources/sdk/vexv5/libv5rt.a(v5_apijump.c.obj)
                0x00000000038030a8                vexDeviceGenericRadioConnection
 .text.vexDeviceGenericRadioWriteChar
                0x00000000038030e4       0x2c /Applications/VEXcode Pro V5.app/Contents/Resources/sdk/vexv5/libv5rt.a(v5_apijump.c.obj)
                0x00000000038030e4                vexDeviceGenericRadioWriteChar
 .text.vexDeviceGenericRadioWriteFree
                0x0000000003803110       0x24 /Applications/VEXcode Pro V5.app/Contents/Resources/sdk/vexv5/libv5rt.a(v5_apijump.c.obj)
                0x0000000003803110                vexDeviceGenericRadioWriteFree
 .text.vexDeviceGenericRadioTransmit
                0x0000000003803134       0x34 /Applications/VEXcode Pro V5.app/Contents/Resources/sdk/vexv5/libv5rt.a(v5_apijump.c.obj)
                0x0000000003803134                vexDeviceGenericRadioTransmit
 .text.vexDeviceGenericRadioReadChar
                0x0000000003803168       0x24 /Applications/VEXcode Pro V5.app/Contents/Resources/sdk/vexv5/libv5rt.a(v5_apijump.c.obj)
                0x0000000003803168                vexDeviceGenericRadioReadChar
 .text.vexDeviceGenericRadioPeekChar
                0x000000000380318c       0x24 /Applications/VEXcode Pro V5.app/Contents/Resources/sdk/vexv5/libv5rt.a(v5_apijump.c.obj)
                0x000000000380318c                vexDeviceGenericRadioPeekChar
 .text.vexDeviceGenericRadioReceiveAvail
                0x00000000038031b0       0x24 /Applications/VEXcode Pro V5.app/Contents/Resources/sdk/vexv5/libv5rt.a(v5_apijump.c.obj)
                0x00000000038031b0                vexDeviceGenericRadioReceiveAvail
 .text.vexDeviceGenericRadioReceive
                0x00000000038031d4       0x34 /Applications/VEXcode Pro V5.app/Contents/Resources/sdk/vexv5/libv5rt.a(v5_apijump.c.obj)
                0x00000000038031d4                vexDeviceGenericRadioReceive
 .text.vexDeviceGenericRadioLinkStatus
                0x0000000003803208       0x24 /Applications/VEXcode Pro V5.app/Contents/Resources/sdk/vexv5/libv5rt.a(v5_apijump.c.obj)
                0x0000000003803208                vexDeviceGenericRadioLinkStatus
 .text.vexDeviceGenericCdcConnection
                0x000000000380322c       0x2c /Applications/VEXcode Pro V5.app/Contents/Resources/sdk/vexv5/libv5rt.a(v5_apijump.c.obj)
                0x000000000380322c                vexDeviceGenericCdcConnection
 .text.vexDeviceGenericCdcWriteChar
                0x0000000003803258       0x2c /Applications/VEXcode Pro V5.app/Contents/Resources/sdk/vexv5/libv5rt.a(v5_apijump.c.obj)
                0x0000000003803258                vexDeviceGenericCdcWriteChar
 .text.vexDeviceGenericCdcWriteFree
                0x0000000003803284       0x24 /Applications/VEXcode Pro V5.app/Contents/Resources/sdk/vexv5/libv5rt.a(v5_apijump.c.obj)
                0x0000000003803284                vexDeviceGenericCdcWriteFree
 .text.vexDeviceGenericCdcTransmit
                0x00000000038032a8       0x34 /Applications/VEXcode Pro V5.app/Contents/Resources/sdk/vexv5/libv5rt.a(v5_apijump.c.obj)
                0x00000000038032a8                vexDeviceGenericCdcTransmit
 .text.vexDeviceGenericCdcReadChar
                0x00000000038032dc       0x24 /Applications/VEXcode Pro V5.app/Contents/Resources/sdk/vexv5/libv5rt.a(v5_apijump.c.obj)
                0x00000000038032dc                vexDeviceGenericCdcReadChar
 .text.vexDeviceGenericCdcPeekChar
                0x0000000003803300       0x24 /Applications/VEXcode Pro V5.app/Contents/Resources/sdk/vexv5/libv5rt.a(v5_apijump.c.obj)
                0x0000000003803300                vexDeviceGenericCdcPeekChar
 .text.vexDeviceGenericCdcReceiveAvail
                0x0000000003803324       0x24 /Applications/VEXcode Pro V5.app/Contents/Resources/sdk/vexv5/libv5rt.a(v5_apijump.c.obj)
                0x0000000003803324                vexDeviceGenericCdcReceiveAvail
 .text.vexDeviceGenericCdcReceive
                0x0000000003803348       0x34 /Applications/VEXcode Pro V5.app/Contents/Resources/sdk/vexv5/libv5rt.a(v5_apijump.c.obj)
                0x0000000003803348                vexDeviceGenericCdcReceive
 .text.vexDeviceGenericCdcLinkStatus
                0x000000000380337c       0x24 /Applications/VEXcode Pro V5.app/Contents/Resources/sdk/vexv5/libv5rt.a(v5_apijump.c.obj)
                0x000000000380337c                vexDeviceGenericCdcLinkStatus
 .text.vexSystemVersion
                0x00000000038033a0       0x10 /Applications/VEXcode Pro V5.app/Contents/Resources/sdk/vexv5/libv5rt.a(v5_apiversions.c.obj)
                0x00000000038033a0                vexSystemVersion
 .text.vexStdlibVersion
                0x00000000038033b0       0x10 /Applications/VEXcode Pro V5.app/Contents/Resources/sdk/vexv5/libv5rt.a(v5_apiversions.c.obj)
                0x00000000038033b0                vexStdlibVersion
 .text._ZN3vex6deviceD2Ev
                0x00000000038033c0        0x4 /Applications/VEXcode Pro V5.app/Contents/Resources/sdk/vexv5/libv5rt.a(vex_device.cpp.obj)
                0x00000000038033c0                vex::device::~device()
                0x00000000038033c0                vex::device::~device()
 .text._ZN3vex6device5valueEv
                0x00000000038033c4        0x8 /Applications/VEXcode Pro V5.app/Contents/Resources/sdk/vexv5/libv5rt.a(vex_device.cpp.obj)
                0x00000000038033c4                vex::device::value()
 .text._ZN3vex6deviceD0Ev
                0x00000000038033cc       0x14 /Applications/VEXcode Pro V5.app/Contents/Resources/sdk/vexv5/libv5rt.a(vex_device.cpp.obj)
                0x00000000038033cc                vex::device::~device()
 .text._ZN3vex6device4initEl
                0x00000000038033e0       0x30 /Applications/VEXcode Pro V5.app/Contents/Resources/sdk/vexv5/libv5rt.a(vex_device.cpp.obj)
                0x00000000038033e0                vex::device::init(long)
 .text._ZN3vex6deviceC2El
                0x0000000003803410       0x20 /Applications/VEXcode Pro V5.app/Contents/Resources/sdk/vexv5/libv5rt.a(vex_device.cpp.obj)
                0x0000000003803410                vex::device::device(long)
                0x0000000003803410                vex::device::device(long)
 .text._ZN3vex6device4typeEv
                0x0000000003803430       0x10 /Applications/VEXcode Pro V5.app/Contents/Resources/sdk/vexv5/libv5rt.a(vex_device.cpp.obj)
                0x0000000003803430                vex::device::type()
 .text._ZN3vex6device9installedEv
                0x0000000003803440       0x14 /Applications/VEXcode Pro V5.app/Contents/Resources/sdk/vexv5/libv5rt.a(vex_device.cpp.obj)
                0x0000000003803440                vex::device::installed()
 .text._ZN3vex5motorD2Ev
                0x0000000003803454       0x20 /Applications/VEXcode Pro V5.app/Contents/Resources/sdk/vexv5/libv5rt.a(vex_motor.cpp.obj)
                0x0000000003803454                vex::motor::~motor()
                0x0000000003803454                vex::motor::~motor()
 .text._ZN3vex5motorD0Ev
                0x0000000003803474       0x1c /Applications/VEXcode Pro V5.app/Contents/Resources/sdk/vexv5/libv5rt.a(vex_motor.cpp.obj)
                0x0000000003803474                vex::motor::~motor()
 .text._ZN3vex5motor9installedEv
                0x0000000003803490       0x18 /Applications/VEXcode Pro V5.app/Contents/Resources/sdk/vexv5/libv5rt.a(vex_motor.cpp.obj)
                0x0000000003803490                vex::motor::installed()
 .text._ZN3vex5motor15defaultStoppingENS_9brakeTypeE
                0x00000000038034a8       0x30 /Applications/VEXcode Pro V5.app/Contents/Resources/sdk/vexv5/libv5rt.a(vex_motor.cpp.obj)
                0x00000000038034a8                vex::motor::defaultStopping(vex::brakeType)
 .text._ZN3vex5motorC2El
                0x00000000038034d8       0x78 /Applications/VEXcode Pro V5.app/Contents/Resources/sdk/vexv5/libv5rt.a(vex_motor.cpp.obj)
                0x00000000038034d8                vex::motor::motor(long)
                0x00000000038034d8                vex::motor::motor(long)
 .text._ZN3vex5motorC2ElNS_11gearSettingEb
                0x0000000003803550       0x34 /Applications/VEXcode Pro V5.app/Contents/Resources/sdk/vexv5/libv5rt.a(vex_motor.cpp.obj)
                0x0000000003803550                vex::motor::motor(long, vex::gearSetting, bool)
                0x0000000003803550                vex::motor::motor(long, vex::gearSetting, bool)
 .text._ZN3vex5motor10isSpinningEv
                0x0000000003803584       0x38 /Applications/VEXcode Pro V5.app/Contents/Resources/sdk/vexv5/libv5rt.a(vex_motor.cpp.obj)
                0x0000000003803584                vex::motor::isSpinning()
 .text._ZN3vex5motor4stopENS_9brakeTypeE
                0x00000000038035bc       0x30 /Applications/VEXcode Pro V5.app/Contents/Resources/sdk/vexv5/libv5rt.a(vex_motor.cpp.obj)
                0x00000000038035bc                vex::motor::stop(vex::brakeType)
 .text._ZN3vex5motor4stopEv
                0x00000000038035ec        0x8 /Applications/VEXcode Pro V5.app/Contents/Resources/sdk/vexv5/libv5rt.a(vex_motor.cpp.obj)
                0x00000000038035ec                vex::motor::stop()
 .text._ZN3vex5motor16velocityToScaledEdNS_13velocityUnitsE
                0x00000000038035f4       0x5c /Applications/VEXcode Pro V5.app/Contents/Resources/sdk/vexv5/libv5rt.a(vex_motor.cpp.obj)
                0x00000000038035f4                vex::motor::velocityToScaled(double, vex::velocityUnits)
 .text._ZN3vex5motor8velocityENS_13velocityUnitsE
                0x0000000003803650       0x30 /Applications/VEXcode Pro V5.app/Contents/Resources/sdk/vexv5/libv5rt.a(vex_motor.cpp.obj)
                0x0000000003803650                vex::motor::velocity(vex::velocityUnits)
 .text._ZN3vex5motor5valueEv
                0x0000000003803680       0x1c /Applications/VEXcode Pro V5.app/Contents/Resources/sdk/vexv5/libv5rt.a(vex_motor.cpp.obj)
                0x0000000003803680                vex::motor::value()
 .text._ZN3vex5motor16scaledToVelocityEdNS_13velocityUnitsE
                0x000000000380369c       0xa4 /Applications/VEXcode Pro V5.app/Contents/Resources/sdk/vexv5/libv5rt.a(vex_motor.cpp.obj)
                0x000000000380369c                vex::motor::scaledToVelocity(double, vex::velocityUnits)
 .text._ZN3vex5motor4spinENS_13directionTypeEdNS_13velocityUnitsE
                0x0000000003803740       0x5c /Applications/VEXcode Pro V5.app/Contents/Resources/sdk/vexv5/libv5rt.a(vex_motor.cpp.obj)
                0x0000000003803740                vex::motor::spin(vex::directionType, double, vex::velocityUnits)
 .text._ZN3vex5motor11setVelocityEdNS_13velocityUnitsE
                0x000000000380379c       0x54 /Applications/VEXcode Pro V5.app/Contents/Resources/sdk/vexv5/libv5rt.a(vex_motor.cpp.obj)
                0x000000000380379c                vex::motor::setVelocity(double, vex::velocityUnits)
 .text._ZN3vex5motor16setRotationUnitsENS_13rotationUnitsE
                0x00000000038037f0       0x1c /Applications/VEXcode Pro V5.app/Contents/Resources/sdk/vexv5/libv5rt.a(vex_motor.cpp.obj)
                0x00000000038037f0                vex::motor::setRotationUnits(vex::rotationUnits)
 .text._ZN3vex5motor9rotateForEdNS_13rotationUnitsEdNS_13velocityUnitsEb
                0x000000000380380c       0xe0 /Applications/VEXcode Pro V5.app/Contents/Resources/sdk/vexv5/libv5rt.a(vex_motor.cpp.obj)
                0x000000000380380c                vex::motor::rotateFor(double, vex::rotationUnits, double, vex::velocityUnits, bool)
 .text._ZN3vex5motor9rotateForENS_13directionTypeEdNS_13rotationUnitsEdNS_13velocityUnitsEb
                0x00000000038038ec       0x34 /Applications/VEXcode Pro V5.app/Contents/Resources/sdk/vexv5/libv5rt.a(vex_motor.cpp.obj)
                0x00000000038038ec                vex::motor::rotateFor(vex::directionType, double, vex::rotationUnits, double, vex::velocityUnits, bool)
 .text._ZN3vex5motor9rotateForENS_13directionTypeEdNS_13rotationUnitsEb
                0x0000000003803920       0x3c /Applications/VEXcode Pro V5.app/Contents/Resources/sdk/vexv5/libv5rt.a(vex_motor.cpp.obj)
                0x0000000003803920                vex::motor::rotateFor(vex::directionType, double, vex::rotationUnits, bool)
 .text._ZN3vex10controllerD2Ev
                0x000000000380395c        0x4 /Applications/VEXcode Pro V5.app/Contents/Resources/sdk/vexv5/libv5rt.a(vex_controller.cpp.obj)
                0x000000000380395c                vex::controller::~controller()
                0x000000000380395c                vex::controller::~controller()
 .text._ZN3vex10controller6button21_buttonToPressedEventEv
                0x0000000003803960       0x20 /Applications/VEXcode Pro V5.app/Contents/Resources/sdk/vexv5/libv5rt.a(vex_controller.cpp.obj)
                0x0000000003803960                vex::controller::button::_buttonToPressedEvent()
 .text._ZN3vex10controller6button22_buttonToReleasedEventEv
                0x0000000003803980       0x20 /Applications/VEXcode Pro V5.app/Contents/Resources/sdk/vexv5/libv5rt.a(vex_controller.cpp.obj)
                0x0000000003803980                vex::controller::button::_buttonToReleasedEvent()
 .text._ZN3vex10controller6buttonC2ENS0_11tButtonTypeEPS0_
                0x00000000038039a0       0x48 /Applications/VEXcode Pro V5.app/Contents/Resources/sdk/vexv5/libv5rt.a(vex_controller.cpp.obj)
                0x00000000038039a0                vex::controller::button::button(vex::controller::tButtonType, vex::controller*)
                0x00000000038039a0                vex::controller::button::button(vex::controller::tButtonType, vex::controller*)
 .text._ZN3vex10controller4axis23_joystickToChangedEventEv
                0x00000000038039e8       0x20 /Applications/VEXcode Pro V5.app/Contents/Resources/sdk/vexv5/libv5rt.a(vex_controller.cpp.obj)
                0x00000000038039e8                vex::controller::axis::_joystickToChangedEvent()
 .text._ZN3vex10controller4axisC2ENS0_9tAxisTypeEPS0_
                0x0000000003803a08       0x2c /Applications/VEXcode Pro V5.app/Contents/Resources/sdk/vexv5/libv5rt.a(vex_controller.cpp.obj)
                0x0000000003803a08                vex::controller::axis::axis(vex::controller::tAxisType, vex::controller*)
                0x0000000003803a08                vex::controller::axis::axis(vex::controller::tAxisType, vex::controller*)
 .text._ZN3vex10controllerC2Ev
                0x0000000003803a34      0x204 /Applications/VEXcode Pro V5.app/Contents/Resources/sdk/vexv5/libv5rt.a(vex_controller.cpp.obj)
                0x0000000003803a34                vex::controller::controller()
                0x0000000003803a34                vex::controller::controller()
 .text._ZN3vex6threadC2EPFivE
                0x0000000003803c38       0x5c /Applications/VEXcode Pro V5.app/Contents/Resources/sdk/vexv5/libv5rt.a(vex_thread.cpp.obj)
                0x0000000003803c38                vex::thread::thread(int (*)())
                0x0000000003803c38                vex::thread::thread(int (*)())
 .text._ZN3vex6threadC2EPFiPvES1_
                0x0000000003803c94       0x5c /Applications/VEXcode Pro V5.app/Contents/Resources/sdk/vexv5/libv5rt.a(vex_thread.cpp.obj)
                0x0000000003803c94                vex::thread::thread(int (*)(void*), void*)
                0x0000000003803c94                vex::thread::thread(int (*)(void*), void*)
 .text._ZN3vex6threadD2Ev
                0x0000000003803cf0        0x4 /Applications/VEXcode Pro V5.app/Contents/Resources/sdk/vexv5/libv5rt.a(vex_thread.cpp.obj)
                0x0000000003803cf0                vex::thread::~thread()
                0x0000000003803cf0                vex::thread::~thread()
 .text._ZN3vex6thread11setPriorityEl
                0x0000000003803cf4       0x1c /Applications/VEXcode Pro V5.app/Contents/Resources/sdk/vexv5/libv5rt.a(vex_thread.cpp.obj)
                0x0000000003803cf4                vex::thread::setPriority(long)
 .text._ZN3vex11this_thread5yieldEv
                0x0000000003803d10        0x4 /Applications/VEXcode Pro V5.app/Contents/Resources/sdk/vexv5/libv5rt.a(vex_thread.cpp.obj)
                0x0000000003803d10                vex::this_thread::yield()
 .text._ZN3vex11this_thread9sleep_forEm
                0x0000000003803d14        0x4 /Applications/VEXcode Pro V5.app/Contents/Resources/sdk/vexv5/libv5rt.a(vex_thread.cpp.obj)
                0x0000000003803d14                vex::this_thread::sleep_for(unsigned long)
 .text._ZN3vex5mutexC2Ev
                0x0000000003803d18       0x1c /Applications/VEXcode Pro V5.app/Contents/Resources/sdk/vexv5/libv5rt.a(vex_thread.cpp.obj)
                0x0000000003803d18                vex::mutex::mutex()
                0x0000000003803d18                vex::mutex::mutex()
 .text._ZN3vex5mutexD2Ev
                0x0000000003803d34        0x4 /Applications/VEXcode Pro V5.app/Contents/Resources/sdk/vexv5/libv5rt.a(vex_thread.cpp.obj)
                0x0000000003803d34                vex::mutex::~mutex()
                0x0000000003803d34                vex::mutex::~mutex()
 .text._ZN3vex5mutex4lockEv
                0x0000000003803d38        0x8 /Applications/VEXcode Pro V5.app/Contents/Resources/sdk/vexv5/libv5rt.a(vex_thread.cpp.obj)
                0x0000000003803d38                vex::mutex::lock()
 .text._ZN3vex5mutex6unlockEv
                0x0000000003803d40        0x4 /Applications/VEXcode Pro V5.app/Contents/Resources/sdk/vexv5/libv5rt.a(vex_thread.cpp.obj)
                0x0000000003803d40                vex::mutex::unlock()
 .text._ZN3vex5event4initEmmPFvvE
                0x0000000003803d44        0x4 /Applications/VEXcode Pro V5.app/Contents/Resources/sdk/vexv5/libv5rt.a(vex_event.cpp.obj)
                0x0000000003803d44                vex::event::init(unsigned long, unsigned long, void (*)())
 .text._ZN3vex5event4initEmmPFvPvES1_
                0x0000000003803d48        0x4 /Applications/VEXcode Pro V5.app/Contents/Resources/sdk/vexv5/libv5rt.a(vex_event.cpp.obj)
                0x0000000003803d48                vex::event::init(unsigned long, unsigned long, void (*)(void*), void*)
 .text._ZN3vex5event9userindexEv
                0x0000000003803d4c        0x4 /Applications/VEXcode Pro V5.app/Contents/Resources/sdk/vexv5/libv5rt.a(vex_event.cpp.obj)
                0x0000000003803d4c                vex::event::userindex()
 .text._ZZN3vex6meventC4EmmENUlvE_4_FUNEv
                0x0000000003803d50        0x4 /Applications/VEXcode Pro V5.app/Contents/Resources/sdk/vexv5/libv5rt.a(vex_mevent.cpp.obj)
 .text._ZN3vex6meventC2Emm
                0x0000000003803d54       0x70 /Applications/VEXcode Pro V5.app/Contents/Resources/sdk/vexv5/libv5rt.a(vex_mevent.cpp.obj)
                0x0000000003803d54                vex::mevent::mevent(unsigned long, unsigned long)
                0x0000000003803d54                vex::mevent::mevent(unsigned long, unsigned long)
 .text._ZN3vex5brain9_getIndexEv
                0x0000000003803dc4       0x10 /Applications/VEXcode Pro V5.app/Contents/Resources/sdk/vexv5/libv5rt.a(vex_brain.cpp.obj)
                0x0000000003803dc4                vex::brain::_getIndex()
 .text._ZN3vex5brain3lcd9setCursorEll
                0x0000000003803dd4       0x44 /Applications/VEXcode Pro V5.app/Contents/Resources/sdk/vexv5/libv5rt.a(vex_brain.cpp.obj)
                0x0000000003803dd4                vex::brain::lcd::setCursor(long, long)
 .text._ZN3vex5brain3lcd7setFontENS_8fontTypeE
                0x0000000003803e18      0x23c /Applications/VEXcode Pro V5.app/Contents/Resources/sdk/vexv5/libv5rt.a(vex_brain.cpp.obj)
                0x0000000003803e18                vex::brain::lcd::setFont(vex::fontType)
 .text._ZN3vex5brain3lcdC2Ev
                0x0000000003804054       0x94 /Applications/VEXcode Pro V5.app/Contents/Resources/sdk/vexv5/libv5rt.a(vex_brain.cpp.obj)
                0x0000000003804054                vex::brain::lcd::lcd()
                0x0000000003804054                vex::brain::lcd::lcd()
 .text._ZN3vex5brainC2Ev
                0x00000000038040e8       0x38 /Applications/VEXcode Pro V5.app/Contents/Resources/sdk/vexv5/libv5rt.a(vex_brain.cpp.obj)
                0x00000000038040e8                vex::brain::brain()
                0x00000000038040e8                vex::brain::brain()
 .text._ZN3vex5brain3lcd11setPenColorERKNS_5colorE
                0x0000000003804120       0x14 /Applications/VEXcode Pro V5.app/Contents/Resources/sdk/vexv5/libv5rt.a(vex_brain.cpp.obj)
                0x0000000003804120                vex::brain::lcd::setPenColor(vex::color const&)
 .text._ZN3vex5brain3lcd12setFillColorERKNS_5colorE
                0x0000000003804134       0x38 /Applications/VEXcode Pro V5.app/Contents/Resources/sdk/vexv5/libv5rt.a(vex_brain.cpp.obj)
                0x0000000003804134                vex::brain::lcd::setFillColor(vex::color const&)
 .text._ZN3vex5brain3lcd7printAtEllPKcz
                0x000000000380416c       0x54 /Applications/VEXcode Pro V5.app/Contents/Resources/sdk/vexv5/libv5rt.a(vex_brain.cpp.obj)
                0x000000000380416c                vex::brain::lcd::printAt(long, long, char const*, ...)
 .text._ZN3vex5brain3lcd13drawRectangleEiiii
                0x00000000038041c0       0xdc /Applications/VEXcode Pro V5.app/Contents/Resources/sdk/vexv5/libv5rt.a(vex_brain.cpp.obj)
                0x00000000038041c0                vex::brain::lcd::drawRectangle(int, int, int, int)
 .text._ZN3vex5brain3lcd14_drawRectangleEiiiim
                0x000000000380429c       0x74 /Applications/VEXcode Pro V5.app/Contents/Resources/sdk/vexv5/libv5rt.a(vex_brain.cpp.obj)
                0x000000000380429c                vex::brain::lcd::_drawRectangle(int, int, int, int, unsigned long)
 .text._ZN3vex5brain3lcd13drawRectangleEiiiiRKNS_5colorE
                0x0000000003804310       0x68 /Applications/VEXcode Pro V5.app/Contents/Resources/sdk/vexv5/libv5rt.a(vex_brain.cpp.obj)
                0x0000000003804310                vex::brain::lcd::drawRectangle(int, int, int, int, vex::color const&)
 .text._ZN3vex5brain3lcd6renderEv
                0x0000000003804378        0xc /Applications/VEXcode Pro V5.app/Contents/Resources/sdk/vexv5/libv5rt.a(vex_brain.cpp.obj)
                0x0000000003804378                vex::brain::lcd::render()
 .text._ZN3vex5brain3lcd13setClipRegionEiiii
                0x0000000003804384       0x34 /Applications/VEXcode Pro V5.app/Contents/Resources/sdk/vexv5/libv5rt.a(vex_brain.cpp.obj)
                0x0000000003804384                vex::brain::lcd::setClipRegion(int, int, int, int)
 .text._ZN3vex5brainD2Ev
                0x00000000038043b8       0x20 /Applications/VEXcode Pro V5.app/Contents/Resources/sdk/vexv5/libv5rt.a(vex_brain.cpp.obj)
                0x00000000038043b8                vex::brain::~brain()
                0x00000000038043b8                vex::brain::~brain()
 .text._ZN3vex11competition11_autonomousEv
                0x00000000038043d8       0x90 /Applications/VEXcode Pro V5.app/Contents/Resources/sdk/vexv5/libv5rt.a(vex_competition.cpp.obj)
                0x00000000038043d8                vex::competition::_autonomous()
 .text._ZN3vex11competition14_drivercontrolEv
                0x0000000003804468       0x90 /Applications/VEXcode Pro V5.app/Contents/Resources/sdk/vexv5/libv5rt.a(vex_competition.cpp.obj)
                0x0000000003804468                vex::competition::_drivercontrol()
 .text._ZN3vex11competition8_disableEPv
                0x00000000038044f8       0xc8 /Applications/VEXcode Pro V5.app/Contents/Resources/sdk/vexv5/libv5rt.a(vex_competition.cpp.obj)
                0x00000000038044f8                vex::competition::_disable(void*)
 .text._ZN3vex11competitionC2Ev
                0x00000000038045c0      0x13c /Applications/VEXcode Pro V5.app/Contents/Resources/sdk/vexv5/libv5rt.a(vex_competition.cpp.obj)
                0x00000000038045c0                vex::competition::competition()
                0x00000000038045c0                vex::competition::competition()
 .text._ZN3vex11competitionD2Ev
                0x00000000038046fc        0x4 /Applications/VEXcode Pro V5.app/Contents/Resources/sdk/vexv5/libv5rt.a(vex_competition.cpp.obj)
                0x00000000038046fc                vex::competition::~competition()
                0x00000000038046fc                vex::competition::~competition()
 .text._ZN3vex11competition10autonomousEPFvvE
                0x0000000003804700       0x44 /Applications/VEXcode Pro V5.app/Contents/Resources/sdk/vexv5/libv5rt.a(vex_competition.cpp.obj)
                0x0000000003804700                vex::competition::autonomous(void (*)())
 .text._ZN3vex7triportD2Ev
                0x0000000003804744       0x38 /Applications/VEXcode Pro V5.app/Contents/Resources/sdk/vexv5/libv5rt.a(vex_triport.cpp.obj)
                0x0000000003804744                vex::triport::~triport()
                0x0000000003804744                vex::triport::~triport()
 .text._ZN3vex7triportD0Ev
                0x000000000380477c       0x1c /Applications/VEXcode Pro V5.app/Contents/Resources/sdk/vexv5/libv5rt.a(vex_triport.cpp.obj)
                0x000000000380477c                vex::triport::~triport()
 .text._ZN3vex7triport9installedEv
                0x0000000003804798       0x18 /Applications/VEXcode Pro V5.app/Contents/Resources/sdk/vexv5/libv5rt.a(vex_triport.cpp.obj)
                0x0000000003804798                vex::triport::installed()
 .text._ZN3vex7triport4portC2ElPS0_
                0x00000000038047b0       0x74 /Applications/VEXcode Pro V5.app/Contents/Resources/sdk/vexv5/libv5rt.a(vex_triport.cpp.obj)
                0x00000000038047b0                vex::triport::port::port(long, vex::triport*)
                0x00000000038047b0                vex::triport::port::port(long, vex::triport*)
 .text._ZN3vex7triportC2El
                0x0000000003804824       0xf0 /Applications/VEXcode Pro V5.app/Contents/Resources/sdk/vexv5/libv5rt.a(vex_triport.cpp.obj)
                0x0000000003804824                vex::triport::triport(long)
                0x0000000003804824                vex::triport::triport(long)
 .text.startup._GLOBAL__sub_I__ZN3vex7triportC2El
                0x0000000003804914       0x30 /Applications/VEXcode Pro V5.app/Contents/Resources/sdk/vexv5/libv5rt.a(vex_triport.cpp.obj)
 .text._ZN3vex5colorD2Ev
                0x0000000003804944        0x4 /Applications/VEXcode Pro V5.app/Contents/Resources/sdk/vexv5/libv5rt.a(vex_color.cpp.obj)
                0x0000000003804944                vex::color::~color()
                0x0000000003804944                vex::color::~color()
 .text._ZN3vex5colorC2Ei
                0x0000000003804948       0x10 /Applications/VEXcode Pro V5.app/Contents/Resources/sdk/vexv5/libv5rt.a(vex_color.cpp.obj)
                0x0000000003804948                vex::color::color(int)
                0x0000000003804948                vex::color::color(int)
 .text._ZNK3vex5colorcvmEv
                0x0000000003804958        0x8 /Applications/VEXcode Pro V5.app/Contents/Resources/sdk/vexv5/libv5rt.a(vex_color.cpp.obj)
                0x0000000003804958                vex::color::operator unsigned long() const
 .text._ZNK3vex5color13isTransparentEv
                0x0000000003804960        0x8 /Applications/VEXcode Pro V5.app/Contents/Resources/sdk/vexv5/libv5rt.a(vex_color.cpp.obj)
                0x0000000003804960                vex::color::isTransparent() const
 .text.startup._GLOBAL__sub_I__ZN3vex5color5blackE
                0x0000000003804968      0x164 /Applications/VEXcode Pro V5.app/Contents/Resources/sdk/vexv5/libv5rt.a(vex_color.cpp.obj)
 .text._ZN3vex5timerD2Ev
                0x0000000003804acc        0x4 /Applications/VEXcode Pro V5.app/Contents/Resources/sdk/vexv5/libv5rt.a(vex_timer.cpp.obj)
                0x0000000003804acc                vex::timer::~timer()
                0x0000000003804acc                vex::timer::~timer()
 .text._ZN3vex5timer5clearEv
                0x0000000003804ad0       0x1c /Applications/VEXcode Pro V5.app/Contents/Resources/sdk/vexv5/libv5rt.a(vex_timer.cpp.obj)
                0x0000000003804ad0                vex::timer::clear()
 .text._ZN3vex5timerC2Ev
                0x0000000003804aec       0x14 /Applications/VEXcode Pro V5.app/Contents/Resources/sdk/vexv5/libv5rt.a(vex_timer.cpp.obj)
                0x0000000003804aec                vex::timer::timer()
                0x0000000003804aec                vex::timer::timer()
 .text._ZNK3vex5timer4timeEv
                0x0000000003804b00       0x1c /Applications/VEXcode Pro V5.app/Contents/Resources/sdk/vexv5/libv5rt.a(vex_timer.cpp.obj)
                0x0000000003804b00                vex::timer::time() const
 .text._ZN3vex5timer6systemEv
                0x0000000003804b1c        0x4 /Applications/VEXcode Pro V5.app/Contents/Resources/sdk/vexv5/libv5rt.a(vex_timer.cpp.obj)
                0x0000000003804b1c                vex::timer::system()
 .text._ZN3vex11motor_group18motor_group_motorsC2Ev
                0x0000000003804b20       0x28 /Applications/VEXcode Pro V5.app/Contents/Resources/sdk/vexv5/libv5rt.a(vex_motorgroup.cpp.obj)
                0x0000000003804b20                vex::motor_group::motor_group_motors::motor_group_motors()
                0x0000000003804b20                vex::motor_group::motor_group_motors::motor_group_motors()
 .text._ZN3vex11motor_groupC2Ev
                0x0000000003804b48       0x1c /Applications/VEXcode Pro V5.app/Contents/Resources/sdk/vexv5/libv5rt.a(vex_motorgroup.cpp.obj)
                0x0000000003804b48                vex::motor_group::motor_group()
                0x0000000003804b48                vex::motor_group::motor_group()
 .text._ZN3vex11motor_groupD2Ev
                0x0000000003804b64        0x4 /Applications/VEXcode Pro V5.app/Contents/Resources/sdk/vexv5/libv5rt.a(vex_motorgroup.cpp.obj)
                0x0000000003804b64                vex::motor_group::~motor_group()
                0x0000000003804b64                vex::motor_group::~motor_group()
 .text._ZN3vex11motor_group9_addMotorERNS_5motorE
                0x0000000003804b68       0x20 /Applications/VEXcode Pro V5.app/Contents/Resources/sdk/vexv5/libv5rt.a(vex_motorgroup.cpp.obj)
                0x0000000003804b68                vex::motor_group::_addMotor(vex::motor&)
 .text._ZN3vex11motor_group11setVelocityEdNS_13velocityUnitsE
                0x0000000003804b88       0x4c /Applications/VEXcode Pro V5.app/Contents/Resources/sdk/vexv5/libv5rt.a(vex_motorgroup.cpp.obj)
                0x0000000003804b88                vex::motor_group::setVelocity(double, vex::velocityUnits)
 .text._ZN3vex11motor_group4spinENS_13directionTypeEdNS_13velocityUnitsE
                0x0000000003804bd4       0x54 /Applications/VEXcode Pro V5.app/Contents/Resources/sdk/vexv5/libv5rt.a(vex_motorgroup.cpp.obj)
                0x0000000003804bd4                vex::motor_group::spin(vex::directionType, double, vex::velocityUnits)
 .text._ZN3vex11motor_group10isSpinningEv
                0x0000000003804c28       0x40 /Applications/VEXcode Pro V5.app/Contents/Resources/sdk/vexv5/libv5rt.a(vex_motorgroup.cpp.obj)
                0x0000000003804c28                vex::motor_group::isSpinning()
 .text._ZN3vex11motor_group6isDoneEv
                0x0000000003804c68       0x14 /Applications/VEXcode Pro V5.app/Contents/Resources/sdk/vexv5/libv5rt.a(vex_motorgroup.cpp.obj)
                0x0000000003804c68                vex::motor_group::isDone()
 .text._ZN3vex11motor_group4stopEv
                0x0000000003804c7c       0x30 /Applications/VEXcode Pro V5.app/Contents/Resources/sdk/vexv5/libv5rt.a(vex_motorgroup.cpp.obj)
                0x0000000003804c7c                vex::motor_group::stop()
 .text._ZN3vex11motor_group20waitForCompletionAllEv
                0x0000000003804cac       0x60 /Applications/VEXcode Pro V5.app/Contents/Resources/sdk/vexv5/libv5rt.a(vex_motorgroup.cpp.obj)
                0x0000000003804cac                vex::motor_group::waitForCompletionAll()
 .text._ZN3vex11motor_group9rotateForENS_13directionTypeEdNS_13rotationUnitsEdNS_13velocityUnitsEb
                0x0000000003804d0c       0xa8 /Applications/VEXcode Pro V5.app/Contents/Resources/sdk/vexv5/libv5rt.a(vex_motorgroup.cpp.obj)
                0x0000000003804d0c                vex::motor_group::rotateFor(vex::directionType, double, vex::rotationUnits, double, vex::velocityUnits, bool)
 .text._ZN3vex11motor_group9rotateForENS_13directionTypeEdNS_13rotationUnitsEb
                0x0000000003804db4       0x80 /Applications/VEXcode Pro V5.app/Contents/Resources/sdk/vexv5/libv5rt.a(vex_motorgroup.cpp.obj)
                0x0000000003804db4                vex::motor_group::rotateFor(vex::directionType, double, vex::rotationUnits, bool)
 .text._ZN3vex11motor_group7spinForENS_13directionTypeEdNS_13rotationUnitsEb
                0x0000000003804e34        0xc /Applications/VEXcode Pro V5.app/Contents/Resources/sdk/vexv5/libv5rt.a(vex_motorgroup.cpp.obj)
                0x0000000003804e34                vex::motor_group::spinFor(vex::directionType, double, vex::rotationUnits, bool)
 .text._ZN3vex10drivetrainD2Ev
                0x0000000003804e40       0x28 /Applications/VEXcode Pro V5.app/Contents/Resources/sdk/vexv5/libv5rt.a(vex_drivetrain.cpp.obj)
                0x0000000003804e40                vex::drivetrain::~drivetrain()
                0x0000000003804e40                vex::drivetrain::~drivetrain()
 .text._ZN3vex10drivetrainD0Ev
                0x0000000003804e68       0x1c /Applications/VEXcode Pro V5.app/Contents/Resources/sdk/vexv5/libv5rt.a(vex_drivetrain.cpp.obj)
                0x0000000003804e68                vex::drivetrain::~drivetrain()
 .text._ZN3vex10drivetrain8isMovingEv
                0x0000000003804e84       0x24 /Applications/VEXcode Pro V5.app/Contents/Resources/sdk/vexv5/libv5rt.a(vex_drivetrain.cpp.obj)
                0x0000000003804e84                vex::drivetrain::isMoving()
 .text._ZN3vex10drivetrain16setDriveVelocityEdNS_13velocityUnitsE
                0x0000000003804ea8       0x54 /Applications/VEXcode Pro V5.app/Contents/Resources/sdk/vexv5/libv5rt.a(vex_drivetrain.cpp.obj)
                0x0000000003804ea8                vex::drivetrain::setDriveVelocity(double, vex::velocityUnits)
 *fill*         0x0000000003804efc        0x4 
 .text._ZN3vex10drivetrain12setGearRatioEd
                0x0000000003804f00       0x54 /Applications/VEXcode Pro V5.app/Contents/Resources/sdk/vexv5/libv5rt.a(vex_drivetrain.cpp.obj)
                0x0000000003804f00                vex::drivetrain::setGearRatio(double)
 .text._ZN3vex10drivetrain4turnENS_8turnTypeE
                0x0000000003804f54       0x50 /Applications/VEXcode Pro V5.app/Contents/Resources/sdk/vexv5/libv5rt.a(vex_drivetrain.cpp.obj)
                0x0000000003804f54                vex::drivetrain::turn(vex::turnType)
 .text._ZN3vex10drivetrain15setTurnVelocityEdNS_13velocityUnitsE
                0x0000000003804fa4       0x28 /Applications/VEXcode Pro V5.app/Contents/Resources/sdk/vexv5/libv5rt.a(vex_drivetrain.cpp.obj)
                0x0000000003804fa4                vex::drivetrain::setTurnVelocity(double, vex::velocityUnits)
 .text._ZN3vex10drivetrain6isDoneEv
                0x0000000003804fcc       0x14 /Applications/VEXcode Pro V5.app/Contents/Resources/sdk/vexv5/libv5rt.a(vex_drivetrain.cpp.obj)
                0x0000000003804fcc                vex::drivetrain::isDone()
 .text._ZN3vex10drivetrain4stopEv
                0x0000000003804fe0       0x24 /Applications/VEXcode Pro V5.app/Contents/Resources/sdk/vexv5/libv5rt.a(vex_drivetrain.cpp.obj)
                0x0000000003804fe0                vex::drivetrain::stop()
 .text._ZN3vex10drivetrain21_waitForCompletionAllEv
                0x0000000003805004       0x60 /Applications/VEXcode Pro V5.app/Contents/Resources/sdk/vexv5/libv5rt.a(vex_drivetrain.cpp.obj)
                0x0000000003805004                vex::drivetrain::_waitForCompletionAll()
 *fill*         0x0000000003805064        0x4 
 .text._ZN3vex10drivetrain12distanceToMmEdNS_13distanceUnitsE
                0x0000000003805068       0x38 /Applications/VEXcode Pro V5.app/Contents/Resources/sdk/vexv5/libv5rt.a(vex_drivetrain.cpp.obj)
                0x0000000003805068                vex::drivetrain::distanceToMm(double, vex::distanceUnits)
 .text._ZN3vex10drivetrainC2ERNS_11motor_groupES2_dddNS_13distanceUnitsEd
                0x00000000038050a0       0xe8 /Applications/VEXcode Pro V5.app/Contents/Resources/sdk/vexv5/libv5rt.a(vex_drivetrain.cpp.obj)
                0x00000000038050a0                vex::drivetrain::drivetrain(vex::motor_group&, vex::motor_group&, double, double, double, vex::distanceUnits, double)
                0x00000000038050a0                vex::drivetrain::drivetrain(vex::motor_group&, vex::motor_group&, double, double, double, vex::distanceUnits, double)
 .text._ZN3vex10drivetrain12_angleToRevsEdNS_13rotationUnitsE
                0x0000000003805188       0x98 /Applications/VEXcode Pro V5.app/Contents/Resources/sdk/vexv5/libv5rt.a(vex_drivetrain.cpp.obj)
                0x0000000003805188                vex::drivetrain::_angleToRevs(double, vex::rotationUnits)
 .text._ZN3vex10drivetrain7turnForENS_8turnTypeEdNS_13rotationUnitsEb
                0x0000000003805220       0xbc /Applications/VEXcode Pro V5.app/Contents/Resources/sdk/vexv5/libv5rt.a(vex_drivetrain.cpp.obj)
                0x0000000003805220                vex::drivetrain::turnFor(vex::turnType, double, vex::rotationUnits, bool)
 .text._ZN3vex10drivetrain7turnForEdNS_13rotationUnitsEb
                0x00000000038052dc       0x10 /Applications/VEXcode Pro V5.app/Contents/Resources/sdk/vexv5/libv5rt.a(vex_drivetrain.cpp.obj)
                0x00000000038052dc                vex::drivetrain::turnFor(double, vex::rotationUnits, bool)
 .text._ZN3vex10drivetrain7turnForENS_8turnTypeEdNS_13rotationUnitsEdNS_13velocityUnitsEb
                0x00000000038052ec       0xd0 /Applications/VEXcode Pro V5.app/Contents/Resources/sdk/vexv5/libv5rt.a(vex_drivetrain.cpp.obj)
                0x00000000038052ec                vex::drivetrain::turnFor(vex::turnType, double, vex::rotationUnits, double, vex::velocityUnits, bool)
 .text._ZN3vex10drivetrain7turnForEdNS_13rotationUnitsEdNS_13velocityUnitsEb
                0x00000000038053bc       0x18 /Applications/VEXcode Pro V5.app/Contents/Resources/sdk/vexv5/libv5rt.a(vex_drivetrain.cpp.obj)
                0x00000000038053bc                vex::drivetrain::turnFor(double, vex::rotationUnits, double, vex::velocityUnits, bool)
 .text._ZN3vex7vexlinkD2Ev
                0x00000000038053d4       0x20 /Applications/VEXcode Pro V5.app/Contents/Resources/sdk/vexv5/libv5rt.a(vex_vexlink.cpp.obj)
                0x00000000038053d4                vex::vexlink::~vexlink()
                0x00000000038053d4                vex::vexlink::~vexlink()
 .text._ZN3vex11serial_linkD2Ev
                0x00000000038053f4       0x28 /Applications/VEXcode Pro V5.app/Contents/Resources/sdk/vexv5/libv5rt.a(vex_vexlink.cpp.obj)
                0x00000000038053f4                vex::serial_link::~serial_link()
                0x00000000038053f4                vex::serial_link::~serial_link()
 .text._ZN3vex7vexlinkD0Ev
                0x000000000380541c       0x1c /Applications/VEXcode Pro V5.app/Contents/Resources/sdk/vexv5/libv5rt.a(vex_vexlink.cpp.obj)
                0x000000000380541c                vex::vexlink::~vexlink()
 .text._ZN3vex11serial_linkD0Ev
                0x0000000003805438       0x1c /Applications/VEXcode Pro V5.app/Contents/Resources/sdk/vexv5/libv5rt.a(vex_vexlink.cpp.obj)
                0x0000000003805438                vex::serial_link::~serial_link()
 .text._ZN3vex7vexlink9installedEv
                0x0000000003805454       0x18 /Applications/VEXcode Pro V5.app/Contents/Resources/sdk/vexv5/libv5rt.a(vex_vexlink.cpp.obj)
                0x0000000003805454                vex::vexlink::installed()
 .text._ZN3vex7vexlinkC2ElPKcNS_8linkTypeEb
                0x000000000380546c      0x1d0 /Applications/VEXcode Pro V5.app/Contents/Resources/sdk/vexv5/libv5rt.a(vex_vexlink.cpp.obj)
                0x000000000380546c                vex::vexlink::vexlink(long, char const*, vex::linkType, bool)
                0x000000000380546c                vex::vexlink::vexlink(long, char const*, vex::linkType, bool)
 .text._ZN3vex7vexlink8isLinkedEv
                0x000000000380563c       0x44 /Applications/VEXcode Pro V5.app/Contents/Resources/sdk/vexv5/libv5rt.a(vex_vexlink.cpp.obj)
                0x000000000380563c                vex::vexlink::isLinked()
 .text._ZN3vex7vexlink5crc32EPhmm
                0x0000000003805680       0x7c /Applications/VEXcode Pro V5.app/Contents/Resources/sdk/vexv5/libv5rt.a(vex_vexlink.cpp.obj)
                0x0000000003805680                vex::vexlink::crc32(unsigned char*, unsigned long, unsigned long)
 .text._ZN3vex11serial_linkC2ElPKcNS_8linkTypeEb
                0x00000000038056fc       0x34 /Applications/VEXcode Pro V5.app/Contents/Resources/sdk/vexv5/libv5rt.a(vex_vexlink.cpp.obj)
                0x00000000038056fc                vex::serial_link::serial_link(long, char const*, vex::linkType, bool)
                0x00000000038056fc                vex::serial_link::serial_link(long, char const*, vex::linkType, bool)
 .text._ZN3vex11serial_link4sendEPhl
                0x0000000003805730       0x54 /Applications/VEXcode Pro V5.app/Contents/Resources/sdk/vexv5/libv5rt.a(vex_vexlink.cpp.obj)
                0x0000000003805730                vex::serial_link::send(unsigned char*, long)
 .text._ZN3vex11serial_link7receiveEPhll
                0x0000000003805784       0x88 /Applications/VEXcode Pro V5.app/Contents/Resources/sdk/vexv5/libv5rt.a(vex_vexlink.cpp.obj)
                0x0000000003805784                vex::serial_link::receive(unsigned char*, long, long)
 .text.vexMotorVelocitySet
                0x000000000380580c       0x20 /Applications/VEXcode Pro V5.app/Contents/Resources/sdk/vexv5/libv5rt.a(v5_apiuser.c.obj)
                0x000000000380580c                vexMotorVelocitySet
 .text.vexMotorActualVelocityGet
                0x000000000380582c       0x24 /Applications/VEXcode Pro V5.app/Contents/Resources/sdk/vexv5/libv5rt.a(v5_apiuser.c.obj)
                0x000000000380582c                vexMotorActualVelocityGet
 .text.vexMotorZeroPositionFlagGet
                0x0000000003805850       0x18 /Applications/VEXcode Pro V5.app/Contents/Resources/sdk/vexv5/libv5rt.a(v5_apiuser.c.obj)
                0x0000000003805850                vexMotorZeroPositionFlagGet
 .text.vexMotorReverseFlagSet
                0x0000000003805868       0x20 /Applications/VEXcode Pro V5.app/Contents/Resources/sdk/vexv5/libv5rt.a(v5_apiuser.c.obj)
                0x0000000003805868                vexMotorReverseFlagSet
 .text.vexMotorEncoderUnitsSet
                0x0000000003805888       0x20 /Applications/VEXcode Pro V5.app/Contents/Resources/sdk/vexv5/libv5rt.a(v5_apiuser.c.obj)
                0x0000000003805888                vexMotorEncoderUnitsSet
 .text.vexMotorBrakeModeSet
                0x00000000038058a8       0x20 /Applications/VEXcode Pro V5.app/Contents/Resources/sdk/vexv5/libv5rt.a(v5_apiuser.c.obj)
                0x00000000038058a8                vexMotorBrakeModeSet
 .text.vexMotorPositionSet
                0x00000000038058c8       0x28 /Applications/VEXcode Pro V5.app/Contents/Resources/sdk/vexv5/libv5rt.a(v5_apiuser.c.obj)
                0x00000000038058c8                vexMotorPositionSet
 .text.vexMotorRelativeTargetSet
                0x00000000038058f0       0x30 /Applications/VEXcode Pro V5.app/Contents/Resources/sdk/vexv5/libv5rt.a(v5_apiuser.c.obj)
                0x00000000038058f0                vexMotorRelativeTargetSet
 .text.vexMotorGearingSet
                0x0000000003805920       0x20 /Applications/VEXcode Pro V5.app/Contents/Resources/sdk/vexv5/libv5rt.a(v5_apiuser.c.obj)
                0x0000000003805920                vexMotorGearingSet
 .text.vexMotorGearingGet
                0x0000000003805940       0x18 /Applications/VEXcode Pro V5.app/Contents/Resources/sdk/vexv5/libv5rt.a(v5_apiuser.c.obj)
                0x0000000003805940                vexMotorGearingGet
 .text.vexEventMaskSet
                0x0000000003805958       0x28 /Applications/VEXcode Pro V5.app/Contents/Resources/sdk/vexv5/libv5rt.a(v5_apiuser.c.obj)
                0x0000000003805958                vexEventMaskSet
 .text.vexEventMaskGet
                0x0000000003805980       0x18 /Applications/VEXcode Pro V5.app/Contents/Resources/sdk/vexv5/libv5rt.a(v5_apiuser.c.obj)
                0x0000000003805980                vexEventMaskGet
 .text.vexGenericSerialEnable
                0x0000000003805998       0x20 /Applications/VEXcode Pro V5.app/Contents/Resources/sdk/vexv5/libv5rt.a(v5_apiuser.c.obj)
                0x0000000003805998                vexGenericSerialEnable
 .text.vexGenericSerialBaudrate
                0x00000000038059b8       0x20 /Applications/VEXcode Pro V5.app/Contents/Resources/sdk/vexv5/libv5rt.a(v5_apiuser.c.obj)
                0x00000000038059b8                vexGenericSerialBaudrate
 .text.vexGenericSerialWriteChar
                0x00000000038059d8       0x20 /Applications/VEXcode Pro V5.app/Contents/Resources/sdk/vexv5/libv5rt.a(v5_apiuser.c.obj)
                0x00000000038059d8                vexGenericSerialWriteChar
 .text.vexGenericSerialWriteFree
                0x00000000038059f8       0x18 /Applications/VEXcode Pro V5.app/Contents/Resources/sdk/vexv5/libv5rt.a(v5_apiuser.c.obj)
                0x00000000038059f8                vexGenericSerialWriteFree
 .text.vexGenericSerialTransmit
                0x0000000003805a10       0x28 /Applications/VEXcode Pro V5.app/Contents/Resources/sdk/vexv5/libv5rt.a(v5_apiuser.c.obj)
                0x0000000003805a10                vexGenericSerialTransmit
 .text.vexGenericSerialReadChar
                0x0000000003805a38       0x18 /Applications/VEXcode Pro V5.app/Contents/Resources/sdk/vexv5/libv5rt.a(v5_apiuser.c.obj)
                0x0000000003805a38                vexGenericSerialReadChar
 .text.vexGenericSerialPeekChar
                0x0000000003805a50       0x18 /Applications/VEXcode Pro V5.app/Contents/Resources/sdk/vexv5/libv5rt.a(v5_apiuser.c.obj)
                0x0000000003805a50                vexGenericSerialPeekChar
 .text.vexGenericSerialReceiveAvail
                0x0000000003805a68       0x18 /Applications/VEXcode Pro V5.app/Contents/Resources/sdk/vexv5/libv5rt.a(v5_apiuser.c.obj)
                0x0000000003805a68                vexGenericSerialReceiveAvail
 .text.vexGenericSerialReceive
                0x0000000003805a80       0x28 /Applications/VEXcode Pro V5.app/Contents/Resources/sdk/vexv5/libv5rt.a(v5_apiuser.c.obj)
                0x0000000003805a80                vexGenericSerialReceive
 .text.vexGenericRadioConnection
                0x0000000003805aa8       0x30 /Applications/VEXcode Pro V5.app/Contents/Resources/sdk/vexv5/libv5rt.a(v5_apiuser.c.obj)
                0x0000000003805aa8                vexGenericRadioConnection
 .text.vexGenericRadioWriteChar
                0x0000000003805ad8       0x20 /Applications/VEXcode Pro V5.app/Contents/Resources/sdk/vexv5/libv5rt.a(v5_apiuser.c.obj)
                0x0000000003805ad8                vexGenericRadioWriteChar
 .text.vexGenericRadioWriteFree
                0x0000000003805af8       0x18 /Applications/VEXcode Pro V5.app/Contents/Resources/sdk/vexv5/libv5rt.a(v5_apiuser.c.obj)
                0x0000000003805af8                vexGenericRadioWriteFree
 .text.vexGenericRadioTransmit
                0x0000000003805b10       0x28 /Applications/VEXcode Pro V5.app/Contents/Resources/sdk/vexv5/libv5rt.a(v5_apiuser.c.obj)
                0x0000000003805b10                vexGenericRadioTransmit
 .text.vexGenericRadioReadChar
                0x0000000003805b38       0x18 /Applications/VEXcode Pro V5.app/Contents/Resources/sdk/vexv5/libv5rt.a(v5_apiuser.c.obj)
                0x0000000003805b38                vexGenericRadioReadChar
 .text.vexGenericRadioPeekChar
                0x0000000003805b50       0x18 /Applications/VEXcode Pro V5.app/Contents/Resources/sdk/vexv5/libv5rt.a(v5_apiuser.c.obj)
                0x0000000003805b50                vexGenericRadioPeekChar
 .text.vexGenericRadioReceiveAvail
                0x0000000003805b68       0x18 /Applications/VEXcode Pro V5.app/Contents/Resources/sdk/vexv5/libv5rt.a(v5_apiuser.c.obj)
                0x0000000003805b68                vexGenericRadioReceiveAvail
 .text.vexGenericRadioReceive
                0x0000000003805b80       0x28 /Applications/VEXcode Pro V5.app/Contents/Resources/sdk/vexv5/libv5rt.a(v5_apiuser.c.obj)
                0x0000000003805b80                vexGenericRadioReceive
 .text.vexGenericRadioLinkStatus
                0x0000000003805ba8       0x18 /Applications/VEXcode Pro V5.app/Contents/Resources/sdk/vexv5/libv5rt.a(v5_apiuser.c.obj)
                0x0000000003805ba8                vexGenericRadioLinkStatus
 .text.vexGenericCdcConnection
                0x0000000003805bc0       0x20 /Applications/VEXcode Pro V5.app/Contents/Resources/sdk/vexv5/libv5rt.a(v5_apiuser.c.obj)
                0x0000000003805bc0                vexGenericCdcConnection
 .text.vexGenericCdcWriteChar
                0x0000000003805be0       0x20 /Applications/VEXcode Pro V5.app/Contents/Resources/sdk/vexv5/libv5rt.a(v5_apiuser.c.obj)
                0x0000000003805be0                vexGenericCdcWriteChar
 .text.vexGenericCdcWriteFree
                0x0000000003805c00       0x18 /Applications/VEXcode Pro V5.app/Contents/Resources/sdk/vexv5/libv5rt.a(v5_apiuser.c.obj)
                0x0000000003805c00                vexGenericCdcWriteFree
 .text.vexGenericCdcTransmit
                0x0000000003805c18       0x28 /Applications/VEXcode Pro V5.app/Contents/Resources/sdk/vexv5/libv5rt.a(v5_apiuser.c.obj)
                0x0000000003805c18                vexGenericCdcTransmit
 .text.vexGenericCdcReadChar
                0x0000000003805c40       0x18 /Applications/VEXcode Pro V5.app/Contents/Resources/sdk/vexv5/libv5rt.a(v5_apiuser.c.obj)
                0x0000000003805c40                vexGenericCdcReadChar
 .text.vexGenericCdcPeekChar
                0x0000000003805c58       0x18 /Applications/VEXcode Pro V5.app/Contents/Resources/sdk/vexv5/libv5rt.a(v5_apiuser.c.obj)
                0x0000000003805c58                vexGenericCdcPeekChar
 .text.vexGenericCdcReceiveAvail
                0x0000000003805c70       0x18 /Applications/VEXcode Pro V5.app/Contents/Resources/sdk/vexv5/libv5rt.a(v5_apiuser.c.obj)
                0x0000000003805c70                vexGenericCdcReceiveAvail
 .text.vexGenericCdcReceive
                0x0000000003805c88       0x28 /Applications/VEXcode Pro V5.app/Contents/Resources/sdk/vexv5/libv5rt.a(v5_apiuser.c.obj)
                0x0000000003805c88                vexGenericCdcReceive
 .text.vexGenericCdcLinkStatus
                0x0000000003805cb0       0x18 /Applications/VEXcode Pro V5.app/Contents/Resources/sdk/vexv5/libv5rt.a(v5_apiuser.c.obj)
                0x0000000003805cb0                vexGenericCdcLinkStatus
 .text._ZN3vex4taskC2EPFivE
                0x0000000003805cc8       0x5c /Applications/VEXcode Pro V5.app/Contents/Resources/sdk/vexv5/libv5rt.a(vex_task.cpp.obj)
                0x0000000003805cc8                vex::task::task(int (*)())
                0x0000000003805cc8                vex::task::task(int (*)())
 .text._ZN3vex4taskD2Ev
                0x0000000003805d24        0x4 /Applications/VEXcode Pro V5.app/Contents/Resources/sdk/vexv5/libv5rt.a(vex_task.cpp.obj)
                0x0000000003805d24                vex::task::~task()
                0x0000000003805d24                vex::task::~task()
 .text._ZN3vex4task4stopERKS0_
                0x0000000003805d28       0x18 /Applications/VEXcode Pro V5.app/Contents/Resources/sdk/vexv5/libv5rt.a(vex_task.cpp.obj)
                0x0000000003805d28                vex::task::stop(vex::task const&)
 .text._ZN3vex4task6_indexEPFivE
                0x0000000003805d40       0x14 /Applications/VEXcode Pro V5.app/Contents/Resources/sdk/vexv5/libv5rt.a(vex_task.cpp.obj)
                0x0000000003805d40                vex::task::_index(int (*)())
 .text._ZN3vex4task8_stopAllEv
                0x0000000003805d54       0x3c /Applications/VEXcode Pro V5.app/Contents/Resources/sdk/vexv5/libv5rt.a(vex_task.cpp.obj)
                0x0000000003805d54                vex::task::_stopAll()
 .text.__aeabi_memclr
                0x0000000003805d90        0x8 /Applications/VEXcode Pro V5.app/Contents/Resources/sdk/vexv5/gcc/libs/libc.a(lib_a-aeabi_memclr.o)
                0x0000000003805d90                __aeabi_memclr8
                0x0000000003805d90                __aeabi_memclr4
                0x0000000003805d90                __aeabi_memclr
 .text.__aeabi_memcpy
                0x0000000003805d98        0x4 /Applications/VEXcode Pro V5.app/Contents/Resources/sdk/vexv5/gcc/libs/libc.a(lib_a-aeabi_memcpy.o)
                0x0000000003805d98                __aeabi_memcpy4
                0x0000000003805d98                __aeabi_memcpy
                0x0000000003805d98                __aeabi_memcpy8
 .text.__libc_fini_array
                0x0000000003805d9c       0x30 /Applications/VEXcode Pro V5.app/Contents/Resources/sdk/vexv5/gcc/libs/libc.a(lib_a-fini.o)
                0x0000000003805d9c                __libc_fini_array
 .text.fprintf  0x0000000003805dcc       0x2c /Applications/VEXcode Pro V5.app/Contents/Resources/sdk/vexv5/gcc/libs/libc.a(lib_a-fprintf.o)
                0x0000000003805dcc                fprintf
 .text.__libc_init_array
                0x0000000003805df8       0x58 /Applications/VEXcode Pro V5.app/Contents/Resources/sdk/vexv5/gcc/libs/libc.a(lib_a-init.o)
                0x0000000003805df8                __libc_init_array
 .text.memcpy   0x0000000003805e50       0xa8 /Applications/VEXcode Pro V5.app/Contents/Resources/sdk/vexv5/gcc/libs/libc.a(lib_a-memcpy.o)
                0x0000000003805e50                memcpy
 .text.memcpy.__stub
                0x0000000003805ef8       0x28 linker stubs
 *(.gnu.linkonce.t.*)
 *(.plt)
 *(.gnu_warning)
 *(.gcc_except_table)
 *(.glue_7)
 .glue_7        0x0000000003805f20        0x0 linker stubs
 *(.glue_7t)
 .glue_7t       0x0000000003805f20        0x0 linker stubs
 *(.vfp11_veneer)
 .vfp11_veneer  0x0000000003805f20        0x0 linker stubs
 *(.ARM.extab)
 *(.gnu.linkonce.armextab.*)

.v4_bx          0x0000000003805f20        0x0
 .v4_bx         0x0000000003805f20        0x0 linker stubs

.iplt           0x0000000003805f20        0x0
 .iplt          0x0000000003805f20        0x0 build/src/ai_jetson.o

.init
 *(.init)

.fini
 *(.fini)

.rodata         0x0000000003805f20      0x368
                0x0000000003805f20                __rodata_start = .
 *(.rodata)
 *(.rodata.*)
 .rodata.str1.1
                0x0000000003805f20        0xf build/src/ai_jetson.o
 *fill*         0x0000000003805f2f        0x1 
 .rodata._ZTVN2ai10robot_linkE
                0x0000000003805f30       0x18 build/src/ai_robot_link.o
                0x0000000003805f30                vtable for ai::robot_link
 .rodata.str1.1
                0x0000000003805f48       0x10 build/src/ballStorage.o
 .rodata.str1.1
                0x0000000003805f58      0x158 build/src/dashboard.o
 .rodata.str1.1
                0x00000000038060b0       0x4a build/src/main.o
                                         0x5a (size before relaxing)
 .rodata.str1.1
                0x00000000038060fa        0xc build/src/tankdrive.o
                                         0x1c (size before relaxing)
 .rodata.str1.1
                0x0000000003806106       0x2e /Applications/VEXcode Pro V5.app/Contents/Resources/sdk/vexv5/libv5rt.a(v5_startup.c.obj)
 .rodata._ZN3vex6yellowE
                0x0000000003806134        0x4 /Applications/VEXcode Pro V5.app/Contents/Resources/sdk/vexv5/libv5rt.a(vex_global.cpp.obj)
                0x0000000003806134                vex::yellow
 .rodata._ZN3vex5PORT1E
                0x0000000003806138        0x4 /Applications/VEXcode Pro V5.app/Contents/Resources/sdk/vexv5/libv5rt.a(vex_global.cpp.obj)
                0x0000000003806138                vex::PORT1
 .rodata._ZN3vex6PORT14E
                0x000000000380613c        0x4 /Applications/VEXcode Pro V5.app/Contents/Resources/sdk/vexv5/libv5rt.a(vex_global.cpp.obj)
                0x000000000380613c                vex::PORT14
 .rodata._ZN3vex5whiteE
                0x0000000003806140        0x4 /Applications/VEXcode Pro V5.app/Contents/Resources/sdk/vexv5/libv5rt.a(vex_global.cpp.obj)
                0x0000000003806140                vex::white
 .rodata._ZN3vex5blackE
                0x0000000003806144        0x4 /Applications/VEXcode Pro V5.app/Contents/Resources/sdk/vexv5/libv5rt.a(vex_global.cpp.obj)
                0x0000000003806144                vex::black
 .rodata._ZN3vex6PORT18E
                0x0000000003806148        0x4 /Applications/VEXcode Pro V5.app/Contents/Resources/sdk/vexv5/libv5rt.a(vex_global.cpp.obj)
                0x0000000003806148                vex::PORT18
 .rodata._ZN3vex5PORT2E
                0x000000000380614c        0x4 /Applications/VEXcode Pro V5.app/Contents/Resources/sdk/vexv5/libv5rt.a(vex_global.cpp.obj)
                0x000000000380614c                vex::PORT2
 .rodata._ZN3vex6PORT11E
                0x0000000003806150        0x4 /Applications/VEXcode Pro V5.app/Contents/Resources/sdk/vexv5/libv5rt.a(vex_global.cpp.obj)
                0x0000000003806150                vex::PORT11
 .rodata._ZN3vex6PORT15E
                0x0000000003806154        0x4 /Applications/VEXcode Pro V5.app/Contents/Resources/sdk/vexv5/libv5rt.a(vex_global.cpp.obj)
                0x0000000003806154                vex::PORT15
 .rodata._ZN3vex6PORT22E
                0x0000000003806158        0x4 /Applications/VEXcode Pro V5.app/Contents/Resources/sdk/vexv5/libv5rt.a(vex_global.cpp.obj)
                0x0000000003806158                vex::PORT22
 .rodata._ZN3vex6PORT12E
                0x000000000380615c        0x4 /Applications/VEXcode Pro V5.app/Contents/Resources/sdk/vexv5/libv5rt.a(vex_global.cpp.obj)
                0x000000000380615c                vex::PORT12
 .rodata._ZN3vex6PORT16E
                0x0000000003806160        0x4 /Applications/VEXcode Pro V5.app/Contents/Resources/sdk/vexv5/libv5rt.a(vex_global.cpp.obj)
                0x0000000003806160                vex::PORT16
 .rodata._ZN3vex9ratio18_1E
                0x0000000003806164        0x4 /Applications/VEXcode Pro V5.app/Contents/Resources/sdk/vexv5/libv5rt.a(vex_global.cpp.obj)
                0x0000000003806164                vex::ratio18_1
 .rodata._ZN3vex6mono12E
                0x0000000003806168        0x4 /Applications/VEXcode Pro V5.app/Contents/Resources/sdk/vexv5/libv5rt.a(vex_global.cpp.obj)
                0x0000000003806168                vex::mono12
 .rodata._ZN3vex6mono15E
                0x000000000380616c        0x4 /Applications/VEXcode Pro V5.app/Contents/Resources/sdk/vexv5/libv5rt.a(vex_global.cpp.obj)
                0x000000000380616c                vex::mono15
 .rodata._ZTVN3vex6deviceE
                0x0000000003806170       0x18 /Applications/VEXcode Pro V5.app/Contents/Resources/sdk/vexv5/libv5rt.a(vex_device.cpp.obj)
                0x0000000003806170                vtable for vex::device
 .rodata._ZTVN3vex5motorE
                0x0000000003806188       0x18 /Applications/VEXcode Pro V5.app/Contents/Resources/sdk/vexv5/libv5rt.a(vex_motor.cpp.obj)
                0x0000000003806188                vtable for vex::motor
 .rodata.CSWTCH.16
                0x00000000038061a0        0xb /Applications/VEXcode Pro V5.app/Contents/Resources/sdk/vexv5/libv5rt.a(vex_controller.cpp.obj)
 .rodata.CSWTCH.18
                0x00000000038061ab        0xb /Applications/VEXcode Pro V5.app/Contents/Resources/sdk/vexv5/libv5rt.a(vex_controller.cpp.obj)
 .rodata.CSWTCH.24
                0x00000000038061b6        0x3 /Applications/VEXcode Pro V5.app/Contents/Resources/sdk/vexv5/libv5rt.a(vex_controller.cpp.obj)
 .rodata.str1.1
                0x00000000038061b9       0x14 /Applications/VEXcode Pro V5.app/Contents/Resources/sdk/vexv5/libv5rt.a(vex_thread.cpp.obj)
 .rodata.str1.1
                0x00000000038061cd       0x2d /Applications/VEXcode Pro V5.app/Contents/Resources/sdk/vexv5/libv5rt.a(vex_brain.cpp.obj)
 *fill*         0x00000000038061fa        0x6 
 .rodata._ZTVN3vex7triportE
                0x0000000003806200       0x18 /Applications/VEXcode Pro V5.app/Contents/Resources/sdk/vexv5/libv5rt.a(vex_triport.cpp.obj)
                0x0000000003806200                vtable for vex::triport
 .rodata._ZTVN3vex10drivetrainE
                0x0000000003806218       0x24 /Applications/VEXcode Pro V5.app/Contents/Resources/sdk/vexv5/libv5rt.a(vex_drivetrain.cpp.obj)
                0x0000000003806218                vtable for vex::drivetrain
 *fill*         0x000000000380623c        0x4 
 .rodata._ZTVN3vex7vexlinkE
                0x0000000003806240       0x18 /Applications/VEXcode Pro V5.app/Contents/Resources/sdk/vexv5/libv5rt.a(vex_vexlink.cpp.obj)
                0x0000000003806240                vtable for vex::vexlink
 .rodata._ZTVN3vex11serial_linkE
                0x0000000003806258       0x18 /Applications/VEXcode Pro V5.app/Contents/Resources/sdk/vexv5/libv5rt.a(vex_vexlink.cpp.obj)
                0x0000000003806258                vtable for vex::serial_link
 .rodata.str1.1
                0x0000000003806270       0x14 /Applications/VEXcode Pro V5.app/Contents/Resources/sdk/vexv5/libv5rt.a(vex_task.cpp.obj)
 .rodata.str1.4
                0x0000000003806284        0x4 /Applications/VEXcode Pro V5.app/Contents/Resources/sdk/vexv5/gcc/libs/libc.a(lib_a-impure.o)
                                          0x2 (size before relaxing)
 *(.gnu.linkonce.r.*)
                0x0000000003806288                __rodata_end = .

.rodata1        0x0000000003806288        0x0
                0x0000000003806288                __rodata1_start = .
 *(.rodata1)
 *(.rodata1.*)
                0x0000000003806288                __rodata1_end = .

.sdata2         0x0000000003806288        0x0
                0x0000000003806288                __sdata2_start = .
 *(.sdata2)
 *(.sdata2.*)
 *(.gnu.linkonce.s2.*)
                0x0000000003806288                __sdata2_end = .

.sbss2          0x0000000003806288        0x0
                0x0000000003806288                __sbss2_start = .
 *(.sbss2)
 *(.sbss2.*)
 *(.gnu.linkonce.sb2.*)
                0x0000000003806288                __sbss2_end = .

.data           0x0000000003806288      0x44c
                0x0000000003806288                __data_start = .
 *(.data)
 *(.data.*)
 .data._ZZN2ai6jetson11request_mapEvE3msg
                0x0000000003806288        0xd build/src/ai_jetson.o
 .data.firstAutoFlag
                0x0000000003806295        0x1 build/src/main.o
                0x0000000003806295                firstAutoFlag
 *fill*         0x0000000003806296        0x2 
 .data.appRunning
                0x0000000003806298        0x4 /Applications/VEXcode Pro V5.app/Contents/Resources/sdk/vexv5/libv5rt.a(v5_startup.c.obj)
                0x0000000003806298                appRunning
 .data.__yoff   0x000000000380629c        0x4 /Applications/VEXcode Pro V5.app/Contents/Resources/sdk/vexv5/libv5rt.a(v5_apijump.c.obj)
 .data._ZN3vex24__default_motor_velocityE
                0x00000000038062a0        0x4 /Applications/VEXcode Pro V5.app/Contents/Resources/sdk/vexv5/libv5rt.a(vex_motor.cpp.obj)
                0x00000000038062a0                vex::__default_motor_velocity
 *fill*         0x00000000038062a4        0x4 
 .data.impure_data
                0x00000000038062a8      0x428 /Applications/VEXcode Pro V5.app/Contents/Resources/sdk/vexv5/gcc/libs/libc.a(lib_a-impure.o)
 .data._impure_ptr
                0x00000000038066d0        0x4 /Applications/VEXcode Pro V5.app/Contents/Resources/sdk/vexv5/gcc/libs/libc.a(lib_a-impure.o)
                0x00000000038066d0                _impure_ptr
 *(.gnu.linkonce.d.*)
 *(.jcr)
 *(.got)
 *(.got.plt)
                0x00000000038066d4                __data_end = .

.igot.plt       0x00000000038066d4        0x0
 .igot.plt      0x00000000038066d4        0x0 build/src/ai_jetson.o

.data1          0x00000000038066d4        0x0
                0x00000000038066d4                __data1_start = .
 *(.data1)
 *(.data1.*)
                0x00000000038066d4                __data1_end = .

.got
 *(.got)

.ctors          0x00000000038066d4        0x0
                0x00000000038066d4                __CTOR_LIST__ = .
                0x00000000038066d4                ___CTORS_LIST___ = .
 *crtbegin.o(.ctors)
 *(EXCLUDE_FILE(*crtend.o) .ctors)
 *(SORT_BY_NAME(.ctors.*))
 *(.ctors)
                0x00000000038066d4                __CTOR_END__ = .
                0x00000000038066d4                ___CTORS_END___ = .

.dtors          0x00000000038066d4        0x0
                0x00000000038066d4                __DTOR_LIST__ = .
                0x00000000038066d4                ___DTORS_LIST___ = .
 *crtbegin.o(.dtors)
 *(EXCLUDE_FILE(*crtend.o) .dtors)
 *(SORT_BY_NAME(.dtors.*))
 *(.dtors)
                0x00000000038066d4                __DTOR_END__ = .
                0x00000000038066d4                ___DTORS_END___ = .

.fixup          0x00000000038066d4        0x0
                0x00000000038066d4                __fixup_start = .
 *(.fixup)
                0x00000000038066d4                __fixup_end = .

.eh_frame
 *(.eh_frame)

.eh_framehdr    0x00000000038066d4        0x0
                0x00000000038066d4                __eh_framehdr_start = .
 *(.eh_framehdr)
                0x00000000038066d4                __eh_framehdr_end = .

.gcc_except_table
 *(.gcc_except_table)

.mmu_tbl        0x0000000003808000        0x0
                0x0000000003808000                __mmu_tbl_start = .
 *(.mmu_tbl)
                0x0000000003808000                __mmu_tbl_end = .

.ARM.exidx      0x00000000038066d4        0x8
                0x00000000038066d4                __exidx_start = .
 *(.ARM.exidx*)
 .ARM.exidx.text._ZN2ai6jetsonC2Ev
                0x00000000038066d4        0x8 build/src/ai_jetson.o
 .ARM.exidx.text._ZN2ai6jetson12receive_taskEPv
                0x00000000038066dc        0x0 build/src/ai_jetson.o
                                          0x8 (size before relaxing)
 .ARM.exidx.text._ZN2ai6jetsonD2Ev
                0x00000000038066dc        0x0 build/src/ai_jetson.o
                                          0x8 (size before relaxing)
 .ARM.exidx.text._ZN2ai6jetson11get_packetsEv
                0x00000000038066dc        0x0 build/src/ai_jetson.o
                                          0x8 (size before relaxing)
 .ARM.exidx.text._ZN2ai6jetson10get_errorsEv
                0x00000000038066dc        0x0 build/src/ai_jetson.o
                                          0x8 (size before relaxing)
 .ARM.exidx.text._ZN2ai6jetson12get_timeoutsEv
                0x00000000038066dc        0x0 build/src/ai_jetson.o
                                          0x8 (size before relaxing)
 .ARM.exidx.text._ZN2ai6jetson9get_totalEv
                0x00000000038066dc        0x0 build/src/ai_jetson.o
                                          0x8 (size before relaxing)
 .ARM.exidx.text._ZN2ai6jetson8get_dataEP10MAP_RECORD
                0x00000000038066dc        0x0 build/src/ai_jetson.o
                                          0x8 (size before relaxing)
 .ARM.exidx.text._ZN2ai6jetson5crc32EPhmm
                0x00000000038066dc        0x0 build/src/ai_jetson.o