Archive member included to satisfy reference by file (symbol)

/Applications/VEXcode Pro V5.app/Contents/Resources/sdk/vexv5/libv5rt.a(v5_startup.c.obj)
                              (vexStartup)
/Applications/VEXcode Pro V5.app/Contents/Resources/sdk/vexv5/libv5rt.a(v5_util.c.obj)
                              /Applications/VEXcode Pro V5.app/Contents/Resources/sdk/vexv5/libv5rt.a(v5_startup.c.obj) (vexStdlibVersionLinked)
/Applications/VEXcode Pro V5.app/Contents/Resources/sdk/vexv5/libv5rt.a(v5_apijump.c.obj)
                              /Applications/VEXcode Pro V5.app/Contents/Resources/sdk/vexv5/libv5rt.a(v5_startup.c.obj) (vexPrivateApiEnable)
/Applications/VEXcode Pro V5.app/Contents/Resources/sdk/vexv5/libv5rt.a(v5_apiversions.c.obj)
                              /Applications/VEXcode Pro V5.app/Contents/Resources/sdk/vexv5/libv5rt.a(v5_apijump.c.obj) (vexSystemVersion)
/Applications/VEXcode Pro V5.app/Contents/Resources/sdk/vexv5/libv5rt.a(vex_global.cpp.obj)
                              build/src/dashboard.o (vex::mono12)
/Applications/VEXcode Pro V5.app/Contents/Resources/sdk/vexv5/libv5rt.a(vex_motor.cpp.obj)
                              build/src/main.o (vex::motor::~motor())
/Applications/VEXcode Pro V5.app/Contents/Resources/sdk/vexv5/libv5rt.a(vex_thread.cpp.obj)
                              build/src/main.o (vex::thread::thread(int (*)()))
/Applications/VEXcode Pro V5.app/Contents/Resources/sdk/vexv5/libv5rt.a(vex_brain.cpp.obj)
                              build/src/dashboard.o (vex::brain::lcd::setFont(vex::fontType))
/Applications/VEXcode Pro V5.app/Contents/Resources/sdk/vexv5/libv5rt.a(vex_competition.cpp.obj)
                              build/src/main.o (vex::competition::competition())
/Applications/VEXcode Pro V5.app/Contents/Resources/sdk/vexv5/libv5rt.a(vex_triport.cpp.obj)
                              /Applications/VEXcode Pro V5.app/Contents/Resources/sdk/vexv5/libv5rt.a(vex_brain.cpp.obj) (vex::triport::~triport())
/Applications/VEXcode Pro V5.app/Contents/Resources/sdk/vexv5/libv5rt.a(vex_color.cpp.obj)
                              build/src/dashboard.o (vex::color::~color())
/Applications/VEXcode Pro V5.app/Contents/Resources/sdk/vexv5/libv5rt.a(vex_timer.cpp.obj)
                              build/src/ai_jetson.o (vex::timer::~timer())
/Applications/VEXcode Pro V5.app/Contents/Resources/sdk/vexv5/libv5rt.a(vex_vexlink.cpp.obj)
                              build/src/main.o (vex::message_link::~message_link())
/Applications/VEXcode Pro V5.app/Contents/Resources/sdk/vexv5/libv5rt.a(v5_apiuser.c.obj)
                              /Applications/VEXcode Pro V5.app/Contents/Resources/sdk/vexv5/libv5rt.a(vex_triport.cpp.obj) (vexAdiPortConfigSet)
/Applications/VEXcode Pro V5.app/Contents/Resources/sdk/vexv5/libv5rt.a(vex_device.cpp.obj)
                              /Applications/VEXcode Pro V5.app/Contents/Resources/sdk/vexv5/libv5rt.a(vex_motor.cpp.obj) (vex::device::~device())
/Applications/VEXcode Pro V5.app/Contents/Resources/sdk/vexv5/libv5rt.a(vex_task.cpp.obj)
                              /Applications/VEXcode Pro V5.app/Contents/Resources/sdk/vexv5/libv5rt.a(vex_competition.cpp.obj) (vex::task::task(int (*)()))
/Applications/VEXcode Pro V5.app/Contents/Resources/sdk/vexv5/libv5rt.a(vex_event.cpp.obj)
                              /Applications/VEXcode Pro V5.app/Contents/Resources/sdk/vexv5/libv5rt.a(vex_brain.cpp.obj) (vex::event::init(unsigned long, unsigned long, void (*)()))
/Applications/VEXcode Pro V5.app/Contents/Resources/sdk/vexv5/libv5rt.a(vex_mevent.cpp.obj)
                              /Applications/VEXcode Pro V5.app/Contents/Resources/sdk/vexv5/libv5rt.a(vex_brain.cpp.obj) (vex::mevent::mevent(unsigned long, unsigned long))
/Applications/VEXcode Pro V5.app/Contents/Resources/sdk/vexv5/gcc/libs/libc.a(lib_a-aeabi_memcpy.o)
                              build/src/ai_jetson.o (__aeabi_memcpy4)
/Applications/VEXcode Pro V5.app/Contents/Resources/sdk/vexv5/gcc/libs/libc.a(lib_a-fini.o)
                              /Applications/VEXcode Pro V5.app/Contents/Resources/sdk/vexv5/libv5rt.a(v5_startup.c.obj) (__libc_fini_array)
/Applications/VEXcode Pro V5.app/Contents/Resources/sdk/vexv5/gcc/libs/libc.a(lib_a-fprintf.o)
                              build/src/main.o (fprintf)
/Applications/VEXcode Pro V5.app/Contents/Resources/sdk/vexv5/gcc/libs/libc.a(lib_a-impure.o)
                              build/src/ai_jetson.o (_impure_ptr)
/Applications/VEXcode Pro V5.app/Contents/Resources/sdk/vexv5/gcc/libs/libc.a(lib_a-init.o)
                              /Applications/VEXcode Pro V5.app/Contents/Resources/sdk/vexv5/libv5rt.a(v5_startup.c.obj) (__libc_init_array)
/Applications/VEXcode Pro V5.app/Contents/Resources/sdk/vexv5/gcc/libs/libc.a(lib_a-memcpy.o)
                              /Applications/VEXcode Pro V5.app/Contents/Resources/sdk/vexv5/libv5rt.a(vex_vexlink.cpp.obj) (memcpy)
[...]
Memory Configuration

Name             Origin             Length             Attributes
ps7_ddr_0_S_AXI_BASEADDR 0x0000000003800000 0x0000000004800000
*default*        0x0000000000000000 0xffffffffffffffff

Linker script and memory map

                0x0000000000002000                _STACK_SIZE = DEFINED (_STACK_SIZE)?_STACK_SIZE:0x2000
                0x0000000000100000                _HEAP_SIZE = DEFINED (_HEAP_SIZE)?_HEAP_SIZE:0x100000
                0x0000000000000400                _ABORT_STACK_SIZE = DEFINED (_ABORT_STACK_SIZE)?_ABORT_STACK_SIZE:0x400
                0x0000000000000800                _SUPERVISOR_STACK_SIZE = DEFINED (_SUPERVISOR_STACK_SIZE)?_SUPERVISOR_STACK_SIZE:0x800
                0x0000000000000400                _IRQ_STACK_SIZE = DEFINED (_IRQ_STACK_SIZE)?_IRQ_STACK_SIZE:0x400
                0x0000000000000400                _FIQ_STACK_SIZE = DEFINED (_FIQ_STACK_SIZE)?_FIQ_STACK_SIZE:0x400
                0x0000000000000400                _UNDEF_STACK_SIZE = DEFINED (_UNDEF_STACK_SIZE)?_UNDEF_STACK_SIZE:0x400

.text           0x0000000003800000     0x3c68
 *(.vectors)
 *(.boot_data)
 .boot_data     0x0000000003800000       0x20 /Applications/VEXcode Pro V5.app/Contents/Resources/sdk/vexv5/libv5rt.a(v5_startup.c.obj)
                0x0000000003800000                vexCodeSig
                0x0000000000000020                . = 0x20
 *(.boot)
 .boot          0x0000000003800020       0xbc /Applications/VEXcode Pro V5.app/Contents/Resources/sdk/vexv5/libv5rt.a(v5_startup.c.obj)
                0x0000000003800020                vexStartup
                0x0000000003800100                . = ALIGN (0x40)
 *fill*         0x00000000038000dc       0x24 
 *(.freertos_vectors)
 *(.text)
 *(.text.*)
 .text._ZN2ai6jetsonC2Ev
                0x0000000003800100       0x60 build/src/ai_jetson.o
                0x0000000003800100                ai::jetson::jetson()
                0x0000000003800100                ai::jetson::jetson()
 .text._ZN2ai6jetson12receive_taskEPv
                0x0000000003800160       0x8c build/src/ai_jetson.o
                0x0000000003800160                ai::jetson::receive_task(void*)
 .text._ZN2ai6jetsonD2Ev
                0x00000000038001ec       0x28 build/src/ai_jetson.o
                0x00000000038001ec                ai::jetson::~jetson()
                0x00000000038001ec                ai::jetson::~jetson()
 .text._ZN2ai6jetson11get_packetsEv
                0x0000000003800214        0x8 build/src/ai_jetson.o
                0x0000000003800214                ai::jetson::get_packets()
 .text._ZN2ai6jetson10get_errorsEv
                0x000000000380021c        0x8 build/src/ai_jetson.o
                0x000000000380021c                ai::jetson::get_errors()
 .text._ZN2ai6jetson12get_timeoutsEv
                0x0000000003800224        0x8 build/src/ai_jetson.o
                0x0000000003800224                ai::jetson::get_timeouts()
 .text._ZN2ai6jetson9get_totalEv
                0x000000000380022c        0x8 build/src/ai_jetson.o
                0x000000000380022c                ai::jetson::get_total()
 .text._ZN2ai6jetson8get_dataEP10MAP_RECORD
                0x0000000003800234       0x5c build/src/ai_jetson.o
                0x0000000003800234                ai::jetson::get_data(MAP_RECORD*)
 .text._ZN2ai6jetson5crc32EPhmm
                0x0000000003800290       0x84 build/src/ai_jetson.o
                0x0000000003800290                ai::jetson::crc32(unsigned char*, unsigned long, unsigned long)
 .text._ZN2ai6jetson5parseEh
                0x0000000003800314      0x290 build/src/ai_jetson.o
                0x0000000003800314                ai::jetson::parse(unsigned char)
 .text._ZN2ai6jetson11request_mapEv
                0x00000000038005a4       0x88 build/src/ai_jetson.o
                0x00000000038005a4                ai::jetson::request_map()
 .text._Z13dashboardTaskv
                0x000000000380062c      0x42c build/src/dashboard.o
                0x000000000380062c                dashboardTask()
 .text._ZN7indexerC2Ev
                0x0000000003800a58        0x8 build/src/indexer.o
                0x0000000003800a58                indexer::indexer()
                0x0000000003800a58                indexer::indexer()
 .text._ZN6intakeC2Ev
                0x0000000003800a60        0x8 build/src/intake.o
                0x0000000003800a60                intake::intake()
                0x0000000003800a60                intake::intake()
 .text._ZN9tankDriveD2Ev
                0x0000000003800a68       0x30 build/src/main.o
                0x0000000003800a68                tankDrive::~tankDrive()
 .text._ZN6intakeD2Ev
                0x0000000003800a98        0x4 build/src/main.o
                0x0000000003800a98                intake::~intake()
 .text._ZN7indexerD2Ev
                0x0000000003800a9c        0x4 build/src/main.o
                0x0000000003800a9c                indexer::~indexer()
 .text._Z4playv
                0x0000000003800aa0       0x50 build/src/main.o
                0x0000000003800aa0                play()
 .text._Z3runv  0x0000000003800af0       0xec build/src/main.o
                0x0000000003800af0                run()
 .text._Z11receiveDemoPKcS0_d
                0x0000000003800bdc       0x14 build/src/main.o
                0x0000000003800bdc                receiveDemo(char const*, char const*, double)
 .text.main     0x0000000003800bf0       0x5c build/src/main.o
                0x0000000003800bf0                main
 .text._GLOBAL__sub_I_main.cpp
                0x0000000003800c4c      0x12c build/src/main.o
 .text._Z11vexcodeInitv
                0x0000000003800d78        0x4 build/src/robot-config.o
                0x0000000003800d78                vexcodeInit()
 .text._GLOBAL__sub_I_robot_config.cpp
                0x0000000003800d7c       0x34 build/src/robot-config.o
 .text._ZN9tankDriveC2Ev
                0x0000000003800db0       0x40 build/src/tankDrive.o
                0x0000000003800db0                tankDrive::tankDrive()
                0x0000000003800db0                tankDrive::tankDrive()
 .text._ZN9tankDrive4moveEdddd
                0x0000000003800df0      0x150 build/src/tankDrive.o
                0x0000000003800df0                tankDrive::move(double, double, double, double)
 .text.vexMain  0x0000000003800f40       0xb0 /Applications/VEXcode Pro V5.app/Contents/Resources/sdk/vexv5/libv5rt.a(v5_startup.c.obj)
                0x0000000003800f40                vexMain
 .text.__vex_function_prolog
                0x0000000003800ff0       0x18 /Applications/VEXcode Pro V5.app/Contents/Resources/sdk/vexv5/libv5rt.a(v5_startup.c.obj)
                0x0000000003800ff0                __vex_function_prolog
 .text._init    0x0000000003801008        0x4 /Applications/VEXcode Pro V5.app/Contents/Resources/sdk/vexv5/libv5rt.a(v5_startup.c.obj)
                0x0000000003801008                _init
 .text._fini    0x000000000380100c        0x4 /Applications/VEXcode Pro V5.app/Contents/Resources/sdk/vexv5/libv5rt.a(v5_startup.c.obj)
                0x000000000380100c                _fini
 .text.vexStdlibVersionLinked
                0x0000000003801010        0xc /Applications/VEXcode Pro V5.app/Contents/Resources/sdk/vexv5/libv5rt.a(v5_util.c.obj)
                0x0000000003801010                vexStdlibVersionLinked
 .text.vexStdlibVersionVerify
                0x000000000380101c       0x30 /Applications/VEXcode Pro V5.app/Contents/Resources/sdk/vexv5/libv5rt.a(v5_util.c.obj)
                0x000000000380101c                vexStdlibVersionVerify
 .text.vexPrivateApiEnable
                0x000000000380104c       0x10 /Applications/VEXcode Pro V5.app/Contents/Resources/sdk/vexv5/libv5rt.a(v5_apijump.c.obj)
                0x000000000380104c                vexPrivateApiEnable
 .text.vexStdlibMismatchError
                0x000000000380105c       0x3c /Applications/VEXcode Pro V5.app/Contents/Resources/sdk/vexv5/libv5rt.a(v5_apijump.c.obj)
                0x000000000380105c                vexStdlibMismatchError
 .text.vexTaskAdd
                0x0000000003801098       0x10 /Applications/VEXcode Pro V5.app/Contents/Resources/sdk/vexv5/libv5rt.a(v5_apijump.c.obj)
                0x0000000003801098                vexTaskAdd
 .text.vexTasksRun
                0x00000000038010a8       0x10 /Applications/VEXcode Pro V5.app/Contents/Resources/sdk/vexv5/libv5rt.a(v5_apijump.c.obj)
                0x00000000038010a8                vexTasksRun
 .text.vexTaskYield
                0x00000000038010b8       0x10 /Applications/VEXcode Pro V5.app/Contents/Resources/sdk/vexv5/libv5rt.a(v5_apijump.c.obj)
                0x00000000038010b8                vexTaskYield
 .text.vexTaskCheckTimeslice
                0x00000000038010c8       0x10 /Applications/VEXcode Pro V5.app/Contents/Resources/sdk/vexv5/libv5rt.a(v5_apijump.c.obj)
                0x00000000038010c8                vexTaskCheckTimeslice
 .text.vexTaskSleep
                0x00000000038010d8       0x10 /Applications/VEXcode Pro V5.app/Contents/Resources/sdk/vexv5/libv5rt.a(v5_apijump.c.obj)
                0x00000000038010d8                vexTaskSleep
 .text.vexSemaphoreInit
                0x00000000038010e8       0x24 /Applications/VEXcode Pro V5.app/Contents/Resources/sdk/vexv5/libv5rt.a(v5_apijump.c.obj)
                0x00000000038010e8                vexSemaphoreInit
 .text.vexSemaphoreLock
                0x000000000380110c       0x2c /Applications/VEXcode Pro V5.app/Contents/Resources/sdk/vexv5/libv5rt.a(v5_apijump.c.obj)
                0x000000000380110c                vexSemaphoreLock
 .text.vexSemaphoreUnlock
                0x0000000003801138       0x24 /Applications/VEXcode Pro V5.app/Contents/Resources/sdk/vexv5/libv5rt.a(v5_apijump.c.obj)
                0x0000000003801138                vexSemaphoreUnlock
 .text.vexTasksDump
                0x000000000380115c       0x1c /Applications/VEXcode Pro V5.app/Contents/Resources/sdk/vexv5/libv5rt.a(v5_apijump.c.obj)
                0x000000000380115c                vexTasksDump
 .text.vexTaskGetTaskIndex
                0x0000000003801178       0x10 /Applications/VEXcode Pro V5.app/Contents/Resources/sdk/vexv5/libv5rt.a(v5_apijump.c.obj)
                0x0000000003801178                vexTaskGetTaskIndex
 .text.vexTaskStopAll
                0x0000000003801188       0x10 /Applications/VEXcode Pro V5.app/Contents/Resources/sdk/vexv5/libv5rt.a(v5_apijump.c.obj)
                0x0000000003801188                vexTaskStopAll
 .text.vexTaskRemoveAllUser
                0x0000000003801198       0x34 /Applications/VEXcode Pro V5.app/Contents/Resources/sdk/vexv5/libv5rt.a(v5_apijump.c.obj)
                0x0000000003801198                vexTaskRemoveAllUser
 .text.vexTaskCompletionIdSet
                0x00000000038011cc       0x10 /Applications/VEXcode Pro V5.app/Contents/Resources/sdk/vexv5/libv5rt.a(v5_apijump.c.obj)
                0x00000000038011cc                vexTaskCompletionIdSet
 .text.vexTaskAddWithArg
                0x00000000038011dc       0x10 /Applications/VEXcode Pro V5.app/Contents/Resources/sdk/vexv5/libv5rt.a(v5_apijump.c.obj)
                0x00000000038011dc                vexTaskAddWithArg
 .text.vexTaskStopWithId
                0x00000000038011ec       0x10 /Applications/VEXcode Pro V5.app/Contents/Resources/sdk/vexv5/libv5rt.a(v5_apijump.c.obj)
                0x00000000038011ec                vexTaskStopWithId
 .text.vexTaskPrioritySetWithId
                0x00000000038011fc       0x10 /Applications/VEXcode Pro V5.app/Contents/Resources/sdk/vexv5/libv5rt.a(v5_apijump.c.obj)
                0x00000000038011fc                vexTaskPrioritySetWithId
 .text.vexEventAdd
                0x000000000380120c       0x34 /Applications/VEXcode Pro V5.app/Contents/Resources/sdk/vexv5/libv5rt.a(v5_apijump.c.obj)
                0x000000000380120c                vexEventAdd
 .text.vexEventUserIndexGet
                0x0000000003801240       0x1c /Applications/VEXcode Pro V5.app/Contents/Resources/sdk/vexv5/libv5rt.a(v5_apijump.c.obj)
                0x0000000003801240                vexEventUserIndexGet
 .text.vexEventAddWithArg
                0x000000000380125c       0x3c /Applications/VEXcode Pro V5.app/Contents/Resources/sdk/vexv5/libv5rt.a(v5_apijump.c.obj)
                0x000000000380125c                vexEventAddWithArg
 .text.vexEventsCleanup
                0x0000000003801298       0x2c /Applications/VEXcode Pro V5.app/Contents/Resources/sdk/vexv5/libv5rt.a(v5_apijump.c.obj)
                0x0000000003801298                vexEventsCleanup
 .text.vexDebug
                0x00000000038012c4       0x38 /Applications/VEXcode Pro V5.app/Contents/Resources/sdk/vexv5/libv5rt.a(v5_apijump.c.obj)
                0x00000000038012c4                vexDebug
 .text.vex_sprintf
                0x00000000038012fc       0x40 /Applications/VEXcode Pro V5.app/Contents/Resources/sdk/vexv5/libv5rt.a(v5_apijump.c.obj)
                0x00000000038012fc                vex_sprintf
 .text.vex_vsnprintf
                0x000000000380133c       0x3c /Applications/VEXcode Pro V5.app/Contents/Resources/sdk/vexv5/libv5rt.a(v5_apijump.c.obj)
                0x000000000380133c                vex_vsnprintf
 .text.vexSystemTimeGet
                0x0000000003801378       0x1c /Applications/VEXcode Pro V5.app/Contents/Resources/sdk/vexv5/libv5rt.a(v5_apijump.c.obj)
                0x0000000003801378                vexSystemTimeGet
 .text.vexSystemExitRequest
                0x0000000003801394       0x1c /Applications/VEXcode Pro V5.app/Contents/Resources/sdk/vexv5/libv5rt.a(v5_apijump.c.obj)
                0x0000000003801394                vexSystemExitRequest
 .text.vexDeviceGetByIndex
                0x00000000038013b0       0x24 /Applications/VEXcode Pro V5.app/Contents/Resources/sdk/vexv5/libv5rt.a(v5_apijump.c.obj)
                0x00000000038013b0                vexDeviceGetByIndex
 .text.vexDeviceMotorVelocitySet
                0x00000000038013d4       0x2c /Applications/VEXcode Pro V5.app/Contents/Resources/sdk/vexv5/libv5rt.a(v5_apijump.c.obj)
                0x00000000038013d4                vexDeviceMotorVelocitySet
 .text.vexDeviceMotorActualVelocityGet
                0x0000000003801400       0x24 /Applications/VEXcode Pro V5.app/Contents/Resources/sdk/vexv5/libv5rt.a(v5_apijump.c.obj)
                0x0000000003801400                vexDeviceMotorActualVelocityGet
 .text.vexDeviceMotorBrakeModeSet
                0x0000000003801424       0x2c /Applications/VEXcode Pro V5.app/Contents/Resources/sdk/vexv5/libv5rt.a(v5_apijump.c.obj)
                0x0000000003801424                vexDeviceMotorBrakeModeSet
 .text.vexDeviceMotorPositionSet
                0x0000000003801450       0x34 /Applications/VEXcode Pro V5.app/Contents/Resources/sdk/vexv5/libv5rt.a(v5_apijump.c.obj)
                0x0000000003801450                vexDeviceMotorPositionSet
 .text.vexDeviceMotorGearingGet
                0x0000000003801484       0x24 /Applications/VEXcode Pro V5.app/Contents/Resources/sdk/vexv5/libv5rt.a(v5_apijump.c.obj)
                0x0000000003801484                vexDeviceMotorGearingGet
 .text.vexDisplayForegroundColor
                0x00000000038014a8       0x24 /Applications/VEXcode Pro V5.app/Contents/Resources/sdk/vexv5/libv5rt.a(v5_apijump.c.obj)
                0x00000000038014a8                vexDisplayForegroundColor
 .text.vexDisplayBackgroundColor
                0x00000000038014cc       0x24 /Applications/VEXcode Pro V5.app/Contents/Resources/sdk/vexv5/libv5rt.a(v5_apijump.c.obj)
                0x00000000038014cc                vexDisplayBackgroundColor
 .text.vexDisplayBackgroundColorGet
                0x00000000038014f0       0x1c /Applications/VEXcode Pro V5.app/Contents/Resources/sdk/vexv5/libv5rt.a(v5_apijump.c.obj)
                0x00000000038014f0                vexDisplayBackgroundColorGet
 .text.vexDisplayRectDraw
                0x000000000380150c       0x4c /Applications/VEXcode Pro V5.app/Contents/Resources/sdk/vexv5/libv5rt.a(v5_apijump.c.obj)
                0x000000000380150c                vexDisplayRectDraw
 .text.vexDisplayRectClear
                0x0000000003801558       0x4c /Applications/VEXcode Pro V5.app/Contents/Resources/sdk/vexv5/libv5rt.a(v5_apijump.c.obj)
                0x0000000003801558                vexDisplayRectClear
 .text.vexDisplayPrintf
                0x00000000038015a4       0x68 /Applications/VEXcode Pro V5.app/Contents/Resources/sdk/vexv5/libv5rt.a(v5_apijump.c.obj)
                0x00000000038015a4                vexDisplayPrintf
 .text.vexDisplayTextReference
                0x000000000380160c       0x24 /Applications/VEXcode Pro V5.app/Contents/Resources/sdk/vexv5/libv5rt.a(v5_apijump.c.obj)
                0x000000000380160c                vexDisplayTextReference
 .text.vexDisplayTextSize
                0x0000000003801630       0x2c /Applications/VEXcode Pro V5.app/Contents/Resources/sdk/vexv5/libv5rt.a(v5_apijump.c.obj)
                0x0000000003801630                vexDisplayTextSize
 .text.vexDisplayFontNamedSet
                0x000000000380165c       0x24 /Applications/VEXcode Pro V5.app/Contents/Resources/sdk/vexv5/libv5rt.a(v5_apijump.c.obj)
                0x000000000380165c                vexDisplayFontNamedSet
 .text.vexDisplayPenSizeGet
                0x0000000003801680       0x1c /Applications/VEXcode Pro V5.app/Contents/Resources/sdk/vexv5/libv5rt.a(v5_apijump.c.obj)
                0x0000000003801680                vexDisplayPenSizeGet
 .text.vexSystemStdlibImpureDataAddr
                0x000000000380169c       0x28 /Applications/VEXcode Pro V5.app/Contents/Resources/sdk/vexv5/libv5rt.a(v5_apijump.c.obj)
                0x000000000380169c                vexSystemStdlibImpureDataAddr
 .text.vexSystemStdlibImpureDataSize
                0x00000000038016c4       0x28 /Applications/VEXcode Pro V5.app/Contents/Resources/sdk/vexv5/libv5rt.a(v5_apijump.c.obj)
                0x00000000038016c4                vexSystemStdlibImpureDataSize
 .text.vexSystemSaveUserData
                0x00000000038016ec       0x3c /Applications/VEXcode Pro V5.app/Contents/Resources/sdk/vexv5/libv5rt.a(v5_apijump.c.obj)
                0x00000000038016ec                vexSystemSaveUserData
 .text.vexDisplayClipRegionSet
                0x0000000003801728       0x4c /Applications/VEXcode Pro V5.app/Contents/Resources/sdk/vexv5/libv5rt.a(v5_apijump.c.obj)
                0x0000000003801728                vexDisplayClipRegionSet
 .text.vexDisplayThemeIdGet
                0x0000000003801774       0x38 /Applications/VEXcode Pro V5.app/Contents/Resources/sdk/vexv5/libv5rt.a(v5_apijump.c.obj)
                0x0000000003801774                vexDisplayThemeIdGet
 .text.vexDisplayRender
                0x00000000038017ac       0x2c /Applications/VEXcode Pro V5.app/Contents/Resources/sdk/vexv5/libv5rt.a(v5_apijump.c.obj)
                0x00000000038017ac                vexDisplayRender
 .text.vexDeviceEventMaskSet
                0x00000000038017d8       0x48 /Applications/VEXcode Pro V5.app/Contents/Resources/sdk/vexv5/libv5rt.a(v5_apijump.c.obj)
                0x00000000038017d8                vexDeviceEventMaskSet
 .text.vexDeviceEventMaskGet
                0x0000000003801820       0x3c /Applications/VEXcode Pro V5.app/Contents/Resources/sdk/vexv5/libv5rt.a(v5_apijump.c.obj)
                0x0000000003801820                vexDeviceEventMaskGet
 .text.vexDeviceGenericSerialEnable
                0x000000000380185c       0x2c /Applications/VEXcode Pro V5.app/Contents/Resources/sdk/vexv5/libv5rt.a(v5_apijump.c.obj)
                0x000000000380185c                vexDeviceGenericSerialEnable
 .text.vexDeviceGenericSerialBaudrate
                0x0000000003801888       0x2c /Applications/VEXcode Pro V5.app/Contents/Resources/sdk/vexv5/libv5rt.a(v5_apijump.c.obj)
                0x0000000003801888                vexDeviceGenericSerialBaudrate
 .text.vexDeviceGenericSerialWriteChar
                0x00000000038018b4       0x2c /Applications/VEXcode Pro V5.app/Contents/Resources/sdk/vexv5/libv5rt.a(v5_apijump.c.obj)
                0x00000000038018b4                vexDeviceGenericSerialWriteChar
 .text.vexDeviceGenericSerialWriteFree
                0x00000000038018e0       0x24 /Applications/VEXcode Pro V5.app/Contents/Resources/sdk/vexv5/libv5rt.a(v5_apijump.c.obj)
                0x00000000038018e0                vexDeviceGenericSerialWriteFree
 .text.vexDeviceGenericSerialTransmit
                0x0000000003801904       0x34 /Applications/VEXcode Pro V5.app/Contents/Resources/sdk/vexv5/libv5rt.a(v5_apijump.c.obj)
                0x0000000003801904                vexDeviceGenericSerialTransmit
 .text.vexDeviceGenericSerialReadChar
                0x0000000003801938       0x24 /Applications/VEXcode Pro V5.app/Contents/Resources/sdk/vexv5/libv5rt.a(v5_apijump.c.obj)
                0x0000000003801938                vexDeviceGenericSerialReadChar
 .text.vexDeviceGenericSerialPeekChar
                0x000000000380195c       0x24 /Applications/VEXcode Pro V5.app/Contents/Resources/sdk/vexv5/libv5rt.a(v5_apijump.c.obj)
                0x000000000380195c                vexDeviceGenericSerialPeekChar
 .text.vexDeviceGenericSerialReceiveAvail
                0x0000000003801980       0x24 /Applications/VEXcode Pro V5.app/Contents/Resources/sdk/vexv5/libv5rt.a(v5_apijump.c.obj)
                0x0000000003801980                vexDeviceGenericSerialReceiveAvail
 .text.vexDeviceGenericSerialReceive
                0x00000000038019a4       0x34 /Applications/VEXcode Pro V5.app/Contents/Resources/sdk/vexv5/libv5rt.a(v5_apijump.c.obj)
                0x00000000038019a4                vexDeviceGenericSerialReceive
 .text.vexDeviceGenericRadioConnection
                0x00000000038019d8       0x3c /Applications/VEXcode Pro V5.app/Contents/Resources/sdk/vexv5/libv5rt.a(v5_apijump.c.obj)
                0x00000000038019d8                vexDeviceGenericRadioConnection
 .text.vexDeviceGenericRadioWriteChar
                0x0000000003801a14       0x2c /Applications/VEXcode Pro V5.app/Contents/Resources/sdk/vexv5/libv5rt.a(v5_apijump.c.obj)
                0x0000000003801a14                vexDeviceGenericRadioWriteChar
 .text.vexDeviceGenericRadioWriteFree
                0x0000000003801a40       0x24 /Applications/VEXcode Pro V5.app/Contents/Resources/sdk/vexv5/libv5rt.a(v5_apijump.c.obj)
                0x0000000003801a40                vexDeviceGenericRadioWriteFree
 .text.vexDeviceGenericRadioTransmit
                0x0000000003801a64       0x34 /Applications/VEXcode Pro V5.app/Contents/Resources/sdk/vexv5/libv5rt.a(v5_apijump.c.obj)
                0x0000000003801a64                vexDeviceGenericRadioTransmit
 .text.vexDeviceGenericRadioReadChar
                0x0000000003801a98       0x24 /Applications/VEXcode Pro V5.app/Contents/Resources/sdk/vexv5/libv5rt.a(v5_apijump.c.obj)
                0x0000000003801a98                vexDeviceGenericRadioReadChar
 .text.vexDeviceGenericRadioPeekChar
                0x0000000003801abc       0x24 /Applications/VEXcode Pro V5.app/Contents/Resources/sdk/vexv5/libv5rt.a(v5_apijump.c.obj)
                0x0000000003801abc                vexDeviceGenericRadioPeekChar
 .text.vexDeviceGenericRadioReceiveAvail
                0x0000000003801ae0       0x24 /Applications/VEXcode Pro V5.app/Contents/Resources/sdk/vexv5/libv5rt.a(v5_apijump.c.obj)
                0x0000000003801ae0                vexDeviceGenericRadioReceiveAvail
 .text.vexDeviceGenericRadioReceive
                0x0000000003801b04       0x34 /Applications/VEXcode Pro V5.app/Contents/Resources/sdk/vexv5/libv5rt.a(v5_apijump.c.obj)
                0x0000000003801b04                vexDeviceGenericRadioReceive
 .text.vexDeviceGenericCdcConnection
                0x0000000003801b38       0x2c /Applications/VEXcode Pro V5.app/Contents/Resources/sdk/vexv5/libv5rt.a(v5_apijump.c.obj)
                0x0000000003801b38                vexDeviceGenericCdcConnection
 .text.vexDeviceGenericCdcWriteChar
                0x0000000003801b64       0x2c /Applications/VEXcode Pro V5.app/Contents/Resources/sdk/vexv5/libv5rt.a(v5_apijump.c.obj)
                0x0000000003801b64                vexDeviceGenericCdcWriteChar
 .text.vexDeviceGenericCdcWriteFree
                0x0000000003801b90       0x24 /Applications/VEXcode Pro V5.app/Contents/Resources/sdk/vexv5/libv5rt.a(v5_apijump.c.obj)
                0x0000000003801b90                vexDeviceGenericCdcWriteFree
 .text.vexDeviceGenericCdcTransmit
                0x0000000003801bb4       0x34 /Applications/VEXcode Pro V5.app/Contents/Resources/sdk/vexv5/libv5rt.a(v5_apijump.c.obj)
                0x0000000003801bb4                vexDeviceGenericCdcTransmit
 .text.vexDeviceGenericCdcReadChar
                0x0000000003801be8       0x24 /Applications/VEXcode Pro V5.app/Contents/Resources/sdk/vexv5/libv5rt.a(v5_apijump.c.obj)
                0x0000000003801be8                vexDeviceGenericCdcReadChar
 .text.vexDeviceGenericCdcPeekChar
                0x0000000003801c0c       0x24 /Applications/VEXcode Pro V5.app/Contents/Resources/sdk/vexv5/libv5rt.a(v5_apijump.c.obj)
                0x0000000003801c0c                vexDeviceGenericCdcPeekChar
 .text.vexDeviceGenericCdcReceiveAvail
                0x0000000003801c30       0x24 /Applications/VEXcode Pro V5.app/Contents/Resources/sdk/vexv5/libv5rt.a(v5_apijump.c.obj)
                0x0000000003801c30                vexDeviceGenericCdcReceiveAvail
 .text.vexDeviceGenericCdcReceive
                0x0000000003801c54       0x34 /Applications/VEXcode Pro V5.app/Contents/Resources/sdk/vexv5/libv5rt.a(v5_apijump.c.obj)
                0x0000000003801c54                vexDeviceGenericCdcReceive
 .text.vexSystemVersion
                0x0000000003801c88       0x10 /Applications/VEXcode Pro V5.app/Contents/Resources/sdk/vexv5/libv5rt.a(v5_apiversions.c.obj)
                0x0000000003801c88                vexSystemVersion
 .text.vexStdlibVersion
                0x0000000003801c98       0x10 /Applications/VEXcode Pro V5.app/Contents/Resources/sdk/vexv5/libv5rt.a(v5_apiversions.c.obj)
                0x0000000003801c98                vexStdlibVersion
 .text._ZN3vex5motorD2Ev
                0x0000000003801ca8       0x20 /Applications/VEXcode Pro V5.app/Contents/Resources/sdk/vexv5/libv5rt.a(vex_motor.cpp.obj)
                0x0000000003801ca8                vex::motor::~motor()
                0x0000000003801ca8                vex::motor::~motor()
 .text._ZN3vex5motorD0Ev
                0x0000000003801cc8       0x1c /Applications/VEXcode Pro V5.app/Contents/Resources/sdk/vexv5/libv5rt.a(vex_motor.cpp.obj)
                0x0000000003801cc8                vex::motor::~motor()
 .text._ZN3vex5motor9installedEv
                0x0000000003801ce4       0x18 /Applications/VEXcode Pro V5.app/Contents/Resources/sdk/vexv5/libv5rt.a(vex_motor.cpp.obj)
                0x0000000003801ce4                vex::motor::installed()
 .text._ZN3vex5motor15defaultStoppingENS_9brakeTypeE
                0x0000000003801cfc       0x30 /Applications/VEXcode Pro V5.app/Contents/Resources/sdk/vexv5/libv5rt.a(vex_motor.cpp.obj)
                0x0000000003801cfc                vex::motor::defaultStopping(vex::brakeType)
 .text._ZN3vex5motorC2El
                0x0000000003801d2c       0x78 /Applications/VEXcode Pro V5.app/Contents/Resources/sdk/vexv5/libv5rt.a(vex_motor.cpp.obj)
                0x0000000003801d2c                vex::motor::motor(long)
                0x0000000003801d2c                vex::motor::motor(long)
 .text._ZN3vex5motor16velocityToScaledEdNS_13velocityUnitsE
                0x0000000003801da4       0x5c /Applications/VEXcode Pro V5.app/Contents/Resources/sdk/vexv5/libv5rt.a(vex_motor.cpp.obj)
                0x0000000003801da4                vex::motor::velocityToScaled(double, vex::velocityUnits)
 .text._ZN3vex5motor8velocityENS_13velocityUnitsE
                0x0000000003801e00       0x30 /Applications/VEXcode Pro V5.app/Contents/Resources/sdk/vexv5/libv5rt.a(vex_motor.cpp.obj)
                0x0000000003801e00                vex::motor::velocity(vex::velocityUnits)
 .text._ZN3vex5motor5valueEv
                0x0000000003801e30       0x1c /Applications/VEXcode Pro V5.app/Contents/Resources/sdk/vexv5/libv5rt.a(vex_motor.cpp.obj)
                0x0000000003801e30                vex::motor::value()
 .text._ZN3vex5motor16scaledToVelocityEdNS_13velocityUnitsE
                0x0000000003801e4c       0xa4 /Applications/VEXcode Pro V5.app/Contents/Resources/sdk/vexv5/libv5rt.a(vex_motor.cpp.obj)
                0x0000000003801e4c                vex::motor::scaledToVelocity(double, vex::velocityUnits)
 .text._ZN3vex5motor4spinENS_13directionTypeEdNS_13velocityUnitsE
                0x0000000003801ef0       0x5c /Applications/VEXcode Pro V5.app/Contents/Resources/sdk/vexv5/libv5rt.a(vex_motor.cpp.obj)
                0x0000000003801ef0                vex::motor::spin(vex::directionType, double, vex::velocityUnits)
 .text._ZN3vex5motor11setVelocityEdNS_13velocityUnitsE
                0x0000000003801f4c       0x54 /Applications/VEXcode Pro V5.app/Contents/Resources/sdk/vexv5/libv5rt.a(vex_motor.cpp.obj)
                0x0000000003801f4c                vex::motor::setVelocity(double, vex::velocityUnits)
 .text._ZN3vex6threadC2EPFivE
                0x0000000003801fa0       0x5c /Applications/VEXcode Pro V5.app/Contents/Resources/sdk/vexv5/libv5rt.a(vex_thread.cpp.obj)
                0x0000000003801fa0                vex::thread::thread(int (*)())
                0x0000000003801fa0                vex::thread::thread(int (*)())
 .text._ZN3vex6threadC2EPFiPvES1_
                0x0000000003801ffc       0x5c /Applications/VEXcode Pro V5.app/Contents/Resources/sdk/vexv5/libv5rt.a(vex_thread.cpp.obj)
                0x0000000003801ffc                vex::thread::thread(int (*)(void*), void*)
                0x0000000003801ffc                vex::thread::thread(int (*)(void*), void*)
 .text._ZN3vex6threadD2Ev
                0x0000000003802058        0x4 /Applications/VEXcode Pro V5.app/Contents/Resources/sdk/vexv5/libv5rt.a(vex_thread.cpp.obj)
                0x0000000003802058                vex::thread::~thread()
                0x0000000003802058                vex::thread::~thread()
 .text._ZN3vex6thread11setPriorityEl
                0x000000000380205c       0x1c /Applications/VEXcode Pro V5.app/Contents/Resources/sdk/vexv5/libv5rt.a(vex_thread.cpp.obj)
                0x000000000380205c                vex::thread::setPriority(long)
 .text._ZN3vex11this_thread5yieldEv
                0x0000000003802078        0x4 /Applications/VEXcode Pro V5.app/Contents/Resources/sdk/vexv5/libv5rt.a(vex_thread.cpp.obj)
                0x0000000003802078                vex::this_thread::yield()
 .text._ZN3vex11this_thread9sleep_forEm
                0x000000000380207c        0x4 /Applications/VEXcode Pro V5.app/Contents/Resources/sdk/vexv5/libv5rt.a(vex_thread.cpp.obj)
                0x000000000380207c                vex::this_thread::sleep_for(unsigned long)
 .text._ZN3vex5mutexC2Ev
                0x0000000003802080       0x1c /Applications/VEXcode Pro V5.app/Contents/Resources/sdk/vexv5/libv5rt.a(vex_thread.cpp.obj)
                0x0000000003802080                vex::mutex::mutex()
                0x0000000003802080                vex::mutex::mutex()
 .text._ZN3vex5mutexD2Ev
                0x000000000380209c        0x4 /Applications/VEXcode Pro V5.app/Contents/Resources/sdk/vexv5/libv5rt.a(vex_thread.cpp.obj)
                0x000000000380209c                vex::mutex::~mutex()
                0x000000000380209c                vex::mutex::~mutex()
 .text._ZN3vex5mutex4lockEv
                0x00000000038020a0        0x8 /Applications/VEXcode Pro V5.app/Contents/Resources/sdk/vexv5/libv5rt.a(vex_thread.cpp.obj)
                0x00000000038020a0                vex::mutex::lock()
 .text._ZN3vex5mutex6unlockEv
                0x00000000038020a8        0x4 /Applications/VEXcode Pro V5.app/Contents/Resources/sdk/vexv5/libv5rt.a(vex_thread.cpp.obj)
                0x00000000038020a8                vex::mutex::unlock()
 .text._ZN3vex5brain9_getIndexEv
                0x00000000038020ac       0x10 /Applications/VEXcode Pro V5.app/Contents/Resources/sdk/vexv5/libv5rt.a(vex_brain.cpp.obj)
                0x00000000038020ac                vex::brain::_getIndex()
 .text._ZN3vex5brain3lcd9setCursorEll
                0x00000000038020bc       0x44 /Applications/VEXcode Pro V5.app/Contents/Resources/sdk/vexv5/libv5rt.a(vex_brain.cpp.obj)
                0x00000000038020bc                vex::brain::lcd::setCursor(long, long)
 .text._ZN3vex5brain3lcd7setFontENS_8fontTypeE
                0x0000000003802100      0x23c /Applications/VEXcode Pro V5.app/Contents/Resources/sdk/vexv5/libv5rt.a(vex_brain.cpp.obj)
                0x0000000003802100                vex::brain::lcd::setFont(vex::fontType)
 .text._ZN3vex5brain3lcdC2Ev
                0x000000000380233c       0x94 /Applications/VEXcode Pro V5.app/Contents/Resources/sdk/vexv5/libv5rt.a(vex_brain.cpp.obj)
                0x000000000380233c                vex::brain::lcd::lcd()
                0x000000000380233c                vex::brain::lcd::lcd()
 .text._ZN3vex5brainC2Ev
                0x00000000038023d0       0x38 /Applications/VEXcode Pro V5.app/Contents/Resources/sdk/vexv5/libv5rt.a(vex_brain.cpp.obj)
                0x00000000038023d0                vex::brain::brain()
                0x00000000038023d0                vex::brain::brain()
 .text._ZN3vex5brain3lcd11setPenColorERKNS_5colorE
                0x0000000003802408       0x14 /Applications/VEXcode Pro V5.app/Contents/Resources/sdk/vexv5/libv5rt.a(vex_brain.cpp.obj)
                0x0000000003802408                vex::brain::lcd::setPenColor(vex::color const&)
 .text._ZN3vex5brain3lcd12setFillColorERKNS_5colorE
                0x000000000380241c       0x38 /Applications/VEXcode Pro V5.app/Contents/Resources/sdk/vexv5/libv5rt.a(vex_brain.cpp.obj)
                0x000000000380241c                vex::brain::lcd::setFillColor(vex::color const&)
 .text._ZN3vex5brain3lcd7printAtEllPKcz
                0x0000000003802454       0x6c /Applications/VEXcode Pro V5.app/Contents/Resources/sdk/vexv5/libv5rt.a(vex_brain.cpp.obj)
                0x0000000003802454                vex::brain::lcd::printAt(long, long, char const*, ...)
 .text._ZN3vex5brain3lcd13drawRectangleEiiii
                0x00000000038024c0       0xdc /Applications/VEXcode Pro V5.app/Contents/Resources/sdk/vexv5/libv5rt.a(vex_brain.cpp.obj)
                0x00000000038024c0                vex::brain::lcd::drawRectangle(int, int, int, int)
 .text._ZN3vex5brain3lcd14_drawRectangleEiiiim
                0x000000000380259c       0x74 /Applications/VEXcode Pro V5.app/Contents/Resources/sdk/vexv5/libv5rt.a(vex_brain.cpp.obj)
                0x000000000380259c                vex::brain::lcd::_drawRectangle(int, int, int, int, unsigned long)
 .text._ZN3vex5brain3lcd13drawRectangleEiiiiRKNS_5colorE
                0x0000000003802610       0x68 /Applications/VEXcode Pro V5.app/Contents/Resources/sdk/vexv5/libv5rt.a(vex_brain.cpp.obj)
                0x0000000003802610                vex::brain::lcd::drawRectangle(int, int, int, int, vex::color const&)
 .text._ZN3vex5brain3lcd6renderEv
                0x0000000003802678        0xc /Applications/VEXcode Pro V5.app/Contents/Resources/sdk/vexv5/libv5rt.a(vex_brain.cpp.obj)
                0x0000000003802678                vex::brain::lcd::render()
 .text._ZN3vex5brain3lcd13setClipRegionEiiii
                0x0000000003802684       0x34 /Applications/VEXcode Pro V5.app/Contents/Resources/sdk/vexv5/libv5rt.a(vex_brain.cpp.obj)
                0x0000000003802684                vex::brain::lcd::setClipRegion(int, int, int, int)
 .text._ZN3vex5brainD2Ev
                0x00000000038026b8       0x20 /Applications/VEXcode Pro V5.app/Contents/Resources/sdk/vexv5/libv5rt.a(vex_brain.cpp.obj)
                0x00000000038026b8                vex::brain::~brain()
                0x00000000038026b8                vex::brain::~brain()
 .text._ZN3vex11competition11_autonomousEv
                0x00000000038026d8       0x90 /Applications/VEXcode Pro V5.app/Contents/Resources/sdk/vexv5/libv5rt.a(vex_competition.cpp.obj)
                0x00000000038026d8                vex::competition::_autonomous()
 .text._ZN3vex11competition14_drivercontrolEv
                0x0000000003802768       0x90 /Applications/VEXcode Pro V5.app/Contents/Resources/sdk/vexv5/libv5rt.a(vex_competition.cpp.obj)
                0x0000000003802768                vex::competition::_drivercontrol()
 .text._ZN3vex11competition8_disableEPv
                0x00000000038027f8       0xc8 /Applications/VEXcode Pro V5.app/Contents/Resources/sdk/vexv5/libv5rt.a(vex_competition.cpp.obj)
                0x00000000038027f8                vex::competition::_disable(void*)
 .text._ZN3vex11competitionC2Ev
                0x00000000038028c0      0x13c /Applications/VEXcode Pro V5.app/Contents/Resources/sdk/vexv5/libv5rt.a(vex_competition.cpp.obj)
                0x00000000038028c0                vex::competition::competition()
                0x00000000038028c0                vex::competition::competition()
 .text._ZN3vex11competitionD2Ev
                0x00000000038029fc        0x4 /Applications/VEXcode Pro V5.app/Contents/Resources/sdk/vexv5/libv5rt.a(vex_competition.cpp.obj)
                0x00000000038029fc                vex::competition::~competition()
                0x00000000038029fc                vex::competition::~competition()
 .text._ZN3vex11competition10autonomousEPFvvE
                0x0000000003802a00       0x44 /Applications/VEXcode Pro V5.app/Contents/Resources/sdk/vexv5/libv5rt.a(vex_competition.cpp.obj)
                0x0000000003802a00                vex::competition::autonomous(void (*)())
 .text._ZN3vex11competition13drivercontrolEPFvvE
                0x0000000003802a44       0x44 /Applications/VEXcode Pro V5.app/Contents/Resources/sdk/vexv5/libv5rt.a(vex_competition.cpp.obj)
                0x0000000003802a44                vex::competition::drivercontrol(void (*)())
 .text._ZN3vex7triportD2Ev
                0x0000000003802a88       0x38 /Applications/VEXcode Pro V5.app/Contents/Resources/sdk/vexv5/libv5rt.a(vex_triport.cpp.obj)
                0x0000000003802a88                vex::triport::~triport()
                0x0000000003802a88                vex::triport::~triport()
 .text._ZN3vex7triportD0Ev
                0x0000000003802ac0       0x1c /Applications/VEXcode Pro V5.app/Contents/Resources/sdk/vexv5/libv5rt.a(vex_triport.cpp.obj)
                0x0000000003802ac0                vex::triport::~triport()
 .text._ZN3vex7triport9installedEv
                0x0000000003802adc       0x18 /Applications/VEXcode Pro V5.app/Contents/Resources/sdk/vexv5/libv5rt.a(vex_triport.cpp.obj)
                0x0000000003802adc                vex::triport::installed()
 .text._ZN3vex7triport4portC2ElPS0_
                0x0000000003802af4       0x74 /Applications/VEXcode Pro V5.app/Contents/Resources/sdk/vexv5/libv5rt.a(vex_triport.cpp.obj)
                0x0000000003802af4                vex::triport::port::port(long, vex::triport*)
                0x0000000003802af4                vex::triport::port::port(long, vex::triport*)
 .text._ZN3vex7triportC2El
                0x0000000003802b68       0xf0 /Applications/VEXcode Pro V5.app/Contents/Resources/sdk/vexv5/libv5rt.a(vex_triport.cpp.obj)
                0x0000000003802b68                vex::triport::triport(long)
                0x0000000003802b68                vex::triport::triport(long)
 .text.startup._GLOBAL__sub_I__ZN3vex7triportC2El
                0x0000000003802c58       0x30 /Applications/VEXcode Pro V5.app/Contents/Resources/sdk/vexv5/libv5rt.a(vex_triport.cpp.obj)
 .text._ZN3vex5colorD2Ev
                0x0000000003802c88        0x4 /Applications/VEXcode Pro V5.app/Contents/Resources/sdk/vexv5/libv5rt.a(vex_color.cpp.obj)
                0x0000000003802c88                vex::color::~color()
                0x0000000003802c88                vex::color::~color()
 .text._ZN3vex5colorC2Ei
                0x0000000003802c8c       0x10 /Applications/VEXcode Pro V5.app/Contents/Resources/sdk/vexv5/libv5rt.a(vex_color.cpp.obj)
                0x0000000003802c8c                vex::color::color(int)
                0x0000000003802c8c                vex::color::color(int)
 .text._ZNK3vex5colorcvmEv
                0x0000000003802c9c        0x8 /Applications/VEXcode Pro V5.app/Contents/Resources/sdk/vexv5/libv5rt.a(vex_color.cpp.obj)
                0x0000000003802c9c                vex::color::operator unsigned long() const
 .text._ZNK3vex5color13isTransparentEv
                0x0000000003802ca4        0x8 /Applications/VEXcode Pro V5.app/Contents/Resources/sdk/vexv5/libv5rt.a(vex_color.cpp.obj)
                0x0000000003802ca4                vex::color::isTransparent() const
 .text.startup._GLOBAL__sub_I__ZN3vex5color5blackE
                0x0000000003802cac      0x164 /Applications/VEXcode Pro V5.app/Contents/Resources/sdk/vexv5/libv5rt.a(vex_color.cpp.obj)
 .text._ZN3vex5timerD2Ev
                0x0000000003802e10        0x4 /Applications/VEXcode Pro V5.app/Contents/Resources/sdk/vexv5/libv5rt.a(vex_timer.cpp.obj)
                0x0000000003802e10                vex::timer::~timer()
                0x0000000003802e10                vex::timer::~timer()
 .text._ZN3vex5timer5clearEv
                0x0000000003802e14       0x1c /Applications/VEXcode Pro V5.app/Contents/Resources/sdk/vexv5/libv5rt.a(vex_timer.cpp.obj)
                0x0000000003802e14                vex::timer::clear()
 .text._ZN3vex5timerC2Ev
                0x0000000003802e30       0x14 /Applications/VEXcode Pro V5.app/Contents/Resources/sdk/vexv5/libv5rt.a(vex_timer.cpp.obj)
                0x0000000003802e30                vex::timer::timer()
                0x0000000003802e30                vex::timer::timer()
 .text._ZNK3vex5timer4timeEv
                0x0000000003802e44       0x1c /Applications/VEXcode Pro V5.app/Contents/Resources/sdk/vexv5/libv5rt.a(vex_timer.cpp.obj)
                0x0000000003802e44                vex::timer::time() const
 .text._ZN3vex5timer6systemEv
                0x0000000003802e60        0x4 /Applications/VEXcode Pro V5.app/Contents/Resources/sdk/vexv5/libv5rt.a(vex_timer.cpp.obj)
                0x0000000003802e60                vex::timer::system()
 .text._ZN3vex7vexlinkD2Ev
                0x0000000003802e64       0x20 /Applications/VEXcode Pro V5.app/Contents/Resources/sdk/vexv5/libv5rt.a(vex_vexlink.cpp.obj)
                0x0000000003802e64                vex::vexlink::~vexlink()
                0x0000000003802e64                vex::vexlink::~vexlink()
 .text._ZN3vex12message_linkD2Ev
                0x0000000003802e84       0x28 /Applications/VEXcode Pro V5.app/Contents/Resources/sdk/vexv5/libv5rt.a(vex_vexlink.cpp.obj)
                0x0000000003802e84                vex::message_link::~message_link()
                0x0000000003802e84                vex::message_link::~message_link()
 .text._ZN3vex7vexlinkD0Ev
                0x0000000003802eac       0x1c /Applications/VEXcode Pro V5.app/Contents/Resources/sdk/vexv5/libv5rt.a(vex_vexlink.cpp.obj)
                0x0000000003802eac                vex::vexlink::~vexlink()
 .text._ZN3vex12message_linkD0Ev
                0x0000000003802ec8       0x1c /Applications/VEXcode Pro V5.app/Contents/Resources/sdk/vexv5/libv5rt.a(vex_vexlink.cpp.obj)
                0x0000000003802ec8                vex::message_link::~message_link()
 .text._ZN3vex7vexlink9installedEv
                0x0000000003802ee4       0x18 /Applications/VEXcode Pro V5.app/Contents/Resources/sdk/vexv5/libv5rt.a(vex_vexlink.cpp.obj)
                0x0000000003802ee4                vex::vexlink::installed()
 .text._ZN3vex7vexlinkC2ElPKcNS_8linkTypeEb
                0x0000000003802efc      0x1d0 /Applications/VEXcode Pro V5.app/Contents/Resources/sdk/vexv5/libv5rt.a(vex_vexlink.cpp.obj)
                0x0000000003802efc                vex::vexlink::vexlink(long, char const*, vex::linkType, bool)
                0x0000000003802efc                vex::vexlink::vexlink(long, char const*, vex::linkType, bool)
 .text._ZN3vex7vexlink5crc32EPhmm
                0x00000000038030cc       0x7c /Applications/VEXcode Pro V5.app/Contents/Resources/sdk/vexv5/libv5rt.a(vex_vexlink.cpp.obj)
                0x00000000038030cc                vex::vexlink::crc32(unsigned char*, unsigned long, unsigned long)
 .text._ZN3vex7vexlink8strcrc32EPKc
                0x0000000003803148       0x20 /Applications/VEXcode Pro V5.app/Contents/Resources/sdk/vexv5/libv5rt.a(vex_vexlink.cpp.obj)
                0x0000000003803148                vex::vexlink::strcrc32(char const*)
 .text._ZN3vex12message_linkC2ElPKcNS_8linkTypeEb
                0x0000000003803168       0x4c /Applications/VEXcode Pro V5.app/Contents/Resources/sdk/vexv5/libv5rt.a(vex_vexlink.cpp.obj)
                0x0000000003803168                vex::message_link::message_link(long, char const*, vex::linkType, bool)
                0x0000000003803168                vex::message_link::message_link(long, char const*, vex::linkType, bool)
 .text._ZN3vex12message_link13_eventHandlerEv
                0x00000000038031b4      0x2c0 /Applications/VEXcode Pro V5.app/Contents/Resources/sdk/vexv5/libv5rt.a(vex_vexlink.cpp.obj)
                0x00000000038031b4                vex::message_link::_eventHandler()
 .text._ZN3vex12message_link13_eventHandlerEPv
                0x0000000003803474        0xc /Applications/VEXcode Pro V5.app/Contents/Resources/sdk/vexv5/libv5rt.a(vex_vexlink.cpp.obj)
                0x0000000003803474                vex::message_link::_eventHandler(void*)
 .text._ZN3vex12message_link18_addMessageHandlerEPKcPvl
                0x0000000003803480       0xa0 /Applications/VEXcode Pro V5.app/Contents/Resources/sdk/vexv5/libv5rt.a(vex_vexlink.cpp.obj)
                0x0000000003803480                vex::message_link::_addMessageHandler(char const*, void*, long)
 .text._ZN3vex12message_link8receivedEPKcPFvS2_S2_dE
                0x0000000003803520        0x8 /Applications/VEXcode Pro V5.app/Contents/Resources/sdk/vexv5/libv5rt.a(vex_vexlink.cpp.obj)
                0x0000000003803520                vex::message_link::received(char const*, void (*)(char const*, char const*, double))
 .text.vexMotorVelocitySet
                0x0000000003803528       0x20 /Applications/VEXcode Pro V5.app/Contents/Resources/sdk/vexv5/libv5rt.a(v5_apiuser.c.obj)
                0x0000000003803528                vexMotorVelocitySet
 .text.vexMotorActualVelocityGet
                0x0000000003803548       0x24 /Applications/VEXcode Pro V5.app/Contents/Resources/sdk/vexv5/libv5rt.a(v5_apiuser.c.obj)
                0x0000000003803548                vexMotorActualVelocityGet
 .text.vexMotorBrakeModeSet
                0x000000000380356c       0x20 /Applications/VEXcode Pro V5.app/Contents/Resources/sdk/vexv5/libv5rt.a(v5_apiuser.c.obj)
                0x000000000380356c                vexMotorBrakeModeSet
 .text.vexMotorPositionSet
                0x000000000380358c       0x28 /Applications/VEXcode Pro V5.app/Contents/Resources/sdk/vexv5/libv5rt.a(v5_apiuser.c.obj)
                0x000000000380358c                vexMotorPositionSet
 .text.vexMotorGearingGet
                0x00000000038035b4       0x18 /Applications/VEXcode Pro V5.app/Contents/Resources/sdk/vexv5/libv5rt.a(v5_apiuser.c.obj)
                0x00000000038035b4                vexMotorGearingGet
 .text.vexEventMaskSet
                0x00000000038035cc       0x28 /Applications/VEXcode Pro V5.app/Contents/Resources/sdk/vexv5/libv5rt.a(v5_apiuser.c.obj)
                0x00000000038035cc                vexEventMaskSet
 .text.vexEventMaskGet
                0x00000000038035f4       0x18 /Applications/VEXcode Pro V5.app/Contents/Resources/sdk/vexv5/libv5rt.a(v5_apiuser.c.obj)
                0x00000000038035f4                vexEventMaskGet
 .text.vexGenericSerialEnable
                0x000000000380360c       0x20 /Applications/VEXcode Pro V5.app/Contents/Resources/sdk/vexv5/libv5rt.a(v5_apiuser.c.obj)
                0x000000000380360c                vexGenericSerialEnable
 .text.vexGenericSerialBaudrate
                0x000000000380362c       0x20 /Applications/VEXcode Pro V5.app/Contents/Resources/sdk/vexv5/libv5rt.a(v5_apiuser.c.obj)
                0x000000000380362c                vexGenericSerialBaudrate
 .text.vexGenericSerialWriteChar
                0x000000000380364c       0x20 /Applications/VEXcode Pro V5.app/Contents/Resources/sdk/vexv5/libv5rt.a(v5_apiuser.c.obj)
                0x000000000380364c                vexGenericSerialWriteChar
 .text.vexGenericSerialWriteFree
                0x000000000380366c       0x18 /Applications/VEXcode Pro V5.app/Contents/Resources/sdk/vexv5/libv5rt.a(v5_apiuser.c.obj)
                0x000000000380366c                vexGenericSerialWriteFree
 .text.vexGenericSerialTransmit
                0x0000000003803684       0x28 /Applications/VEXcode Pro V5.app/Contents/Resources/sdk/vexv5/libv5rt.a(v5_apiuser.c.obj)
                0x0000000003803684                vexGenericSerialTransmit
 .text.vexGenericSerialReadChar
                0x00000000038036ac       0x18 /Applications/VEXcode Pro V5.app/Contents/Resources/sdk/vexv5/libv5rt.a(v5_apiuser.c.obj)
                0x00000000038036ac                vexGenericSerialReadChar
 .text.vexGenericSerialPeekChar
                0x00000000038036c4       0x18 /Applications/VEXcode Pro V5.app/Contents/Resources/sdk/vexv5/libv5rt.a(v5_apiuser.c.obj)
                0x00000000038036c4                vexGenericSerialPeekChar
 .text.vexGenericSerialReceiveAvail
                0x00000000038036dc       0x18 /Applications/VEXcode Pro V5.app/Contents/Resources/sdk/vexv5/libv5rt.a(v5_apiuser.c.obj)
                0x00000000038036dc                vexGenericSerialReceiveAvail
 .text.vexGenericSerialReceive
                0x00000000038036f4       0x28 /Applications/VEXcode Pro V5.app/Contents/Resources/sdk/vexv5/libv5rt.a(v5_apiuser.c.obj)
                0x00000000038036f4                vexGenericSerialReceive
 .text.vexGenericRadioConnection
                0x000000000380371c       0x30 /Applications/VEXcode Pro V5.app/Contents/Resources/sdk/vexv5/libv5rt.a(v5_apiuser.c.obj)
                0x000000000380371c                vexGenericRadioConnection
 .text.vexGenericRadioWriteChar
                0x000000000380374c       0x20 /Applications/VEXcode Pro V5.app/Contents/Resources/sdk/vexv5/libv5rt.a(v5_apiuser.c.obj)
                0x000000000380374c                vexGenericRadioWriteChar
 .text.vexGenericRadioWriteFree
                0x000000000380376c       0x18 /Applications/VEXcode Pro V5.app/Contents/Resources/sdk/vexv5/libv5rt.a(v5_apiuser.c.obj)
                0x000000000380376c                vexGenericRadioWriteFree
 .text.vexGenericRadioTransmit
                0x0000000003803784       0x28 /Applications/VEXcode Pro V5.app/Contents/Resources/sdk/vexv5/libv5rt.a(v5_apiuser.c.obj)
                0x0000000003803784                vexGenericRadioTransmit
 .text.vexGenericRadioReadChar
                0x00000000038037ac       0x18 /Applications/VEXcode Pro V5.app/Contents/Resources/sdk/vexv5/libv5rt.a(v5_apiuser.c.obj)
                0x00000000038037ac                vexGenericRadioReadChar
 .text.vexGenericRadioPeekChar
                0x00000000038037c4       0x18 /Applications/VEXcode Pro V5.app/Contents/Resources/sdk/vexv5/libv5rt.a(v5_apiuser.c.obj)
                0x00000000038037c4                vexGenericRadioPeekChar
 .text.vexGenericRadioReceiveAvail
                0x00000000038037dc       0x18 /Applications/VEXcode Pro V5.app/Contents/Resources/sdk/vexv5/libv5rt.a(v5_apiuser.c.obj)
                0x00000000038037dc                vexGenericRadioReceiveAvail
 .text.vexGenericRadioReceive
                0x00000000038037f4       0x28 /Applications/VEXcode Pro V5.app/Contents/Resources/sdk/vexv5/libv5rt.a(v5_apiuser.c.obj)
                0x00000000038037f4                vexGenericRadioReceive
 .text.vexGenericCdcConnection
                0x000000000380381c       0x20 /Applications/VEXcode Pro V5.app/Contents/Resources/sdk/vexv5/libv5rt.a(v5_apiuser.c.obj)
                0x000000000380381c                vexGenericCdcConnection
 .text.vexGenericCdcWriteChar
                0x000000000380383c       0x20 /Applications/VEXcode Pro V5.app/Contents/Resources/sdk/vexv5/libv5rt.a(v5_apiuser.c.obj)
                0x000000000380383c                vexGenericCdcWriteChar
 .text.vexGenericCdcWriteFree
                0x000000000380385c       0x18 /Applications/VEXcode Pro V5.app/Contents/Resources/sdk/vexv5/libv5rt.a(v5_apiuser.c.obj)
                0x000000000380385c                vexGenericCdcWriteFree
 .text.vexGenericCdcTransmit
                0x0000000003803874       0x28 /Applications/VEXcode Pro V5.app/Contents/Resources/sdk/vexv5/libv5rt.a(v5_apiuser.c.obj)
                0x0000000003803874                vexGenericCdcTransmit
 .text.vexGenericCdcReadChar
                0x000000000380389c       0x18 /Applications/VEXcode Pro V5.app/Contents/Resources/sdk/vexv5/libv5rt.a(v5_apiuser.c.obj)
                0x000000000380389c                vexGenericCdcReadChar
 .text.vexGenericCdcPeekChar
                0x00000000038038b4       0x18 /Applications/VEXcode Pro V5.app/Contents/Resources/sdk/vexv5/libv5rt.a(v5_apiuser.c.obj)
                0x00000000038038b4                vexGenericCdcPeekChar
 .text.vexGenericCdcReceiveAvail
                0x00000000038038cc       0x18 /Applications/VEXcode Pro V5.app/Contents/Resources/sdk/vexv5/libv5rt.a(v5_apiuser.c.obj)
                0x00000000038038cc                vexGenericCdcReceiveAvail
 .text.vexGenericCdcReceive
                0x00000000038038e4       0x28 /Applications/VEXcode Pro V5.app/Contents/Resources/sdk/vexv5/libv5rt.a(v5_apiuser.c.obj)
                0x00000000038038e4                vexGenericCdcReceive
 .text._ZN3vex6deviceD2Ev
                0x000000000380390c        0x4 /Applications/VEXcode Pro V5.app/Contents/Resources/sdk/vexv5/libv5rt.a(vex_device.cpp.obj)
                0x000000000380390c                vex::device::~device()
                0x000000000380390c                vex::device::~device()
 .text._ZN3vex6device5valueEv
                0x0000000003803910        0x8 /Applications/VEXcode Pro V5.app/Contents/Resources/sdk/vexv5/libv5rt.a(vex_device.cpp.obj)
                0x0000000003803910                vex::device::value()
 .text._ZN3vex6deviceD0Ev
                0x0000000003803918       0x14 /Applications/VEXcode Pro V5.app/Contents/Resources/sdk/vexv5/libv5rt.a(vex_device.cpp.obj)
                0x0000000003803918                vex::device::~device()
 .text._ZN3vex6device4initEl
                0x000000000380392c       0x30 /Applications/VEXcode Pro V5.app/Contents/Resources/sdk/vexv5/libv5rt.a(vex_device.cpp.obj)
                0x000000000380392c                vex::device::init(long)
 .text._ZN3vex6deviceC2El
                0x000000000380395c       0x20 /Applications/VEXcode Pro V5.app/Contents/Resources/sdk/vexv5/libv5rt.a(vex_device.cpp.obj)
                0x000000000380395c                vex::device::device(long)
                0x000000000380395c                vex::device::device(long)
 .text._ZN3vex6device4typeEv
                0x000000000380397c       0x10 /Applications/VEXcode Pro V5.app/Contents/Resources/sdk/vexv5/libv5rt.a(vex_device.cpp.obj)
                0x000000000380397c                vex::device::type()
 .text._ZN3vex6device9installedEv
                0x000000000380398c       0x14 /Applications/VEXcode Pro V5.app/Contents/Resources/sdk/vexv5/libv5rt.a(vex_device.cpp.obj)
                0x000000000380398c                vex::device::installed()
 .text._ZN3vex4taskC2EPFivE
                0x00000000038039a0       0x5c /Applications/VEXcode Pro V5.app/Contents/Resources/sdk/vexv5/libv5rt.a(vex_task.cpp.obj)
                0x00000000038039a0                vex::task::task(int (*)())
                0x00000000038039a0                vex::task::task(int (*)())
 .text._ZN3vex4taskD2Ev
                0x00000000038039fc        0x4 /Applications/VEXcode Pro V5.app/Contents/Resources/sdk/vexv5/libv5rt.a(vex_task.cpp.obj)
                0x00000000038039fc                vex::task::~task()
                0x00000000038039fc                vex::task::~task()
 .text._ZN3vex4task4stopERKS0_
                0x0000000003803a00       0x18 /Applications/VEXcode Pro V5.app/Contents/Resources/sdk/vexv5/libv5rt.a(vex_task.cpp.obj)
                0x0000000003803a00                vex::task::stop(vex::task const&)
 .text._ZN3vex4task6_indexEPFivE
                0x0000000003803a18       0x14 /Applications/VEXcode Pro V5.app/Contents/Resources/sdk/vexv5/libv5rt.a(vex_task.cpp.obj)
                0x0000000003803a18                vex::task::_index(int (*)())
 .text._ZN3vex4task8_stopAllEv
                0x0000000003803a2c       0x3c /Applications/VEXcode Pro V5.app/Contents/Resources/sdk/vexv5/libv5rt.a(vex_task.cpp.obj)
                0x0000000003803a2c                vex::task::_stopAll()
 .text._ZN3vex5event4initEmmPFvvE
                0x0000000003803a68        0x4 /Applications/VEXcode Pro V5.app/Contents/Resources/sdk/vexv5/libv5rt.a(vex_event.cpp.obj)
                0x0000000003803a68                vex::event::init(unsigned long, unsigned long, void (*)())
 .text._ZN3vex5event4initEmmPFvPvES1_
                0x0000000003803a6c        0x4 /Applications/VEXcode Pro V5.app/Contents/Resources/sdk/vexv5/libv5rt.a(vex_event.cpp.obj)
                0x0000000003803a6c                vex::event::init(unsigned long, unsigned long, void (*)(void*), void*)
 .text._ZN3vex5event9userindexEv
                0x0000000003803a70        0x4 /Applications/VEXcode Pro V5.app/Contents/Resources/sdk/vexv5/libv5rt.a(vex_event.cpp.obj)
                0x0000000003803a70                vex::event::userindex()
 .text._ZZN3vex6meventC4EmmENUlvE_4_FUNEv
                0x0000000003803a74        0x4 /Applications/VEXcode Pro V5.app/Contents/Resources/sdk/vexv5/libv5rt.a(vex_mevent.cpp.obj)
 .text._ZN3vex6meventC2Emm
                0x0000000003803a78       0x70 /Applications/VEXcode Pro V5.app/Contents/Resources/sdk/vexv5/libv5rt.a(vex_mevent.cpp.obj)
                0x0000000003803a78                vex::mevent::mevent(unsigned long, unsigned long)
                0x0000000003803a78                vex::mevent::mevent(unsigned long, unsigned long)
 .text.__aeabi_memcpy
                0x0000000003803ae8        0x4 /Applications/VEXcode Pro V5.app/Contents/Resources/sdk/vexv5/gcc/libs/libc.a(lib_a-aeabi_memcpy.o)
                0x0000000003803ae8                __aeabi_memcpy4
                0x0000000003803ae8                __aeabi_memcpy
                0x0000000003803ae8                __aeabi_memcpy8
 .text.__libc_fini_array
                0x0000000003803aec       0x30 /Applications/VEXcode Pro V5.app/Contents/Resources/sdk/vexv5/gcc/libs/libc.a(lib_a-fini.o)
                0x0000000003803aec                __libc_fini_array
 .text.fprintf  0x0000000003803b1c       0x2c /Applications/VEXcode Pro V5.app/Contents/Resources/sdk/vexv5/gcc/libs/libc.a(lib_a-fprintf.o)
                0x0000000003803b1c                fprintf
 .text.__libc_init_array
                0x0000000003803b48       0x58 /Applications/VEXcode Pro V5.app/Contents/Resources/sdk/vexv5/gcc/libs/libc.a(lib_a-init.o)
                0x0000000003803b48                __libc_init_array
 .text.memcpy   0x0000000003803ba0       0xa8 /Applications/VEXcode Pro V5.app/Contents/Resources/sdk/vexv5/gcc/libs/libc.a(lib_a-memcpy.o)
                0x0000000003803ba0                memcpy
 .text.memcpy.__stub
                0x0000000003803c48       0x20 linker stubs
 *(.gnu.linkonce.t.*)
 *(.plt)
 *(.gnu_warning)
 *(.gcc_except_table)
 *(.glue_7)
 .glue_7        0x0000000003803c68        0x0 linker stubs
 *(.glue_7t)
 .glue_7t       0x0000000003803c68        0x0 linker stubs
 *(.vfp11_veneer)
 .vfp11_veneer  0x0000000003803c68        0x0 linker stubs
 *(.ARM.extab)
 *(.gnu.linkonce.armextab.*)

.v4_bx          0x0000000003803c68        0x0
 .v4_bx         0x0000000003803c68        0x0 linker stubs

.iplt           0x0000000003803c68        0x0
 .iplt          0x0000000003803c68        0x0 build/src/ai_jetson.o

.init
 *(.init)

.fini
 *(.fini)

.rodata         0x0000000003803c68      0x270
                0x0000000003803c68                __rodata_start = .
 *(.rodata)
 *(.rodata.*)
 .rodata.str1.1
                0x0000000003803c68        0xf build/src/ai_jetson.o
 .rodata.str1.1
                0x0000000003803c77       0xd0 build/src/dashboard.o
 .rodata.str1.1
                0x0000000003803d47       0x71 build/src/main.o
 .rodata.str1.1
                0x0000000003803db8       0x2e /Applications/VEXcode Pro V5.app/Contents/Resources/sdk/vexv5/libv5rt.a(v5_startup.c.obj)
 *fill*         0x0000000003803de6        0x2 
 .rodata._ZN3vex6yellowE
                0x0000000003803de8        0x4 /Applications/VEXcode Pro V5.app/Contents/Resources/sdk/vexv5/libv5rt.a(vex_global.cpp.obj)
                0x0000000003803de8                vex::yellow
 .rodata._ZN3vex5whiteE
                0x0000000003803dec        0x4 /Applications/VEXcode Pro V5.app/Contents/Resources/sdk/vexv5/libv5rt.a(vex_global.cpp.obj)
                0x0000000003803dec                vex::white
 .rodata._ZN3vex5blackE
                0x0000000003803df0        0x4 /Applications/VEXcode Pro V5.app/Contents/Resources/sdk/vexv5/libv5rt.a(vex_global.cpp.obj)
                0x0000000003803df0                vex::black
 .rodata._ZN3vex6PORT22E
                0x0000000003803df4        0x4 /Applications/VEXcode Pro V5.app/Contents/Resources/sdk/vexv5/libv5rt.a(vex_global.cpp.obj)
                0x0000000003803df4                vex::PORT22
 .rodata._ZN3vex6mono12E
                0x0000000003803df8        0x4 /Applications/VEXcode Pro V5.app/Contents/Resources/sdk/vexv5/libv5rt.a(vex_global.cpp.obj)
                0x0000000003803df8                vex::mono12
 .rodata._ZN3vex6mono15E
                0x0000000003803dfc        0x4 /Applications/VEXcode Pro V5.app/Contents/Resources/sdk/vexv5/libv5rt.a(vex_global.cpp.obj)
                0x0000000003803dfc                vex::mono15
 .rodata._ZTVN3vex5motorE
                0x0000000003803e00       0x18 /Applications/VEXcode Pro V5.app/Contents/Resources/sdk/vexv5/libv5rt.a(vex_motor.cpp.obj)
                0x0000000003803e00                vtable for vex::motor
 .rodata.str1.1
                0x0000000003803e18       0x14 /Applications/VEXcode Pro V5.app/Contents/Resources/sdk/vexv5/libv5rt.a(vex_thread.cpp.obj)
 .rodata.str1.1
                0x0000000003803e2c       0x2d /Applications/VEXcode Pro V5.app/Contents/Resources/sdk/vexv5/libv5rt.a(vex_brain.cpp.obj)
 *fill*         0x0000000003803e59        0x7 
 .rodata._ZTVN3vex7triportE
                0x0000000003803e60       0x18 /Applications/VEXcode Pro V5.app/Contents/Resources/sdk/vexv5/libv5rt.a(vex_triport.cpp.obj)
                0x0000000003803e60                vtable for vex::triport
 .rodata._ZTVN3vex7vexlinkE
                0x0000000003803e78       0x18 /Applications/VEXcode Pro V5.app/Contents/Resources/sdk/vexv5/libv5rt.a(vex_vexlink.cpp.obj)
                0x0000000003803e78                vtable for vex::vexlink
 .rodata._ZTVN3vex12message_linkE
                0x0000000003803e90       0x18 /Applications/VEXcode Pro V5.app/Contents/Resources/sdk/vexv5/libv5rt.a(vex_vexlink.cpp.obj)
                0x0000000003803e90                vtable for vex::message_link
 .rodata._ZTVN3vex6deviceE
                0x0000000003803ea8       0x18 /Applications/VEXcode Pro V5.app/Contents/Resources/sdk/vexv5/libv5rt.a(vex_device.cpp.obj)
                0x0000000003803ea8                vtable for vex::device
 .rodata.str1.1
                0x0000000003803ec0       0x14 /Applications/VEXcode Pro V5.app/Contents/Resources/sdk/vexv5/libv5rt.a(vex_task.cpp.obj)
 .rodata.str1.4
                0x0000000003803ed4        0x4 /Applications/VEXcode Pro V5.app/Contents/Resources/sdk/vexv5/gcc/libs/libc.a(lib_a-impure.o)
                                          0x2 (size before relaxing)
 *(.gnu.linkonce.r.*)
                0x0000000003803ed8                __rodata_end = .

.rodata1        0x0000000003803ed8        0x0
                0x0000000003803ed8                __rodata1_start = .
 *(.rodata1)
 *(.rodata1.*)
                0x0000000003803ed8                __rodata1_end = .

.sdata2         0x0000000003803ed8        0x0
                0x0000000003803ed8                __sdata2_start = .
 *(.sdata2)
 *(.sdata2.*)
 *(.gnu.linkonce.s2.*)
                0x0000000003803ed8                __sdata2_end = .

.sbss2          0x0000000003803ed8        0x0
                0x0000000003803ed8                __sbss2_start = .
 *(.sbss2)
 *(.sbss2.*)
 *(.gnu.linkonce.sb2.*)
                0x0000000003803ed8                __sbss2_end = .

.data           0x0000000003803ed8      0x44c
                0x0000000003803ed8                __data_start = .
 *(.data)
 *(.data.*)
 .data._ZZN2ai6jetson11request_mapEvE3msg
                0x0000000003803ed8        0xd build/src/ai_jetson.o
 *fill*         0x0000000003803ee5        0x3 
 .data.appRunning
                0x0000000003803ee8        0x4 /Applications/VEXcode Pro V5.app/Contents/Resources/sdk/vexv5/libv5rt.a(v5_startup.c.obj)
                0x0000000003803ee8                appRunning
 .data.__yoff   0x0000000003803eec        0x4 /Applications/VEXcode Pro V5.app/Contents/Resources/sdk/vexv5/libv5rt.a(v5_apijump.c.obj)
 .data._ZN3vex24__default_motor_velocityE
                0x0000000003803ef0        0x4 /Applications/VEXcode Pro V5.app/Contents/Resources/sdk/vexv5/libv5rt.a(vex_motor.cpp.obj)
                0x0000000003803ef0                vex::__default_motor_velocity
 *fill*         0x0000000003803ef4        0x4 
 .data.impure_data
                0x0000000003803ef8      0x428 /Applications/VEXcode Pro V5.app/Contents/Resources/sdk/vexv5/gcc/libs/libc.a(lib_a-impure.o)
 .data._impure_ptr
                0x0000000003804320        0x4 /Applications/VEXcode Pro V5.app/Contents/Resources/sdk/vexv5/gcc/libs/libc.a(lib_a-impure.o)
                0x0000000003804320                _impure_ptr
 *(.gnu.linkonce.d.*)
 *(.jcr)
 *(.got)
 *(.got.plt)
                0x0000000003804324                __data_end = .

.igot.plt       0x0000000003804324        0x0
 .igot.plt      0x0000000003804324        0x0 build/src/ai_jetson.o

.data1          0x0000000003804324        0x0
                0x0000000003804324                __data1_start = .
 *(.data1)
 *(.data1.*)
                0x0000000003804324                __data1_end = .

.got
 *(.got)

.ctors          0x0000000003804324        0x0
                0x0000000003804324                __CTOR_LIST__ = .
                0x0000000003804324                ___CTORS_LIST___ = .
 *crtbegin.o(.ctors)
 *(EXCLUDE_FILE(*crtend.o) .ctors)
 *(SORT_BY_NAME(.ctors.*))
 *(.ctors)
                0x0000000003804324                __CTOR_END__ = .
                0x0000000003804324                ___CTORS_END___ = .

.dtors          0x0000000003804324        0x0
                0x0000000003804324                __DTOR_LIST__ = .
                0x0000000003804324                ___DTORS_LIST___ = .
 *crtbegin.o(.dtors)
 *(EXCLUDE_FILE(*crtend.o) .dtors)
 *(SORT_BY_NAME(.dtors.*))
 *(.dtors)
                0x0000000003804324                __DTOR_END__ = .
                0x0000000003804324                ___DTORS_END___ = .

.fixup          0x0000000003804324        0x0
                0x0000000003804324                __fixup_start = .
 *(.fixup)
                0x0000000003804324                __fixup_end = .

.eh_frame
 *(.eh_frame)

.eh_framehdr    0x0000000003804324        0x0
                0x0000000003804324                __eh_framehdr_start = .
 *(.eh_framehdr)
                0x0000000003804324                __eh_framehdr_end = .

.gcc_except_table
 *(.gcc_except_table)

.mmu_tbl        0x0000000003808000        0x0
                0x0000000003808000                __mmu_tbl_start = .
 *(.mmu_tbl)
                0x0000000003808000                __mmu_tbl_end = .

.ARM.exidx      0x0000000003804324        0x8
                0x0000000003804324                __exidx_start = .
 *(.ARM.exidx*)
 .ARM.exidx.text._ZN2ai6jetsonC2Ev
                0x0000000003804324        0x8 build/src/ai_jetson.o
 .ARM.exidx.text._ZN2ai6jetson12receive_taskEPv
                0x000000000380432c        0x0 build/src/ai_jetson.o
                                          0x8 (size before relaxing)
 .ARM.exidx.text._ZN2ai6jetsonD2Ev
                0x000000000380432c        0x0 build/src/ai_jetson.o
                                          0x8 (size before relaxing)
 .ARM.exidx.text._ZN2ai6jetson11get_packetsEv
                0x000000000380432c        0x0 build/src/ai_jetson.o
                                          0x8 (size before relaxing)
 .ARM.exidx.text._ZN2ai6jetson10get_errorsEv
                0x000000000380432c        0x0 build/src/ai_jetson.o
                                          0x8 (size before relaxing)
 .ARM.exidx.text._ZN2ai6jetson12get_timeoutsEv
                0x000000000380432c        0x0 build/src/ai_jetson.o
                                          0x8 (size before relaxing)
 .ARM.exidx.text._ZN2ai6jetson9get_totalEv
                0x000000000380432c        0x0 build/src/ai_jetson.o
                                          0x8 (size before relaxing)
 .ARM.exidx.text._ZN2ai6jetson8get_dataEP10MAP_RECORD
                0x000000000380432c        0x0 build/src/ai_jetson.o
                                          0x8 (size before relaxing)
 .ARM.exidx.text._ZN2ai6jetson5crc32EPhmm
                0x000000000380432c        0x0 build/src/ai_jetson.o
                                          0x8 (size before relaxing)
 .ARM.exidx.text._ZN2ai6jetson5parseEh
                0x000000000380432c        0x0 build/src/ai_jetson.o
                                          0x8 (size before relaxing)
 .ARM.exidx.text._ZN2ai6jetson11request_mapEv
                0x000000000380432c        0x0 build/src/ai_jetson.o
                                          0x8 (size before relaxing)
 .ARM.exidx.text._Z13dashboardTaskv
                0x000000000380432c        0x0 build/src/dashboard.o
                                          0x8 (size before relaxing)
 .ARM.exidx.text._ZN7indexerC2Ev
                0x000000000380432c        0x0 build/src/indexer.o
                                          0x8 (size before relaxing)
 .ARM.exidx.text._ZN6intakeC2Ev
                0x000000000380432c        0x0 build/src/intake.o
                                          0x8 (size before relaxing)
 .ARM.exidx.text._ZN9tankDriveD2Ev
                0x000000000380432c        0x0 build/src/main.o
                                          0x8 (size before relaxing)
 .ARM.exidx.text._ZN6intakeD2Ev
                0x000000000380432c        0x0 build/src/main.o
                                          0x8 (size before relaxing)
 .ARM.exidx.text._ZN7indexerD2Ev
                0x000000000380432c        0x0 build/src/main.o
                                          0x8 (size before relaxing)
 .ARM.exidx.text._Z4playv
                0x000000000380432c        0x0 build/src/main.o
                                          0x8 (size before relaxing)
 .ARM.exidx.text._Z3runv
                0x000000000380432c        0x0 build/src/main.o
                                          0x8 (size before relaxing)
 .ARM.exidx.text._Z11receiveDemoPKcS0_d
                0x000000000380432c        0x0 build/src/main.o
                                          0x8 (size before relaxing)
 .ARM.exidx.text.main
                0x000000000380432c        0x0 build/src/main.o
                                          0x8 (size before relaxing)
 .ARM.exidx.text._GLOBAL__sub_I_main.cpp
                0x000000000380432c        0x0 build/src/main.o
                                          0x8 (size before relaxing)
 .ARM.exidx.text._Z11vexcodeInitv
                0x000000000380432c        0x0 build/src/robot-config.o
                                          0x8 (size before relaxing)
 .ARM.exidx.text._GLOBAL__sub_I_robot_config.cpp
                0x000000000380432c        0x0 build/src/robot-config.o
                                          0x8 (size before relaxing)
 .ARM.exidx.text._ZN9tankDriveC2Ev
                0x000000000380432c        0x0 build/src/tankDrive.o
                                          0x8 (size before relaxing)
 .ARM.exidx.text._ZN9tankDrive4moveEdddd
                0x000000000380432c        0x0 build/src/tankDrive.o
                                          0x8 (size before relaxing)
 *(.gnu.linkonce.armexidix.*.*)
                0x000000000380432c                __exidx_end = .

.rel.dyn        0x000000000380432c        0x0
 .rel.iplt      0x000000000380432c        0x0 build/src/ai_jetson.o

.preinit_array  0x000000000380432c        0x0
                0x000000000380432c                __preinit_array_start = .
 *(SORT_BY_NAME(.preinit_array.*))
 *(.preinit_array)
                0x000000000380432c                __preinit_array_end = .

.init_array     0x000000000380432c       0x10
                0x000000000380432c                __init_array_start = .
 *(SORT_BY_NAME(.init_array.*))
 *(.init_array)
 .init_array    0x000000000380432c        0x4 build/src/main.o
 .init_array    0x0000000003804330        0x4 build/src/robot-config.o
 .init_array    0x0000000003804334        0x4 /Applications/VEXcode Pro V5.app/Contents/Resources/sdk/vexv5/libv5rt.a(vex_triport.cpp.obj)
 .init_array    0x0000000003804338        0x4 /Applications/VEXcode Pro V5.app/Contents/Resources/sdk/vexv5/libv5rt.a(vex_color.cpp.obj)
                0x000000000380433c                __init_array_end = .

.fini_array     0x000000000380433c        0x0
                0x000000000380433c                __fini_array_start = .
 *(SORT_BY_NAME(.fini_array.*))
 *(.fini_array)
                0x000000000380433c                __fini_array_end = .

.ARM.attributes
                0x000000000380433c       0x3c
                0x000000000380433c                __ARM.attributes_start = .
 *(.ARM.attributes)
 .ARM.attributes
                0x000000000380433c       0x3a build/src/ai_jetson.o
 .ARM.attributes
                0x0000000003804376       0x3a build/src/dashboard.o
 .ARM.attributes
                0x00000000038043b0       0x3a build/src/indexer.o
 .ARM.attributes
                0x00000000038043ea       0x3a build/src/intake.o
 .ARM.attributes
                0x0000000003804424       0x3a build/src/main.o
 .ARM.attributes
                0x000000000380445e       0x3a build/src/robot-config.o
 .ARM.attributes
                0x0000000003804498       0x3a build/src/tankDrive.o
 .ARM.attributes
                0x00000000038044d2       0x35 /Applications/VEXcode Pro V5.app/Contents/Resources/sdk/vexv5/libv5rt.a(v5_startup.c.obj)
 .ARM.attributes
                0x0000000003804507       0x35 /Applications/VEXcode Pro V5.app/Contents/Resources/sdk/vexv5/libv5rt.a(v5_util.c.obj)
 .ARM.attributes
                0x000000000380453c       0x35 /Applications/VEXcode Pro V5.app/Contents/Resources/sdk/vexv5/libv5rt.a(v5_apijump.c.obj)
 .ARM.attributes
                0x0000000003804571       0x35 /Applications/VEXcode Pro V5.app/Contents/Resources/sdk/vexv5/libv5rt.a(v5_apiversions.c.obj)
 .ARM.attributes
                0x00000000038045a6       0x35 /Applications/VEXcode Pro V5.app/Contents/Resources/sdk/vexv5/libv5rt.a(vex_global.cpp.obj)
 .ARM.attributes
                0x00000000038045db       0x35 /Applications/VEXcode Pro V5.app/Contents/Resources/sdk/vexv5/libv5rt.a(vex_motor.cpp.obj)
 .ARM.attributes
                0x0000000003804610       0x35 /Applications/VEXcode Pro V5.app/Contents/Resources/sdk/vexv5/libv5rt.a(vex_thread.cpp.obj)
 .ARM.attributes
                0x0000000003804645       0x35 /Applications/VEXcode Pro V5.app/Contents/Resources/sdk/vexv5/libv5rt.a(vex_brain.cpp.obj)
 .ARM.attributes
                0x000000000380467a       0x35 /Applications/VEXcode Pro V5.app/Contents/Resources/sdk/vexv5/libv5rt.a(vex_competition.cpp.obj)
 .ARM.attributes
                0x00000000038046af       0x35 /Applications/VEXcode Pro V5.app/Contents/Resources/sdk/vexv5/libv5rt.a(vex_triport.cpp.obj)
 .ARM.attributes
                0x00000000038046e4       0x35 /Applications/VEXcode Pro V5.app/Contents/Resources/sdk/vexv5/libv5rt.a(vex_color.cpp.obj)
 .ARM.attributes
                0x0000000003804719       0x35 /Applications/VEXcode Pro V5.app/Contents/Resources/sdk/vexv5/libv5rt.a(vex_timer.cpp.obj)
 .ARM.attributes
                0x000000000380474e       0x35 /Applications/VEXcode Pro V5.app/Contents/Resources/sdk/vexv5/libv5rt.a(vex_vexlink.cpp.obj)
 .ARM.attributes
                0x0000000003804783       0x35 /Applications/VEXcode Pro V5.app/Contents/Resources/sdk/vexv5/libv5rt.a(v5_apiuser.c.obj)
 .ARM.attributes
                0x00000000038047b8       0x35 /Applications/VEXcode Pro V5.app/Contents/Resources/sdk/vexv5/libv5rt.a(vex_device.cpp.obj)
 .ARM.attributes
                0x00000000038047ed       0x35 /Applications/VEXcode Pro V5.app/Contents/Resources/sdk/vexv5/libv5rt.a(vex_task.cpp.obj)
 .ARM.attributes
                0x0000000003804822       0x35 /Applications/VEXcode Pro V5.app/Contents/Resources/sdk/vexv5/libv5rt.a(vex_event.cpp.obj)
 .ARM.attributes
                0x0000000003804857       0x35 /Applications/VEXcode Pro V5.app/Contents/Resources/sdk/vexv5/libv5rt.a(vex_mevent.cpp.obj)
 .ARM.attributes
                0x000000000380488c       0x2b /Applications/VEXcode Pro V5.app/Contents/Resources/sdk/vexv5/gcc/libs/libc.a(lib_a-aeabi_memcpy.o)
 .ARM.attributes
                0x00000000038048b7       0x2b /Applications/VEXcode Pro V5.app/Contents/Resources/sdk/vexv5/gcc/libs/libc.a(lib_a-fini.o)
 .ARM.attributes
                0x00000000038048e2       0x2b /Applications/VEXcode Pro V5.app/Contents/Resources/sdk/vexv5/gcc/libs/libc.a(lib_a-fprintf.o)
 .ARM.attributes
                0x000000000380490d       0x2b /Applications/VEXcode Pro V5.app/Contents/Resources/sdk/vexv5/gcc/libs/libc.a(lib_a-impure.o)
 .ARM.attributes
                0x0000000003804938       0x2b /Applications/VEXcode Pro V5.app/Contents/Resources/sdk/vexv5/gcc/libs/libc.a(lib_a-init.o)
 .ARM.attributes
                0x0000000003804963       0x2b /Applications/VEXcode Pro V5.app/Contents/Resources/sdk/vexv5/gcc/libs/libc.a(lib_a-memcpy.o)
                0x000000000380498e                __ARM.attributes_end = .

.sdata          0x000000000380433c        0x0
                0x000000000380433c                __sdata_start = .
 *(.sdata)
 *(.sdata.*)
 *(.gnu.linkonce.s.*)
                0x000000000380433c                __sdata_end = .

.sbss           0x000000000380433c        0x0
                0x000000000380433c                __sbss_start = .
 *(.sbss)
 *(.sbss.*)
 *(.gnu.linkonce.sb.*)
                0x000000000380433c                __sbss_end = .

.tdata          0x000000000380433c        0x0
                0x000000000380433c                __tdata_start = .
 *(.tdata)
 *(.tdata.*)
 *(.gnu.linkonce.td.*)
                0x000000000380433c                __tdata_end = .

.tbss           0x000000000380433c        0x0
                0x000000000380433c                __tbss_start = .
 *(.tbss)
 *(.tbss.*)
 *(.gnu.linkonce.tb.*)
                0x000000000380433c                __tbss_end = .

.bss            0x0000000003804340     0x5615
                0x0000000003804340                __bss_start = .
 *(.bss)
 *(.bss.*)
 .bss._ZN2ai6jetson12_crc32_tableE
                0x0000000003804340      0x400 build/src/ai_jetson.o
                0x0000000003804340                ai::jetson::_crc32_table
 .bss._ZZL15dashboardJetsoniiiiE9last_data
                0x0000000003804740        0x4 build/src/dashboard.o
 .bss._ZZL15dashboardJetsoniiiiE12last_packets
                0x0000000003804744        0x4 build/src/dashboard.o
 .bss._ZZL15dashboardJetsoniiiiE10total_data
                0x0000000003804748        0x4 build/src/dashboard.o
 .bss._ZZL15dashboardJetsoniiiiE13total_packets
                0x000000000380474c        0x4 build/src/dashboard.o
 .bss._ZZL15dashboardJetsoniiiiE11update_time
                0x0000000003804750        0x4 build/src/dashboard.o
 .bss._ZZL15dashboardJetsoniiiiE9local_map
                0x0000000003804754      0x988 build/src/dashboard.o
 .bss.Competition
                0x00000000038050dc       0x28 build/src/main.o
                0x00000000038050dc                Competition
 .bss.jetson_comms
                0x0000000003805104     0x19c0 build/src/main.o
                0x0000000003805104                jetson_comms
 *fill*         0x0000000003806ac4        0x4 
 .bss.linkA     0x0000000003806ac8     0x1ce8 build/src/main.o
                0x0000000003806ac8                linkA
 .bss.tank      0x00000000038087b0       0xa8 build/src/main.o
                0x00000000038087b0                tank
 .bss.intake    0x0000000003808858       0x24 build/src/main.o
                0x0000000003808858                intake
 .bss.indexer   0x000000000380887c       0x24 build/src/main.o
                0x000000000380887c                indexer
 .bss.fp        0x00000000038088a0        0x4 build/src/main.o
                0x00000000038088a0                fp
 .bss._ZZ3runvE9local_map
                0x00000000038088a4      0x988 build/src/main.o
 .bss.Brain     0x000000000380922c      0x2bc build/src/robot-config.o
                0x000000000380922c                Brain
 .bss.__dso_handle
                0x00000000038094e8        0x4 /Applications/VEXcode Pro V5.app/Contents/Resources/sdk/vexv5/libv5rt.a(v5_startup.c.obj)
                0x00000000038094e8                __dso_handle
 .bss._ZN3vex6thread8_labelIdE
                0x00000000038094ec        0x4 /Applications/VEXcode Pro V5.app/Contents/Resources/sdk/vexv5/libv5rt.a(vex_thread.cpp.obj)
                0x00000000038094ec                vex::thread::_labelId
 .bss._ZN3vex11competition22bStopTasksBetweenModesE
                0x00000000038094f0        0x1 /Applications/VEXcode Pro V5.app/Contents/Resources/sdk/vexv5/libv5rt.a(vex_competition.cpp.obj)
                0x00000000038094f0                vex::competition::bStopTasksBetweenModes
 .bss._ZN3vex11competition15_driver_pendingE
                0x00000000038094f1        0x1 /Applications/VEXcode Pro V5.app/Contents/Resources/sdk/vexv5/libv5rt.a(vex_competition.cpp.obj)
                0x00000000038094f1                vex::competition::_driver_pending
 .bss._ZN3vex11competition14_auton_pendingE
                0x00000000038094f2        0x1 /Applications/VEXcode Pro V5.app/Contents/Resources/sdk/vexv5/libv5rt.a(vex_competition.cpp.obj)
                0x00000000038094f2                vex::competition::_auton_pending
 *fill*         0x00000000038094f3        0x1 
 .bss._ZN3vex11competition23_drivercontrol_callbackE
                0x00000000038094f4        0x4 /Applications/VEXcode Pro V5.app/Contents/Resources/sdk/vexv5/libv5rt.a(vex_competition.cpp.obj)
                0x00000000038094f4                vex::competition::_drivercontrol_callback
 .bss._ZN3vex11competition20_autonomous_callbackE
                0x00000000038094f8        0x4 /Applications/VEXcode Pro V5.app/Contents/Resources/sdk/vexv5/libv5rt.a(vex_competition.cpp.obj)
                0x00000000038094f8                vex::competition::_autonomous_callback
 .bss._ZN3vex11competition25bStopAllTasksBetweenModesE
                0x00000000038094fc        0x1 /Applications/VEXcode Pro V5.app/Contents/Resources/sdk/vexv5/libv5rt.a(vex_competition.cpp.obj)
                0x00000000038094fc                vex::competition::bStopAllTasksBetweenModes
 .bss._ZStL8__ioinit
                0x00000000038094fd        0x1 /Applications/VEXcode Pro V5.app/Contents/Resources/sdk/vexv5/libv5rt.a(vex_triport.cpp.obj)
 *fill*         0x00000000038094fe        0x2 
 .bss._ZN3vex5color6orangeE
                0x0000000003809500        0x8 /Applications/VEXcode Pro V5.app/Contents/Resources/sdk/vexv5/libv5rt.a(vex_color.cpp.obj)
                0x0000000003809500                vex::color::orange
 .bss._ZN3vex5color5blackE
                0x0000000003809508        0x8 /Applications/VEXcode Pro V5.app/Contents/Resources/sdk/vexv5/libv5rt.a(vex_color.cpp.obj)
                0x0000000003809508                vex::color::black
 .bss._ZN3vex5color6yellowE
                0x0000000003809510        0x8 /Applications/VEXcode Pro V5.app/Contents/Resources/sdk/vexv5/libv5rt.a(vex_color.cpp.obj)
                0x0000000003809510                vex::color::yellow
 .bss._ZN3vex5color5greenE
                0x0000000003809518        0x8 /Applications/VEXcode Pro V5.app/Contents/Resources/sdk/vexv5/libv5rt.a(vex_color.cpp.obj)
                0x0000000003809518                vex::color::green
 .bss._ZN3vex5color6purpleE
                0x0000000003809520        0x8 /Applications/VEXcode Pro V5.app/Contents/Resources/sdk/vexv5/libv5rt.a(vex_color.cpp.obj)
                0x0000000003809520                vex::color::purple
 .bss._ZN3vex5color4cyanE
                0x0000000003809528        0x8 /Applications/VEXcode Pro V5.app/Contents/Resources/sdk/vexv5/libv5rt.a(vex_color.cpp.obj)
                0x0000000003809528                vex::color::cyan
 .bss._ZN3vex5color4blueE
                0x0000000003809530        0x8 /Applications/VEXcode Pro V5.app/Contents/Resources/sdk/vexv5/libv5rt.a(vex_color.cpp.obj)
                0x0000000003809530                vex::color::blue
 .bss._ZN3vex5color3redE
                0x0000000003809538        0x8 /Applications/VEXcode Pro V5.app/Contents/Resources/sdk/vexv5/libv5rt.a(vex_color.cpp.obj)
                0x0000000003809538                vex::color::red
 .bss._ZN3vex5color11transparentE
                0x0000000003809540        0x8 /Applications/VEXcode Pro V5.app/Contents/Resources/sdk/vexv5/libv5rt.a(vex_color.cpp.obj)
                0x0000000003809540                vex::color::transparent
 .bss._ZN3vex5color5whiteE
                0x0000000003809548        0x8 /Applications/VEXcode Pro V5.app/Contents/Resources/sdk/vexv5/libv5rt.a(vex_color.cpp.obj)
                0x0000000003809548                vex::color::white
 .bss._ZN3vex7vexlink12_crc32_tableE
                0x0000000003809550      0x400 /Applications/VEXcode Pro V5.app/Contents/Resources/sdk/vexv5/libv5rt.a(vex_vexlink.cpp.obj)
                0x0000000003809550                vex::vexlink::_crc32_table
 .bss._ZN3vex4task8_labelIdE
                0x0000000003809950        0x4 /Applications/VEXcode Pro V5.app/Contents/Resources/sdk/vexv5/libv5rt.a(vex_task.cpp.obj)
                0x0000000003809950                vex::task::_labelId
 *(.gnu.linkonce.b.*)
 *(COMMON)
 COMMON         0x0000000003809954        0x1 /Applications/VEXcode Pro V5.app/Contents/Resources/sdk/vexv5/libv5rt.a(v5_startup.c.obj)
                0x0000000003809954                __vex_critical_section
                0x0000000003809955                __bss_end = .
                0x000000000380433c                _SDA_BASE_ = (__sdata_start + ((__sbss_end - __sdata_start) / 0x2))
                0x0000000003803ed8                _SDA2_BASE_ = (__sdata2_start + ((__sbss2_end - __sdata2_start) / 0x2))

.heap           0x0000000003809955   0x10000b
                0x0000000003809960                . = ALIGN (0x10)
 *fill*         0x0000000003809955        0xb 
                0x0000000003809960                _heap = .
                0x0000000003809960                HeapBase = .
                0x0000000003809960                _heap_start = .
                0x0000000003909960                . = (. + _HEAP_SIZE)
 *fill*         0x0000000003809960   0x100000 
                0x0000000003909960                _heap_end = .
                0x0000000003909960                HeapLimit = .

.stack          0x0000000003909960     0x3800
                0x0000000003909960                . = ALIGN (0x10)
                0x0000000003909960                _stack_end = .
                0x000000000390b960                . = (. + _STACK_SIZE)
 *fill*         0x0000000003909960     0x2000 
                0x000000000390b960                . = ALIGN (0x10)
                0x000000000390b960                _stack = .
                0x000000000390b960                __stack = _stack
                0x000000000390b960                . = ALIGN (0x10)
                0x000000000390b960                _irq_stack_end = .
                0x000000000390bd60                . = (. + _IRQ_STACK_SIZE)
 *fill*         0x000000000390b960      0x400 
                0x000000000390bd60                . = ALIGN (0x10)
                0x000000000390bd60                __irq_stack = .
                0x000000000390bd60                _supervisor_stack_end = .
                0x000000000390c560                . = (. + _SUPERVISOR_STACK_SIZE)
 *fill*         0x000000000390bd60      0x800 
                0x000000000390c560                . = ALIGN (0x10)
                0x000000000390c560                __supervisor_stack = .
                0x000000000390c560                _abort_stack_end = .
                0x000000000390c960                . = (. + _ABORT_STACK_SIZE)
 *fill*         0x000000000390c560      0x400 
                0x000000000390c960                . = ALIGN (0x10)
                0x000000000390c960                __abort_stack = .
                0x000000000390c960                _fiq_stack_end = .
                0x000000000390cd60                . = (. + _FIQ_STACK_SIZE)
 *fill*         0x000000000390c960      0x400 
                0x000000000390cd60                . = ALIGN (0x10)
                0x000000000390cd60                __fiq_stack = .
                0x000000000390cd60                _undef_stack_end = .
                0x000000000390d160                . = (. + _UNDEF_STACK_SIZE)
 *fill*         0x000000000390cd60      0x400 
                0x000000000390d160                . = ALIGN (0x10)
                0x000000000390d160                __undef_stack = .
                0x000000000390d160                _end = .
LOAD /Applications/VEXcode Pro V5.app/Contents/Resources/sdk/vexv5/stdlib_0.lib
LOAD build/src/ai_jetson.o
LOAD build/src/dashboard.o
LOAD build/src/indexer.o
LOAD build/src/intake.o
LOAD build/src/main.o
LOAD build/src/robot-config.o
LOAD build/src/tankDrive.o
START GROUP
LOAD /Applications/VEXcode Pro V5.app/Contents/Resources/sdk/vexv5/libv5rt.a
LOAD /Applications/VEXcode Pro V5.app/Contents/Resources/sdk/vexv5/gcc/libs/libstdc++.a
LOAD /Applications/VEXcode Pro V5.app/Contents/Resources/sdk/vexv5/gcc/libs/libc.a
LOAD /Applications/VEXcode Pro V5.app/Contents/Resources/sdk/vexv5/gcc/libs/libm.a
LOAD /Applications/VEXcode Pro V5.app/Contents/Resources/sdk/vexv5/gcc/libs/libgcc.a
END GROUP
OUTPUT(build/VEXAI2021.elf elf32-littlearm)

.comment        0x0000000000000000       0x9d
 .comment       0x0000000000000000       0x2d build/src/ai_jetson.o
                                         0x2e (size before relaxing)
 .comment       0x000000000000002d       0x2e build/src/dashboard.o
 .comment       0x000000000000002d       0x2e build/src/indexer.o
 .comment       0x000000000000002d       0x2e build/src/intake.o
 .comment       0x000000000000002d       0x2e build/src/main.o
 .comment       0x000000000000002d       0x2e build/src/robot-config.o
 .comment       0x000000000000002d       0x2e build/src/tankDrive.o
 .comment       0x000000000000002d       0x70 /Applications/VEXcode Pro V5.app/Contents/Resources/sdk/vexv5/libv5rt.a(v5_startup.c.obj)
                                         0x71 (size before relaxing)
 .comment       0x000000000000009d       0x71 /Applications/VEXcode Pro V5.app/Contents/Resources/sdk/vexv5/libv5rt.a(v5_util.c.obj)
 .comment       0x000000000000009d       0x71 /Applications/VEXcode Pro V5.app/Contents/Resources/sdk/vexv5/libv5rt.a(v5_apijump.c.obj)
 .comment       0x000000000000009d       0x71 /Applications/VEXcode Pro V5.app/Contents/Resources/sdk/vexv5/libv5rt.a(v5_apiversions.c.obj)
 .comment       0x000000000000009d       0x71 /Applications/VEXcode Pro V5.app/Contents/Resources/sdk/vexv5/libv5rt.a(vex_global.cpp.obj)
 .comment       0x000000000000009d       0x71 /Applications/VEXcode Pro V5.app/Contents/Resources/sdk/vexv5/libv5rt.a(vex_motor.cpp.obj)
 .comment       0x000000000000009d       0x71 /Applications/VEXcode Pro V5.app/Contents/Resources/sdk/vexv5/libv5rt.a(vex_thread.cpp.obj)
 .comment       0x000000000000009d       0x71 /Applications/VEXcode Pro V5.app/Contents/Resources/sdk/vexv5/libv5rt.a(vex_brain.cpp.obj)
 .comment       0x000000000000009d       0x71 /Applications/VEXcode Pro V5.app/Contents/Resources/sdk/vexv5/libv5rt.a(vex_competition.cpp.obj)
 .comment       0x000000000000009d       0x71 /Applications/VEXcode Pro V5.app/Contents/Resources/sdk/vexv5/libv5rt.a(vex_triport.cpp.obj)
 .comment       0x000000000000009d       0x71 /Applications/VEXcode Pro V5.app/Contents/Resources/sdk/vexv5/libv5rt.a(vex_color.cpp.obj)
 .comment       0x000000000000009d       0x71 /Applications/VEXcode Pro V5.app/Contents/Resources/sdk/vexv5/libv5rt.a(vex_timer.cpp.obj)
 .comment       0x000000000000009d       0x71 /Applications/VEXcode Pro V5.app/Contents/Resources/sdk/vexv5/libv5rt.a(vex_vexlink.cpp.obj)
 .comment       0x000000000000009d       0x71 /Applications/VEXcode Pro V5.app/Contents/Resources/sdk/vexv5/libv5rt.a(v5_apiuser.c.obj)
 .comment       0x000000000000009d       0x71 /Applications/VEXcode Pro V5.app/Contents/Resources/sdk/vexv5/libv5rt.a(vex_device.cpp.obj)
 .comment       0x000000000000009d       0x71 /Applications/VEXcode Pro V5.app/Contents/Resources/sdk/vexv5/libv5rt.a(vex_task.cpp.obj)
 .comment       0x000000000000009d       0x71 /Applications/VEXcode Pro V5.app/Contents/Resources/sdk/vexv5/libv5rt.a(vex_event.cpp.obj)
 .comment       0x000000000000009d       0x71 /Applications/VEXcode Pro V5.app/Contents/Resources/sdk/vexv5/libv5rt.a(vex_mevent.cpp.obj)

.note.GNU-stack
                0x0000000000000000        0x0
 .note.GNU-stack
                0x0000000000000000        0x0 build/src/ai_jetson.o
 .note.GNU-stack
                0x0000000000000000        0x0 build/src/dashboard.o
 .note.GNU-stack